Archive member included because of file (symbol)

..\..\libraries\libcsrmesh.a(csr_mesh.o)
                              depend_Release_CSR101x_A05\csr_mesh_light.o (CSRmeshRegisterAppCallback)
..\..\libraries\libcsrmesh.a(csr_mesh_ps_ifce.o)
                              ..\..\libraries\libcsrmesh.a(csr_mesh.o) (___libcsrmesh_479)
..\..\libraries\libcsrmesh.a(csr_mesh_bearer.o)
                              ..\..\libraries\libcsrmesh.a(csr_mesh.o) (___libcsrmesh_497)
..\..\libraries\libcsrmesh.a(csr_mesh_bearer_porting.o)
                              ..\..\libraries\libcsrmesh.a(csr_mesh_bearer.o) (g_le_bearer_data)
..\..\libraries\libcsrmesh.a(csr_mesh_bearer_porting_util.o)
                              ..\..\libraries\libcsrmesh.a(csr_mesh_bearer_porting.o) (___libcsrmesh_274)
..\..\libraries\libcsrmesh.a(csr_mesh_nvm.o)
                              ..\..\libraries\libcsrmesh.a(csr_mesh_ps_ifce.o) (___libcsrmesh_309)
..\..\libraries\libcsrmesh.a(csr_mesh_masp.o)
                              ..\..\libraries\libcsrmesh.a(csr_mesh.o) (___libcsrmesh_53)
..\..\libraries\libcsrmesh.a(csr_mesh_mcp.o)
                              ..\..\libraries\libcsrmesh.a(csr_mesh.o) (___libcsrmesh_112)
..\..\libraries\libcsrmesh.a(csr_mesh_mtl.o)
                              ..\..\libraries\libcsrmesh.a(csr_mesh.o) (___libcsrmesh_582)
..\..\libraries\libcsrmesh.a(csr_mesh_sha256_hmac.o)
                              ..\..\libraries\libcsrmesh.a(csr_mesh_mtl.o) (___libcsrmesh_435)
..\..\libraries\libcsrmesh.a(csr_mesh_sha256_initialise.o)
                              ..\..\libraries\libcsrmesh.a(csr_mesh_sha256_hmac.o) (___libcsrmesh_330)
..\..\libraries\libcsrmesh.a(csr_mesh_sha256_process_data.o)
                              ..\..\libraries\libcsrmesh.a(csr_mesh_sha256_hmac.o) (___libcsrmesh_336)
..\..\libraries\libcsrmesh.a(csr_mesh_masp_mcp_common.o)
                              ..\..\libraries\libcsrmesh.a(csr_mesh_masp.o) (___libcsrmesh_119)
..\..\libraries\libcsrmesh.a(csr_mesh_hal_ifce.o)
                              ..\..\libraries\libcsrmesh.a(csr_mesh.o) (___libcsrmesh_677)
..\..\libraries\libcsrmesh.a(csr1010_scheduler.o)
                              ..\..\libraries\libcsrmesh.a(csr_mesh_bearer_porting_util.o) (IsCSRSchedRunning)
..\..\libraries\libcsrmesh.a(csr_mesh_bearer_model.o)
                              ..\..\libraries\libcsrmesh.a(csr_mesh_mcp.o) (BearerModelInit)
..\..\libraries\libcsrmesh.a(csr_mesh_security_ifce.o)
                              ..\..\libraries\libcsrmesh.a(csr_mesh_mtl.o) (___libcsrmesh_490)
..\..\libraries\libcsrmesh.a(csr_mesh_security_ifce_101x.o)
                              ..\..\libraries\libcsrmesh.a(csr_mesh_security_ifce.o) (___libcsrmesh_543)
..\..\libraries\libcsrmesh.a(csr_mesh_config_model.o)
                              ..\..\libraries\libcsrmesh.a(csr_mesh_mcp.o) (ConfigModelInit)
..\..\libraries\libcsrmesh.a(csr_mesh_ec_alloc.o)
                              ..\..\libraries\libcsrmesh.a(csr_mesh_masp.o) (___libcsrmesh_402)
..\..\libraries\libcsrmesh.a(csr_mesh_ec_math.o)
                              ..\..\libraries\libcsrmesh.a(csr_mesh_masp.o) (___libcsrmesh_359)
..\..\libraries\libcsrmesh.a(csr_mesh_group_model.o)
                              ..\..\libraries\libcsrmesh.a(csr_mesh_mcp.o) (GroupModelInit)
..\..\libraries\libcsrmesh.a(csr_mesh_large_num.o)
                              ..\..\libraries\libcsrmesh.a(csr_mesh_ec_math.o) (___libcsrmesh_391)
..\..\libraries\libcsrmesh.a(csr_mesh_sha_add_to_cache.o)
                              ..\..\libraries\libcsrmesh.a(csr_mesh_sha256_process_data.o) (___libcsrmesh_316)
..\..\libraries\libcsrmesh.a(csr_mesh_sha256_calc_ith_hash_val.o)
                              ..\..\libraries\libcsrmesh.a(csr_mesh_sha256_process_data.o) (___libcsrmesh_322)
..\..\libraries\libcsrmesh.a(csr_mesh_sha256_get_results.o)
                              ..\..\libraries\libcsrmesh.a(csr_mesh_sha256_hmac.o) (___libcsrmesh_327)
..\..\libraries\liblight_server.a(Light_model.o)
                              depend_Release_CSR101x_A05\app_mesh_event_handler.o (LightState)
..\..\libraries\libpower_server.a(Power_model.o)
                              depend_Release_CSR101x_A05\csr_mesh_light.o (PowerModelInit)
..\..\libraries\libattention_server.a(Attention_model.o)
                              depend_Release_CSR101x_A05\csr_mesh_light.o (AttentionModelInit)
..\..\libraries\libdata_server.a(Data_model.o)
                              depend_Release_CSR101x_A05\app_data_stream.o (DataModelInit)
..\..\libraries\libdata_client.a(Data_client.o)
                              depend_Release_CSR101x_A05\app_data_stream.o (DataStreamSend)
..\..\libraries\libbattery_server.a(Battery_model.o)
                              depend_Release_CSR101x_A05\battery_hw.o (BatteryState)
C:\CSR_uEnergy_SDK-2.5.1\tools\lib\otau\libotau_eeprom.a(csr_ota.o)
                              depend_Release_CSR101x_A05\app_fw_event_handler.o (OtaReset)
[...]
Memory Configuration

Name             Origin             Length             Attributes
*default*        0x00000000         0xffffffff

Linker script and memory map

LOAD depend_Release_CSR101x_A05\app_gatt_db.o
LOAD depend_Release_CSR101x_A05\csr_mesh_light_hw.o
LOAD depend_Release_CSR101x_A05\csr_mesh_light.o
LOAD depend_Release_CSR101x_A05\csr_mesh_light_gatt.o
LOAD depend_Release_CSR101x_A05\csr_mesh_light_util.o
LOAD depend_Release_CSR101x_A05\csr_ota_service.o
LOAD depend_Release_CSR101x_A05\fast_pwm.o
LOAD depend_Release_CSR101x_A05\gap_service.o
LOAD depend_Release_CSR101x_A05\gatt_service.o
LOAD depend_Release_CSR101x_A05\iot_hw.o
LOAD depend_Release_CSR101x_A05\mesh_control_service.o
LOAD depend_Release_CSR101x_A05\nvm_access.o
LOAD depend_Release_CSR101x_A05\app_data_stream.o
LOAD depend_Release_CSR101x_A05\battery_hw.o
LOAD depend_Release_CSR101x_A05\app_fw_event_handler.o
LOAD depend_Release_CSR101x_A05\app_mesh_event_handler.o
LOAD depend_Release_CSR101x_A05\pio_ctrlr_code.o
LOAD ..\..\libraries\libcsrmesh.a
LOAD ..\..\libraries\liblight_server.a
LOAD ..\..\libraries\libpower_server.a
LOAD ..\..\libraries\libattention_server.a
LOAD ..\..\libraries\libdata_server.a
LOAD ..\..\libraries\libdata_client.a
LOAD ..\..\libraries\libbattery_server.a
LOAD C:\CSR_uEnergy_SDK-2.5.1\tools\lib\otau\libotau_eeprom.a
LOAD C:\CSR_uEnergy_SDK-2.5.1\tools\lib\CSR101x_A05\libgatt_lib_ram.a
LOAD C:\CSR_uEnergy_SDK-2.5.1\tools\lib\CSR101x_A05\rom_img.elf
                0x00000000                PROG_RAM_START = 0x0
                0x00008000                PROG_RAM_SIZE = 0x8000
                0x00008000                PROG_ROM_START = 0x8000
                0x00008000                PROG_ROM_SIZE = 0x8000
                0x00002000                DATA_RAM_START = 0x2000
                0x00008000                DATA_RAM_SIZE = 0x8000
                0x000001b0                RADIOBUFS_SIZE = 0x1b0
                0x00000020                WHITELIST_SIZE = 0x20
                0x00000164                RADIODATA_SIZE = 0x164
                0x00000200                USTACK_SIZE = 0x200
                0x00000100                ISTACK_SIZE = 0x100
                0x00009f84                DATA_CSTORE_START = 0x9f84
                0x00000058                CSTORE_SIZE = 0x58
                0x00000004                SLT_SIZE = 0x4
                0x00000020                PRESERVE_SIZE = 0x20
                0x0000a000                DATA_RAM_END = 0xa000
                0x0000a000                DATA_ROM_START = 0xa000
                0x00004000                DATA_ROM_SIZE = 0x4000
                0x0000ef80                DATA_PERSIST_START = 0xef80
                0x00000080                DATA_PERSIST_SIZE = 0x80
                0x00009360                DATA_ROMDATA_START = 0x9360
                0x00000000                PROG_APPCODE_START = 0x0
                0x00006c00                PROG_APPCODE_END = 0x6c00
                0x00008c40                DATA_APPDATA_START = 0x8c40
                0x00008f00                DATA_APPDATA_END = 0x8f00
                0x80000000                $CODE$ = 0x80000000
                0x00000000                $DATA$ = 0x0
                0x0000ffe0                PROVIDE ($XAP_AH, 0xffe0)
                0x0000ffe1                PROVIDE ($XAP_AL, 0xffe1)
                0x0000ffe2                PROVIDE ($XAP_UXH, 0xffe2)
                0x0000ffe3                PROVIDE ($XAP_UXL, 0xffe3)
                0x0000ffe4                PROVIDE ($XAP_UY, 0xffe4)
                0x0000ffe5                PROVIDE ($XAP_IXH, 0xffe5)
                0x0000ffe6                PROVIDE ($XAP_IXL, 0xffe6)
                0x0000ffe7                PROVIDE ($XAP_IY, 0xffe7)
                0x00000008                . = 0x8

.app_ram_init   0x00000008        0x1
 *(RAM_APP_INIT)
 RAM_APP_INIT   0x00000008        0x1 C:\CSR_uEnergy_SDK-2.5.1\tools\lib\CSR101x_A05\libgatt_lib_ram.a(main_ram.o)
                0x00000008                main_ram_app_init

.fw_patch_bitmap
                0x00000009        0x6
 *(FW_PATCH_BITMAP)
 FW_PATCH_BITMAP
                0x00000009        0x6 C:\CSR_uEnergy_SDK-2.5.1\tools\lib\CSR101x_A05\libgatt_lib_ram.a(sw_patch_ram.o)
                0x00000009                patch_bitmap

.fw_patch_table
                0x0000000f        0x1
 *(FW_PATCH_TABLE)
 FW_PATCH_TABLE
                0x0000000f        0x1 C:\CSR_uEnergy_SDK-2.5.1\tools\lib\CSR101x_A05\libgatt_lib_ram.a(sw_patch_ram.o)
                0x0000000f                patch_table
                0x00000010                PROG_APPCODE_START = .

.text           0x00000010     0x54ca load address 0x80000010
 *xap2crt0.o(.text)
 *xap2crt0.o(.text.*)
                0x00000010                PROG_PATCH_ADDRESS = .
 *(.hw_patch)
 .hw_patch      0x00000010      0x158 C:\CSR_uEnergy_SDK-2.5.1\tools\lib\CSR101x_A05\libgatt_lib_ram.a(patch_baldrick.o)
                0x00000010                hw_patch
 *(.text)
 .text          0x00000168       0x6b depend_Release_CSR101x_A05\pio_ctrlr_code.o
                0x00000168                pio_ctrlr_code
 .text          0x000001d3       0x3c C:\CSR_uEnergy_SDK-2.5.1\tools\lib\CSR101x_A05\libgatt_lib_ram.a(sm_ram.o)
                0x00000201                SMDistributeMasterLtk
                0x000001d3                ___libgatt_lib_db_476
                0x000001e3                SMFeaturesReq
 .text          0x0000020f      0x1cf C:\CSR_uEnergy_SDK-2.5.1\tools\lib\CSR101x_A05\libgatt_lib_ram.a(patch_sm.o)
                0x00000244                ___libgatt_lib_db_4591
                0x000002b8                ___libgatt_lib_db_4587
                0x000002a9                ___libgatt_lib_db_4593
                0x0000029f                ___libgatt_lib_db_4589
                0x0000037d                ___libgatt_lib_db_4592
                0x0000032e                ___libgatt_lib_db_4590
                0x000002da                ___libgatt_lib_db_4602
                0x0000020f                ___libgatt_lib_db_4588
 .text          0x000003de        0xf C:\CSR_uEnergy_SDK-2.5.1\tools\lib\CSR101x_A05\libgatt_lib_ram.a(patch_sm_l2cap.o)
                0x000003de                ___libgatt_lib_db_4604
 *(.text.*)
 .text.GattGetDatabase
                0x000003ed        0x8 depend_Release_CSR101x_A05\app_gatt_db.o
                0x000003ed                GattGetDatabase
 .text.getLevelFromCCTLut
                0x000003f5       0x59 depend_Release_CSR101x_A05\csr_mesh_light_hw.o
 .text.LightHardwareGetRGBFromColorTemp
                0x0000044e       0x1c depend_Release_CSR101x_A05\csr_mesh_light_hw.o
                0x0000044e                LightHardwareGetRGBFromColorTemp
 .text.LightHardwareSetBlink
                0x0000046a        0xb depend_Release_CSR101x_A05\csr_mesh_light_hw.o
                0x0000046a                LightHardwareSetBlink
 .text.LightHardwareSetLevel
                0x00000475       0x28 depend_Release_CSR101x_A05\csr_mesh_light_hw.o
                0x00000475                LightHardwareSetLevel
 .text.LightHardwareSetColor
                0x0000049d        0x7 depend_Release_CSR101x_A05\csr_mesh_light_hw.o
                0x0000049d                LightHardwareSetColor
 .text.LightHardwareSetColorTemp
                0x000004a4       0x1e depend_Release_CSR101x_A05\csr_mesh_light_hw.o
                0x000004a4                LightHardwareSetColorTemp
 .text.LightHardwarePowerControl
                0x000004c2        0x2 depend_Release_CSR101x_A05\csr_mesh_light_hw.o
                0x000004c2                LightHardwarePowerControl
 .text.LightHardwareInit
                0x000004c4        0x6 depend_Release_CSR101x_A05\csr_mesh_light_hw.o
                0x000004c4                LightHardwareInit
 .text.HandlePIOEvent
                0x000004ca       0x24 depend_Release_CSR101x_A05\csr_mesh_light_hw.o
                0x000004ca                HandlePIOEvent
 .text.longKeyPressTimeoutHandler
                0x000004ee       0x11 depend_Release_CSR101x_A05\csr_mesh_light_hw.o
 .text.AppProcessLmEvent
                0x000004ff       0x61 depend_Release_CSR101x_A05\csr_mesh_light.o
                0x000004ff                AppProcessLmEvent
 .text.AppProcessSystemEvent
                0x00000560        0xc depend_Release_CSR101x_A05\csr_mesh_light.o
                0x00000560                AppProcessSystemEvent
 .text.AppDataInit
                0x0000056c       0x27 depend_Release_CSR101x_A05\csr_mesh_light.o
                0x0000056c                AppDataInit
 .text.AppSetState
                0x00000593       0x1f depend_Release_CSR101x_A05\csr_mesh_light.o
                0x00000593                AppSetState
 .text.AppInit  0x000005b2       0xbf depend_Release_CSR101x_A05\csr_mesh_light.o
                0x000005b2                AppInit
 .text.GattStopAdverts
                0x00000671        0xc depend_Release_CSR101x_A05\csr_mesh_light_gatt.o
                0x00000671                GattStopAdverts
 .text.csrStoreUserAdvData
                0x0000067d       0x2e depend_Release_CSR101x_A05\csr_mesh_light_gatt.o
 .text.gattSetAdvertData
                0x000006ab       0x67 depend_Release_CSR101x_A05\csr_mesh_light_gatt.o
 .text.GattTriggerConnectableAdverts
                0x00000712       0x4f depend_Release_CSR101x_A05\csr_mesh_light_gatt.o
                0x00000712                GattTriggerConnectableAdverts
 .text.gattAdvertTimerHandler
                0x00000761        0x9 depend_Release_CSR101x_A05\csr_mesh_light_gatt.o
 .text.HandleAccessRead
                0x0000076a       0x37 depend_Release_CSR101x_A05\csr_mesh_light_gatt.o
                0x0000076a                HandleAccessRead
 .text.HandleAccessWrite
                0x000007a1       0x37 depend_Release_CSR101x_A05\csr_mesh_light_gatt.o
                0x000007a1                HandleAccessWrite
 .text.AppPowerOnReset
                0x000007d8        0x1 depend_Release_CSR101x_A05\csr_mesh_light_util.o
                0x000007d8                AppPowerOnReset
 .text.ReportPanic
                0x000007d9        0x3 depend_Release_CSR101x_A05\csr_mesh_light_util.o
                0x000007d9                ReportPanic
 .text.HandleGroupSetMsg
                0x000007dc       0x6e depend_Release_CSR101x_A05\csr_mesh_light_util.o
                0x000007dc                HandleGroupSetMsg
 .text.AppUpdateBearerState
                0x0000084a        0x8 depend_Release_CSR101x_A05\csr_mesh_light_util.o
                0x0000084a                AppUpdateBearerState
 .text.InitiateAssociation
                0x00000852        0xb depend_Release_CSR101x_A05\csr_mesh_light_util.o
                0x00000852                InitiateAssociation
 .text.RemoveAssociation
                0x0000085d       0x6c depend_Release_CSR101x_A05\csr_mesh_light_util.o
                0x0000085d                RemoveAssociation
 .text.ReadPersistentStore
                0x000008c9      0x13d depend_Release_CSR101x_A05\csr_mesh_light_util.o
                0x000008c9                ReadPersistentStore
 .text.OtaDataInit
                0x00000a06        0x4 depend_Release_CSR101x_A05\csr_ota_service.o
                0x00000a06                OtaDataInit
 .text.OtaCheckHandleRange
                0x00000a0a        0x7 depend_Release_CSR101x_A05\csr_ota_service.o
                0x00000a0a                OtaCheckHandleRange
 .text.OtaResetRequired
                0x00000a11        0x3 depend_Release_CSR101x_A05\csr_ota_service.o
                0x00000a11                OtaResetRequired
 .text.OtaHandleAccessWrite
                0x00000a14       0x93 depend_Release_CSR101x_A05\csr_ota_service.o
                0x00000a14                OtaHandleAccessWrite
 .text.OtaHandleAccessRead
                0x00000aa7       0x43 depend_Release_CSR101x_A05\csr_ota_service.o
                0x00000aa7                OtaHandleAccessRead
 .text.PioFastPwmSetWidth
                0x00000aea       0x46 depend_Release_CSR101x_A05\fast_pwm.o
                0x00000aea                PioFastPwmSetWidth
 .text.PioFastPwmSetPeriods
                0x00000b30        0x8 depend_Release_CSR101x_A05\fast_pwm.o
                0x00000b30                PioFastPwmSetPeriods
 .text.PioFastPwmEnable
                0x00000b38       0x11 depend_Release_CSR101x_A05\fast_pwm.o
                0x00000b38                PioFastPwmEnable
 .text.PioFastPwmConfig
                0x00000b49       0x18 depend_Release_CSR101x_A05\fast_pwm.o
                0x00000b49                PioFastPwmConfig
 .text.GapCheckHandleRange
                0x00000b61        0x7 depend_Release_CSR101x_A05\gap_service.o
                0x00000b61                GapCheckHandleRange
 .text.GapGetNameAndLength
                0x00000b68        0xd depend_Release_CSR101x_A05\gap_service.o
                0x00000b68                GapGetNameAndLength
 .text.GapDataInit
                0x00000b75        0xb depend_Release_CSR101x_A05\gap_service.o
                0x00000b75                GapDataInit
 .text.gapWriteDeviceNameToNvm
                0x00000b80       0x16 depend_Release_CSR101x_A05\gap_service.o
 .text.GapInitWriteDataToNVM
                0x00000b96        0xc depend_Release_CSR101x_A05\gap_service.o
                0x00000b96                GapInitWriteDataToNVM
 .text.updateDeviceName
                0x00000ba2       0x15 depend_Release_CSR101x_A05\gap_service.o
 .text.GapReadDataFromNVM
                0x00000bb7       0x32 depend_Release_CSR101x_A05\gap_service.o
                0x00000bb7                GapReadDataFromNVM
 .text.GapHandleAccessWrite
                0x00000be9       0x1b depend_Release_CSR101x_A05\gap_service.o
                0x00000be9                GapHandleAccessWrite
 .text.GapHandleAccessRead
                0x00000c04       0x2d depend_Release_CSR101x_A05\gap_service.o
                0x00000c04                GapHandleAccessRead
 .text.GattDataInit
                0x00000c31        0x4 depend_Release_CSR101x_A05\gatt_service.o
                0x00000c31                GattDataInit
 .text.GattServiceChangedIndActive
                0x00000c35        0xe depend_Release_CSR101x_A05\gatt_service.o
                0x00000c35                GattServiceChangedIndActive
 .text.GattCheckHandleRange
                0x00000c43        0x7 depend_Release_CSR101x_A05\gatt_service.o
                0x00000c43                GattCheckHandleRange
 .text.GattHandleAccessWrite
                0x00000c4a       0x29 depend_Release_CSR101x_A05\gatt_service.o
                0x00000c4a                GattHandleAccessWrite
 .text.GattHandleAccessRead
                0x00000c73       0x29 depend_Release_CSR101x_A05\gatt_service.o
                0x00000c73                GattHandleAccessRead
 .text.IOTSwitchInit
                0x00000c9c       0x2b depend_Release_CSR101x_A05\iot_hw.o
                0x00000c9c                IOTSwitchInit
 .text.IOTLightControlDeviceBlink
                0x00000cc7       0x28 depend_Release_CSR101x_A05\iot_hw.o
                0x00000cc7                IOTLightControlDeviceBlink
 .text.IOTLightControlDeviceSetColor
                0x00000cef       0x29 depend_Release_CSR101x_A05\iot_hw.o
                0x00000cef                IOTLightControlDeviceSetColor
 .text.IOTLightControlDevicePower
                0x00000d18        0x2 depend_Release_CSR101x_A05\iot_hw.o
                0x00000d18                IOTLightControlDevicePower
 .text.IOTLightControlDeviceInit
                0x00000d1a        0x5 depend_Release_CSR101x_A05\iot_hw.o
                0x00000d1a                IOTLightControlDeviceInit
 .text.MeshControlServiceDataInit
                0x00000d1f        0x4 depend_Release_CSR101x_A05\mesh_control_service.o
                0x00000d1f                MeshControlServiceDataInit
 .text.MeshControlCheckHandleRange
                0x00000d23        0x6 depend_Release_CSR101x_A05\mesh_control_service.o
                0x00000d23                MeshControlCheckHandleRange
 .text.MeshControlHandleAccessWrite
                0x00000d29       0x8e depend_Release_CSR101x_A05\mesh_control_service.o
                0x00000d29                MeshControlHandleAccessWrite
 .text.MeshControlNotifyResponse
                0x00000db7       0x24 depend_Release_CSR101x_A05\mesh_control_service.o
                0x00000db7                MeshControlNotifyResponse
 .text.MeshControlHandleAccessRead
                0x00000ddb       0x40 depend_Release_CSR101x_A05\mesh_control_service.o
                0x00000ddb                MeshControlHandleAccessRead
 .text.Nvm_Disable
                0x00000e1b        0x9 depend_Release_CSR101x_A05\nvm_access.o
                0x00000e1b                Nvm_Disable
 .text.Nvm_Write
                0x00000e24       0x19 depend_Release_CSR101x_A05\nvm_access.o
                0x00000e24                Nvm_Write
 .text.Nvm_Read
                0x00000e3d       0x19 depend_Release_CSR101x_A05\nvm_access.o
                0x00000e3d                Nvm_Read
 .text.rxStreamTimeoutHandler
                0x00000e56        0xe depend_Release_CSR101x_A05\app_data_stream.o
 .text.endStream
                0x00000e64       0x17 depend_Release_CSR101x_A05\app_data_stream.o
 .text.handleCSRmeshDataStreamSendCfm
                0x00000e7b       0x44 depend_Release_CSR101x_A05\app_data_stream.o
 .text.AppDataClientHandler
                0x00000ebf       0x2b depend_Release_CSR101x_A05\app_data_stream.o
                0x00000ebf                AppDataClientHandler
 .text.streamSendRetryTimer
                0x00000eea       0x39 depend_Release_CSR101x_A05\app_data_stream.o
 .text.startStream
                0x00000f23       0x13 depend_Release_CSR101x_A05\app_data_stream.o
 .text.AppDataServerHandler
                0x00000f36      0x10a depend_Release_CSR101x_A05\app_data_stream.o
                0x00000f36                AppDataServerHandler
 .text.AppDataStreamInit
                0x00001040       0x2f depend_Release_CSR101x_A05\app_data_stream.o
                0x00001040                AppDataStreamInit
 .text.ReadBatteryLevel
                0x0000106f       0x28 depend_Release_CSR101x_A05\battery_hw.o
                0x0000106f                ReadBatteryLevel
 .text.SendLowBatteryIndication
                0x00001097        0xf depend_Release_CSR101x_A05\battery_hw.o
                0x00001097                SendLowBatteryIndication
 .text.GetBatteryState
                0x000010a6        0xf depend_Release_CSR101x_A05\battery_hw.o
                0x000010a6                GetBatteryState
 .text.CheckLowBatteryVoltage
                0x000010b5        0xf depend_Release_CSR101x_A05\battery_hw.o
                0x000010b5                CheckLowBatteryVoltage
 .text.HandleSignalLmEvConnectionComplete
                0x000010c4       0x15 depend_Release_CSR101x_A05\app_fw_event_handler.o
                0x000010c4                HandleSignalLmEvConnectionComplete
 .text.HandleLEAdvMessage
                0x000010d9       0x47 depend_Release_CSR101x_A05\app_fw_event_handler.o
                0x000010d9                HandleLEAdvMessage
 .text.HandleSignalSmSimplePairingCompleteInd
                0x00001120       0x12 depend_Release_CSR101x_A05\app_fw_event_handler.o
                0x00001120                HandleSignalSmSimplePairingCompleteInd
 .text.HandleSignalLmDisconnectComplete
                0x00001132       0x2a depend_Release_CSR101x_A05\app_fw_event_handler.o
                0x00001132                HandleSignalLmDisconnectComplete
 .text.HandleSignalLmConnectionUpdate
                0x0000115c       0x23 depend_Release_CSR101x_A05\app_fw_event_handler.o
                0x0000115c                HandleSignalLmConnectionUpdate
 .text.HandleSignalGattCancelConnectCfm
                0x0000117f       0x13 depend_Release_CSR101x_A05\app_fw_event_handler.o
                0x0000117f                HandleSignalGattCancelConnectCfm
 .text.HandleSignalGattAddDBCfm
                0x00001192       0x11 depend_Release_CSR101x_A05\app_fw_event_handler.o
                0x00001192                HandleSignalGattAddDBCfm
 .text.HandleSignalLsConnParamUpdateInd
                0x000011a3       0x34 depend_Release_CSR101x_A05\app_fw_event_handler.o
                0x000011a3                HandleSignalLsConnParamUpdateInd
 .text.HandleSignalLsConnParamUpdateCfm
                0x000011d7       0x2c depend_Release_CSR101x_A05\app_fw_event_handler.o
                0x000011d7                HandleSignalLsConnParamUpdateCfm
 .text.HandleSignalGattConnectCfm
                0x00001203       0x5b depend_Release_CSR101x_A05\app_fw_event_handler.o
                0x00001203                HandleSignalGattConnectCfm
 .text.handleGapCppTimerExpiry
                0x0000125e       0x1a depend_Release_CSR101x_A05\app_fw_event_handler.o
 .text.HandleSignalGattAccessInd
                0x00001278       0x52 depend_Release_CSR101x_A05\app_fw_event_handler.o
                0x00001278                HandleSignalGattAccessInd
 .text.requestConnParamUpdate
                0x000012ca       0x2f depend_Release_CSR101x_A05\app_fw_event_handler.o
 .text.getDurationForState
                0x000012f9       0x1b depend_Release_CSR101x_A05\app_mesh_event_handler.o
 .text.AppBatteryEventHandler
                0x00001314       0x1b depend_Release_CSR101x_A05\app_mesh_event_handler.o
                0x00001314                AppBatteryEventHandler
 .text.initialiseTransitionData
                0x0000132f       0x2b depend_Release_CSR101x_A05\app_mesh_event_handler.o
 .text.AppAttentionEventHandler
                0x0000135a       0x4e depend_Release_CSR101x_A05\app_mesh_event_handler.o
                0x0000135a                AppAttentionEventHandler
 .text.AppPowerEventHandler
                0x000013a8       0x62 depend_Release_CSR101x_A05\app_mesh_event_handler.o
                0x000013a8                AppPowerEventHandler
 .text.attnTimerHandler
                0x0000140a       0x30 depend_Release_CSR101x_A05\app_mesh_event_handler.o
 .text.lightDataNVMWriteTimerHandler
                0x0000143a       0x39 depend_Release_CSR101x_A05\app_mesh_event_handler.o
 .text.AppLightEventHandler
                0x00001473      0x19f depend_Release_CSR101x_A05\app_mesh_event_handler.o
                0x00001473                AppLightEventHandler
 .text.transitionTimerHandler
                0x00001612       0xfc depend_Release_CSR101x_A05\app_mesh_event_handler.o
 .text.CSRmeshAppProcessMeshEvent
                0x0000170e      0x127 depend_Release_CSR101x_A05\app_mesh_event_handler.o
                0x0000170e                CSRmeshAppProcessMeshEvent
 .text.CSRMeshUpdateConfigRole
                0x00001835       0x13 ..\..\libraries\libcsrmesh.a(csr_mesh.o)
 .text.CSRmeshRegisterAppCallback
                0x00001848       0x10 ..\..\libraries\libcsrmesh.a(csr_mesh.o)
                0x00001848                CSRmeshRegisterAppCallback
 .text.___libcsrmesh_463
                0x00001858       0x17 ..\..\libraries\libcsrmesh.a(csr_mesh.o)
                0x00001858                ___libcsrmesh_463
 .text.___libcsrmesh_461
                0x0000186f       0x12 ..\..\libraries\libcsrmesh.a(csr_mesh.o)
                0x0000186f                ___libcsrmesh_461
 .text.___libcsrmesh_460
                0x00001881        0xb ..\..\libraries\libcsrmesh.a(csr_mesh.o)
                0x00001881                ___libcsrmesh_460
 .text.CSRmeshSetTransmitState
                0x0000188c       0x27 ..\..\libraries\libcsrmesh.a(csr_mesh.o)
                0x0000188c                CSRmeshSetTransmitState
 .text.CSRmeshRemoveNetwork
                0x000018b3        0xb ..\..\libraries\libcsrmesh.a(csr_mesh.o)
                0x000018b3                CSRmeshRemoveNetwork
 .text.CSRmeshStart
                0x000018be       0x20 ..\..\libraries\libcsrmesh.a(csr_mesh.o)
                0x000018be                CSRmeshStart
 .text.CSRmeshCoreInit
                0x000018de       0x2f ..\..\libraries\libcsrmesh.a(csr_mesh.o)
 .text.CSRmeshInit
                0x0000190d       0x38 ..\..\libraries\libcsrmesh.a(csr_mesh.o)
                0x0000190d                CSRmeshInit
 .text.CSRmeshMapKeyToNvmOffest
                0x00001945       0x16 ..\..\libraries\libcsrmesh.a(csr_mesh_ps_ifce.o)
 .text.___libcsrmesh_482
                0x0000195b        0x9 ..\..\libraries\libcsrmesh.a(csr_mesh_ps_ifce.o)
                0x0000195b                ___libcsrmesh_482
 .text.___libcsrmesh_483
                0x00001964        0x9 ..\..\libraries\libcsrmesh.a(csr_mesh_ps_ifce.o)
                0x00001964                ___libcsrmesh_483
 .text.___libcsrmesh_481
                0x0000196d        0xb ..\..\libraries\libcsrmesh.a(csr_mesh_ps_ifce.o)
                0x0000196d                ___libcsrmesh_481
 .text.___libcsrmesh_480
                0x00001978        0xa ..\..\libraries\libcsrmesh.a(csr_mesh_ps_ifce.o)
                0x00001978                ___libcsrmesh_480
 .text.___libcsrmesh_476
                0x00001982        0x2 ..\..\libraries\libcsrmesh.a(csr_mesh_ps_ifce.o)
                0x00001982                ___libcsrmesh_476
 .text.___libcsrmesh_479
                0x00001984        0x5 ..\..\libraries\libcsrmesh.a(csr_mesh_ps_ifce.o)
                0x00001984                ___libcsrmesh_479
 .text.___libcsrmesh_484
                0x00001989       0x13 ..\..\libraries\libcsrmesh.a(csr_mesh_ps_ifce.o)
                0x00001989                ___libcsrmesh_484
 .text.___libcsrmesh_485
                0x0000199c       0x13 ..\..\libraries\libcsrmesh.a(csr_mesh_ps_ifce.o)
                0x0000199c                ___libcsrmesh_485
 .text.___libcsrmesh_502
                0x000019af       0x45 ..\..\libraries\libcsrmesh.a(csr_mesh_bearer.o)
                0x000019af                ___libcsrmesh_502
 .text.___libcsrmesh_498
                0x000019f4       0x47 ..\..\libraries\libcsrmesh.a(csr_mesh_bearer.o)
                0x000019f4                ___libcsrmesh_498
 .text.___libcsrmesh_500
                0x00001a3b        0x2 ..\..\libraries\libcsrmesh.a(csr_mesh_bearer.o)
                0x00001a3b                ___libcsrmesh_500
 .text.___libcsrmesh_501
                0x00001a3d       0x36 ..\..\libraries\libcsrmesh.a(csr_mesh_bearer.o)
                0x00001a3d                ___libcsrmesh_501
 .text.___libcsrmesh_499
                0x00001a73        0xc ..\..\libraries\libcsrmesh.a(csr_mesh_bearer.o)
                0x00001a73                ___libcsrmesh_499
 .text.___libcsrmesh_523
                0x00001a7f        0xa ..\..\libraries\libcsrmesh.a(csr_mesh_bearer_porting.o)
                0x00001a7f                ___libcsrmesh_523
 .text.isLeBearerReady
                0x00001a89        0xf ..\..\libraries\libcsrmesh.a(csr_mesh_bearer_porting.o)
 .text.isGattBearerReady
                0x00001a98        0xf ..\..\libraries\libcsrmesh.a(csr_mesh_bearer_porting.o)
 .text.___libcsrmesh_520
                0x00001aa7        0xb ..\..\libraries\libcsrmesh.a(csr_mesh_bearer_porting.o)
                0x00001aa7                ___libcsrmesh_520
 .text.___libcsrmesh_516
                0x00001ab2       0x1f ..\..\libraries\libcsrmesh.a(csr_mesh_bearer_porting.o)
                0x00001ab2                ___libcsrmesh_516
 .text.___libcsrmesh_524
                0x00001ad1       0x12 ..\..\libraries\libcsrmesh.a(csr_mesh_bearer_porting.o)
                0x00001ad1                ___libcsrmesh_524
 .text.___libcsrmesh_528
                0x00001ae3       0x10 ..\..\libraries\libcsrmesh.a(csr_mesh_bearer_porting.o)
                0x00001ae3                ___libcsrmesh_528
 .text.___libcsrmesh_522
                0x00001af3       0x14 ..\..\libraries\libcsrmesh.a(csr_mesh_bearer_porting.o)
                0x00001af3                ___libcsrmesh_522
 .text.___libcsrmesh_525
                0x00001b07       0x13 ..\..\libraries\libcsrmesh.a(csr_mesh_bearer_porting.o)
                0x00001b07                ___libcsrmesh_525
 .text.___libcsrmesh_518
                0x00001b1a       0x28 ..\..\libraries\libcsrmesh.a(csr_mesh_bearer_porting.o)
                0x00001b1a                ___libcsrmesh_518
 .text.___libcsrmesh_274
                0x00001b42       0x15 ..\..\libraries\libcsrmesh.a(csr_mesh_bearer_porting_util.o)
                0x00001b42                ___libcsrmesh_274
 .text.___libcsrmesh_538
                0x00001b57       0x18 ..\..\libraries\libcsrmesh.a(csr_mesh_bearer_porting_util.o)
                0x00001b57                ___libcsrmesh_538
 .text.___libcsrmesh_540
                0x00001b6f       0x18 ..\..\libraries\libcsrmesh.a(csr_mesh_bearer_porting_util.o)
                0x00001b6f                ___libcsrmesh_540
 .text.___libcsrmesh_539
                0x00001b87       0x50 ..\..\libraries\libcsrmesh.a(csr_mesh_bearer_porting_util.o)
                0x00001b87                ___libcsrmesh_539
 .text.checkMessageInTransmitQueue
                0x00001bd7       0x39 ..\..\libraries\libcsrmesh.a(csr_mesh_bearer_porting_util.o)
 .text.___libcsrmesh_537
                0x00001c10       0x68 ..\..\libraries\libcsrmesh.a(csr_mesh_bearer_porting_util.o)
                0x00001c10                ___libcsrmesh_537
 .text.___libcsrmesh_309
                0x00001c78        0x3 ..\..\libraries\libcsrmesh.a(csr_mesh_nvm.o)
                0x00001c78                ___libcsrmesh_309
 .text.meshNvmDisable
                0x00001c7b        0x9 ..\..\libraries\libcsrmesh.a(csr_mesh_nvm.o)
 .text.___libcsrmesh_311
                0x00001c84       0x12 ..\..\libraries\libcsrmesh.a(csr_mesh_nvm.o)
                0x00001c84                ___libcsrmesh_311
 .text.___libcsrmesh_310
                0x00001c96       0x12 ..\..\libraries\libcsrmesh.a(csr_mesh_nvm.o)
                0x00001c96                ___libcsrmesh_310
 .text.___libcsrmesh_308
                0x00001ca8       0x1b ..\..\libraries\libcsrmesh.a(csr_mesh_nvm.o)
                0x00001ca8                ___libcsrmesh_308
 .text.maspFreeSecondaryKeyBuffer
                0x00001cc3        0xb ..\..\libraries\libcsrmesh.a(csr_mesh_masp.o)
 .text.maspFreeConfirmationBuffers
                0x00001cce       0x13 ..\..\libraries\libcsrmesh.a(csr_mesh_masp.o)
 .text.maspFreeClientPublicKeyBuffer
                0x00001ce1        0xd ..\..\libraries\libcsrmesh.a(csr_mesh_masp.o)
 .text.maspFreeAlgoBuffer
                0x00001cee        0xb ..\..\libraries\libcsrmesh.a(csr_mesh_masp.o)
 .text.maspFreeDeviceKeyPairBuffer
                0x00001cf9        0xf ..\..\libraries\libcsrmesh.a(csr_mesh_masp.o)
 .text.MaspAllocNmakeKeyPair
                0x00001d08       0x17 ..\..\libraries\libcsrmesh.a(csr_mesh_masp.o)
 .text.MaspSendEventToApp
                0x00001d1f       0x20 ..\..\libraries\libcsrmesh.a(csr_mesh_masp.o)
 .text.maspResetState
                0x00001d3f       0x3a ..\..\libraries\libcsrmesh.a(csr_mesh_masp.o)
 .text.___libcsrmesh_49
                0x00001d79        0x1 ..\..\libraries\libcsrmesh.a(csr_mesh_masp.o)
                0x00001d79                ___libcsrmesh_49
 .text.___libcsrmesh_52
                0x00001d7a        0xd ..\..\libraries\libcsrmesh.a(csr_mesh_masp.o)
                0x00001d7a                ___libcsrmesh_52
 .text.___libcsrmesh_46
                0x00001d87        0x8 ..\..\libraries\libcsrmesh.a(csr_mesh_masp.o)
                0x00001d87                ___libcsrmesh_46
 .text.maspCalculateConfirmation
                0x00001d8f       0x4e ..\..\libraries\libcsrmesh.a(csr_mesh_masp.o)
 .text.maspSendMessage
                0x00001ddd       0x42 ..\..\libraries\libcsrmesh.a(csr_mesh_masp.o)
 .text.___libcsrmesh_48
                0x00001e1f      0x25f ..\..\libraries\libcsrmesh.a(csr_mesh_masp.o)
                0x00001e1f                ___libcsrmesh_48
 .text.maspWatchdogTimeoutHandler
                0x0000207e        0xe ..\..\libraries\libcsrmesh.a(csr_mesh_masp.o)
 .text.___libcsrmesh_47
                0x0000208c       0x3f ..\..\libraries\libcsrmesh.a(csr_mesh_masp.o)
                0x0000208c                ___libcsrmesh_47
 .text.___libcsrmesh_106
                0x000020cb       0x14 ..\..\libraries\libcsrmesh.a(csr_mesh_mcp.o)
                0x000020cb                ___libcsrmesh_106
 .text.___libcsrmesh_652
                0x000020df       0x18 ..\..\libraries\libcsrmesh.a(csr_mesh_mcp.o)
                0x000020df                ___libcsrmesh_652
 .text.___libcsrmesh_113
                0x000020f7        0x8 ..\..\libraries\libcsrmesh.a(csr_mesh_mcp.o)
                0x000020f7                ___libcsrmesh_113
 .text.___libcsrmesh_112
                0x000020ff        0x3 ..\..\libraries\libcsrmesh.a(csr_mesh_mcp.o)
                0x000020ff                ___libcsrmesh_112
 .text.___libcsrmesh_105
                0x00002102        0x3 ..\..\libraries\libcsrmesh.a(csr_mesh_mcp.o)
                0x00002102                ___libcsrmesh_105
 .text.___libcsrmesh_101
                0x00002105       0x3b ..\..\libraries\libcsrmesh.a(csr_mesh_mcp.o)
                0x00002105                ___libcsrmesh_101
 .text.___libcsrmesh_109
                0x00002140       0x12 ..\..\libraries\libcsrmesh.a(csr_mesh_mcp.o)
                0x00002140                ___libcsrmesh_109
 .text.___libcsrmesh_110
                0x00002152       0x8f ..\..\libraries\libcsrmesh.a(csr_mesh_mcp.o)
                0x00002152                ___libcsrmesh_110
 .text.___libcsrmesh_108
                0x000021e1       0xdf ..\..\libraries\libcsrmesh.a(csr_mesh_mcp.o)
                0x000021e1                ___libcsrmesh_108
 .text.___libcsrmesh_103
                0x000022c0        0x8 ..\..\libraries\libcsrmesh.a(csr_mesh_mcp.o)
                0x000022c0                ___libcsrmesh_103
 .text.___libcsrmesh_107
                0x000022c8       0x4e ..\..\libraries\libcsrmesh.a(csr_mesh_mcp.o)
                0x000022c8                ___libcsrmesh_107
 .text.___libcsrmesh_577
                0x00002316       0x18 ..\..\libraries\libcsrmesh.a(csr_mesh_mtl.o)
                0x00002316                ___libcsrmesh_577
 .text.___libcsrmesh_576
                0x0000232e       0x1c ..\..\libraries\libcsrmesh.a(csr_mesh_mtl.o)
                0x0000232e                ___libcsrmesh_576
 .text.MtlUpdateNetworkInfoTableInPS
                0x0000234a       0x1e ..\..\libraries\libcsrmesh.a(csr_mesh_mtl.o)
 .text.___libcsrmesh_420
                0x00002368       0x24 ..\..\libraries\libcsrmesh.a(csr_mesh_mtl.o)
                0x00002368                ___libcsrmesh_420
 .text.___libcsrmesh_581
                0x0000238c       0x13 ..\..\libraries\libcsrmesh.a(csr_mesh_mtl.o)
                0x0000238c                ___libcsrmesh_581
 .text.___libcsrmesh_85
                0x0000239f       0x2e ..\..\libraries\libcsrmesh.a(csr_mesh_mtl.o)
                0x0000239f                ___libcsrmesh_85
 .text.mtlCryptMessage
                0x000023cd       0x10 ..\..\libraries\libcsrmesh.a(csr_mesh_mtl.o)
 .text.mtlCalculateMAC
                0x000023dd       0x30 ..\..\libraries\libcsrmesh.a(csr_mesh_mtl.o)
 .text.___libcsrmesh_86
                0x0000240d       0x5c ..\..\libraries\libcsrmesh.a(csr_mesh_mtl.o)
                0x0000240d                ___libcsrmesh_86
 .text.___libcsrmesh_578
                0x00002469       0x27 ..\..\libraries\libcsrmesh.a(csr_mesh_mtl.o)
                0x00002469                ___libcsrmesh_578
 .text.___libcsrmesh_583
                0x00002490       0x43 ..\..\libraries\libcsrmesh.a(csr_mesh_mtl.o)
                0x00002490                ___libcsrmesh_583
 .text.___libcsrmesh_79
                0x000024d3       0x7a ..\..\libraries\libcsrmesh.a(csr_mesh_mtl.o)
                0x000024d3                ___libcsrmesh_79
 .text.___libcsrmesh_81
                0x0000254d      0x155 ..\..\libraries\libcsrmesh.a(csr_mesh_mtl.o)
                0x0000254d                ___libcsrmesh_81
 .text.___libcsrmesh_406
                0x000026a2       0x24 ..\..\libraries\libcsrmesh.a(csr_mesh_sha256_hmac.o)
                0x000026a2                ___libcsrmesh_406
 .text.___libcsrmesh_435
                0x000026c6       0x3f ..\..\libraries\libcsrmesh.a(csr_mesh_sha256_hmac.o)
                0x000026c6                ___libcsrmesh_435
 .text.___libcsrmesh_436
                0x00002705       0x3c ..\..\libraries\libcsrmesh.a(csr_mesh_sha256_hmac.o)
                0x00002705                ___libcsrmesh_436
 .text.___libcsrmesh_405
                0x00002741       0x6f ..\..\libraries\libcsrmesh.a(csr_mesh_sha256_hmac.o)
                0x00002741                ___libcsrmesh_405
 .text.___libcsrmesh_330
                0x000027b0       0x19 ..\..\libraries\libcsrmesh.a(csr_mesh_sha256_initialise.o)
                0x000027b0                ___libcsrmesh_330
 .text.sha256_process_data
                0x000027c9       0x85 ..\..\libraries\libcsrmesh.a(csr_mesh_sha256_process_data.o)
 .text.___libcsrmesh_336
                0x0000284e        0xc ..\..\libraries\libcsrmesh.a(csr_mesh_sha256_process_data.o)
                0x0000284e                ___libcsrmesh_336
 .text.___libcsrmesh_337
                0x0000285a        0xa ..\..\libraries\libcsrmesh.a(csr_mesh_sha256_process_data.o)
                0x0000285a                ___libcsrmesh_337
 .text.___libcsrmesh_586
                0x00002864       0x22 ..\..\libraries\libcsrmesh.a(csr_mesh_masp_mcp_common.o)
                0x00002864                ___libcsrmesh_586
 .text.___libcsrmesh_119
                0x00002886        0x3 ..\..\libraries\libcsrmesh.a(csr_mesh_masp_mcp_common.o)
                0x00002886                ___libcsrmesh_119
 .text.___libcsrmesh_677
                0x00002889        0x1 ..\..\libraries\libcsrmesh.a(csr_mesh_hal_ifce.o)
                0x00002889                ___libcsrmesh_677
 .text.___libcsrmesh_669
                0x0000288a        0x6 ..\..\libraries\libcsrmesh.a(csr_mesh_hal_ifce.o)
                0x0000288a                ___libcsrmesh_669
 .text.___libcsrmesh_684
                0x00002890        0x5 ..\..\libraries\libcsrmesh.a(csr_mesh_hal_ifce.o)
                0x00002890                ___libcsrmesh_684
 .text.___libcsrmesh_667
                0x00002895        0xc ..\..\libraries\libcsrmesh.a(csr_mesh_hal_ifce.o)
                0x00002895                ___libcsrmesh_667
 .text.___libcsrmesh_683
                0x000028a1        0xb ..\..\libraries\libcsrmesh.a(csr_mesh_hal_ifce.o)
                0x000028a1                ___libcsrmesh_683
 .text.___libcsrmesh_682
                0x000028ac        0xc ..\..\libraries\libcsrmesh.a(csr_mesh_hal_ifce.o)
                0x000028ac                ___libcsrmesh_682
 .text.___libcsrmesh_678
                0x000028b8        0x3 ..\..\libraries\libcsrmesh.a(csr_mesh_hal_ifce.o)
                0x000028b8                ___libcsrmesh_678
 .text.___libcsrmesh_681
                0x000028bb        0x3 ..\..\libraries\libcsrmesh.a(csr_mesh_hal_ifce.o)
                0x000028bb                ___libcsrmesh_681
 .text.___libcsrmesh_664
                0x000028be        0x2 ..\..\libraries\libcsrmesh.a(csr_mesh_hal_ifce.o)
                0x000028be                ___libcsrmesh_664
 .text.___libcsrmesh_666
                0x000028c0        0x2 ..\..\libraries\libcsrmesh.a(csr_mesh_hal_ifce.o)
                0x000028c0                ___libcsrmesh_666
 .text.___libcsrmesh_661
                0x000028c2        0x2 ..\..\libraries\libcsrmesh.a(csr_mesh_hal_ifce.o)
                0x000028c2                ___libcsrmesh_661
 .text.___libcsrmesh_663
                0x000028c4        0x2 ..\..\libraries\libcsrmesh.a(csr_mesh_hal_ifce.o)
                0x000028c4                ___libcsrmesh_663
 .text.___libcsrmesh_673
                0x000028c6        0x2 ..\..\libraries\libcsrmesh.a(csr_mesh_hal_ifce.o)
                0x000028c6                ___libcsrmesh_673
 .text.___libcsrmesh_672
                0x000028c8        0x2 ..\..\libraries\libcsrmesh.a(csr_mesh_hal_ifce.o)
                0x000028c8                ___libcsrmesh_672
 .text.___libcsrmesh_674
                0x000028ca        0x8 ..\..\libraries\libcsrmesh.a(csr_mesh_hal_ifce.o)
                0x000028ca                ___libcsrmesh_674
 .text.CsrMemCpy
                0x000028d2        0x8 ..\..\libraries\libcsrmesh.a(csr_mesh_hal_ifce.o)
                0x000028d2                CsrMemCpy
 .text.___libcsrmesh_671
                0x000028da        0xb ..\..\libraries\libcsrmesh.a(csr_mesh_hal_ifce.o)
                0x000028da                ___libcsrmesh_671
 .text.___libcsrmesh_676
                0x000028e5        0x2 ..\..\libraries\libcsrmesh.a(csr_mesh_hal_ifce.o)
                0x000028e5                ___libcsrmesh_676
 .text.___libcsrmesh_675
                0x000028e7        0x2 ..\..\libraries\libcsrmesh.a(csr_mesh_hal_ifce.o)
                0x000028e7                ___libcsrmesh_675
 .text.IsCSRSchedRunning
                0x000028e9        0x5 ..\..\libraries\libcsrmesh.a(csr1010_scheduler.o)
                0x000028e9                IsCSRSchedRunning
 .text.CSRSchedLeAdvScanDisable
                0x000028ee        0xf ..\..\libraries\libcsrmesh.a(csr1010_scheduler.o)
 .text.CSRSchedConnectionIdleTimeoutHandler
                0x000028fd        0xc ..\..\libraries\libcsrmesh.a(csr1010_scheduler.o)
 .text.CSRSchedConnUpdateTimeoutHandler
                0x00002909       0x16 ..\..\libraries\libcsrmesh.a(csr1010_scheduler.o)
 .text.CSRSchedMissingRadioEventTimeoutHandler
                0x0000291f       0x4d ..\..\libraries\libcsrmesh.a(csr1010_scheduler.o)
 .text.CSRSchedLeStartScan
                0x0000296c       0x48 ..\..\libraries\libcsrmesh.a(csr1010_scheduler.o)
 .text.CSRSchedHandleIncomingData
                0x000029b4       0x39 ..\..\libraries\libcsrmesh.a(csr1010_scheduler.o)
                0x000029b4                CSRSchedHandleIncomingData
 .text.CSRSchedLeStartUserAdverts
                0x000029ed       0x73 ..\..\libraries\libcsrmesh.a(csr1010_scheduler.o)
 .text.CSRSchedAdvertTimeoutHandler
                0x00002a60       0x63 ..\..\libraries\libcsrmesh.a(csr1010_scheduler.o)
 .text.CSRSchedMeshLeStartAdverts
                0x00002ac3       0x8d ..\..\libraries\libcsrmesh.a(csr1010_scheduler.o)
 .text.CSRSchedStart
                0x00002b50       0x20 ..\..\libraries\libcsrmesh.a(csr1010_scheduler.o)
                0x00002b50                CSRSchedStart
 .text.CSRSchedNotifyGattEvent
                0x00002b70       0xec ..\..\libraries\libcsrmesh.a(csr1010_scheduler.o)
                0x00002b70                CSRSchedNotifyGattEvent
 .text.CSRSchedConnectionBusyTimeoutHandler
                0x00002c5c        0xb ..\..\libraries\libcsrmesh.a(csr1010_scheduler.o)
 .text.CSRSchedScanTimeoutHandler
                0x00002c67       0x14 ..\..\libraries\libcsrmesh.a(csr1010_scheduler.o)
 .text.CSRSchedSendUserAdv
                0x00002c7b       0x46 ..\..\libraries\libcsrmesh.a(csr1010_scheduler.o)
                0x00002c7b                CSRSchedSendUserAdv
 .text.CSRSchedUpdateMeshParams
                0x00002cc1       0x2f ..\..\libraries\libcsrmesh.a(csr1010_scheduler.o)
 .text.CSRSchedGetConfigParams
                0x00002cf0       0x9c ..\..\libraries\libcsrmesh.a(csr1010_scheduler.o)
                0x00002cf0                CSRSchedGetConfigParams
 .text.CSRSchedSetConfigParams
                0x00002d8c      0x110 ..\..\libraries\libcsrmesh.a(csr1010_scheduler.o)
                0x00002d8c                CSRSchedSetConfigParams
 .text.BearerModelInit
                0x00002e9c       0x11 ..\..\libraries\libcsrmesh.a(csr_mesh_bearer_model.o)
                0x00002e9c                BearerModelInit
 .text.handleMcpBearerModelMsg
                0x00002ead       0x94 ..\..\libraries\libcsrmesh.a(csr_mesh_bearer_model.o)
 .text.___libcsrmesh_490
                0x00002f41       0x18 ..\..\libraries\libcsrmesh.a(csr_mesh_security_ifce.o)
                0x00002f41                ___libcsrmesh_490
 .text.___libcsrmesh_543
                0x00002f59       0x6b ..\..\libraries\libcsrmesh.a(csr_mesh_security_ifce_101x.o)
                0x00002f59                ___libcsrmesh_543
 .text.___libcsrmesh_544
                0x00002fc4       0x20 ..\..\libraries\libcsrmesh.a(csr_mesh_security_ifce_101x.o)
                0x00002fc4                ___libcsrmesh_544
 .text.___libcsrmesh_129
                0x00002fe4       0x14 ..\..\libraries\libcsrmesh.a(csr_mesh_config_model.o)
                0x00002fe4                ___libcsrmesh_129
 .text.ConfigModelInit
                0x00002ff8       0x1f ..\..\libraries\libcsrmesh.a(csr_mesh_config_model.o)
                0x00002ff8                ConfigModelInit
 .text.configModelServerHandler
                0x00003017      0x240 ..\..\libraries\libcsrmesh.a(csr_mesh_config_model.o)
 .text.___libcsrmesh_402
                0x00003257        0xa ..\..\libraries\libcsrmesh.a(csr_mesh_ec_alloc.o)
                0x00003257                ___libcsrmesh_402
 .text.___libcsrmesh_401
                0x00003261       0x17 ..\..\libraries\libcsrmesh.a(csr_mesh_ec_alloc.o)
                0x00003261                ___libcsrmesh_401
 .text.ec_math_alloc_projective_point
                0x00003278        0xc ..\..\libraries\libcsrmesh.a(csr_mesh_ec_math.o)
 .text.ec_math_copy_projective_point
                0x00003284       0x1c ..\..\libraries\libcsrmesh.a(csr_mesh_ec_math.o)
 .text.ec_math_set_projective_point_to_origin
                0x000032a0       0x18 ..\..\libraries\libcsrmesh.a(csr_mesh_ec_math.o)
 .text.ec_math_free_projective_point
                0x000032b8        0x2 ..\..\libraries\libcsrmesh.a(csr_mesh_ec_math.o)
 .text.ec_math_modP192_add
                0x000032ba        0xc ..\..\libraries\libcsrmesh.a(csr_mesh_ec_math.o)
 .text.ec_math_modP192_mul
                0x000032c6       0x92 ..\..\libraries\libcsrmesh.a(csr_mesh_ec_math.o)
 .text.ec_math_modP192_sub
                0x00003358       0x1c ..\..\libraries\libcsrmesh.a(csr_mesh_ec_math.o)
 .text.ec_math_double
                0x00003374       0xd6 ..\..\libraries\libcsrmesh.a(csr_mesh_ec_math.o)
 .text.ec_math_full_add
                0x0000344a      0x17d ..\..\libraries\libcsrmesh.a(csr_mesh_ec_math.o)
 .text.ec_math_affinify
                0x000035c7       0xc8 ..\..\libraries\libcsrmesh.a(csr_mesh_ec_math.o)
 .text.ec_math_mul
                0x0000368f       0xf8 ..\..\libraries\libcsrmesh.a(csr_mesh_ec_math.o)
 .text.___libcsrmesh_359
                0x00003787       0x2f ..\..\libraries\libcsrmesh.a(csr_mesh_ec_math.o)
                0x00003787                ___libcsrmesh_359
 .text.___libcsrmesh_360
                0x000037b6       0x56 ..\..\libraries\libcsrmesh.a(csr_mesh_ec_math.o)
                0x000037b6                ___libcsrmesh_360
 .text.GroupModelInit
                0x0000380c       0x11 ..\..\libraries\libcsrmesh.a(csr_mesh_group_model.o)
                0x0000380c                GroupModelInit
 .text.groupModelServerHandler
                0x0000381d       0xd2 ..\..\libraries\libcsrmesh.a(csr_mesh_group_model.o)
 .text.___libcsrmesh_391
                0x000038ef        0xf ..\..\libraries\libcsrmesh.a(csr_mesh_large_num.o)
                0x000038ef                ___libcsrmesh_391
 .text.___libcsrmesh_390
                0x000038fe       0x12 ..\..\libraries\libcsrmesh.a(csr_mesh_large_num.o)
                0x000038fe                ___libcsrmesh_390
 .text.___libcsrmesh_385
                0x00003910       0x24 ..\..\libraries\libcsrmesh.a(csr_mesh_large_num.o)
                0x00003910                ___libcsrmesh_385
 .text.___libcsrmesh_398
                0x00003934       0x24 ..\..\libraries\libcsrmesh.a(csr_mesh_large_num.o)
                0x00003934                ___libcsrmesh_398
 .text.___libcsrmesh_387
                0x00003958       0x28 ..\..\libraries\libcsrmesh.a(csr_mesh_large_num.o)
                0x00003958                ___libcsrmesh_387
 .text.___libcsrmesh_393
                0x00003980       0x17 ..\..\libraries\libcsrmesh.a(csr_mesh_large_num.o)
                0x00003980                ___libcsrmesh_393
 .text.___libcsrmesh_394
                0x00003997       0x12 ..\..\libraries\libcsrmesh.a(csr_mesh_large_num.o)
                0x00003997                ___libcsrmesh_394
 .text.___libcsrmesh_397
                0x000039a9       0x26 ..\..\libraries\libcsrmesh.a(csr_mesh_large_num.o)
                0x000039a9                ___libcsrmesh_397
 .text.___libcsrmesh_395
                0x000039cf       0x51 ..\..\libraries\libcsrmesh.a(csr_mesh_large_num.o)
                0x000039cf                ___libcsrmesh_395
 .text.___libcsrmesh_316
                0x00003a20       0x44 ..\..\libraries\libcsrmesh.a(csr_mesh_sha_add_to_cache.o)
                0x00003a20                ___libcsrmesh_316
 .text.sha256_calc_ith_hash_val
                0x00003a64      0x1be ..\..\libraries\libcsrmesh.a(csr_mesh_sha256_calc_ith_hash_val.o)
 .text.___libcsrmesh_322
                0x00003c22       0x15 ..\..\libraries\libcsrmesh.a(csr_mesh_sha256_calc_ith_hash_val.o)
                0x00003c22                ___libcsrmesh_322
 .text.___libcsrmesh_323
                0x00003c37       0x37 ..\..\libraries\libcsrmesh.a(csr_mesh_sha256_calc_ith_hash_val.o)
                0x00003c37                ___libcsrmesh_323
 .text.___libcsrmesh_324
                0x00003c6e        0xe ..\..\libraries\libcsrmesh.a(csr_mesh_sha256_calc_ith_hash_val.o)
                0x00003c6e                ___libcsrmesh_324
 .text.___libcsrmesh_327
                0x00003c7c       0x95 ..\..\libraries\libcsrmesh.a(csr_mesh_sha256_get_results.o)
                0x00003c7c                ___libcsrmesh_327
 .text.LightState
                0x00003d11       0x43 ..\..\libraries\liblight_server.a(Light_model.o)
                0x00003d11                LightState
 .text.lightModelServerHandler
                0x00003d54      0x195 ..\..\libraries\liblight_server.a(Light_model.o)
 .text.LightModelInit
                0x00003ee9       0x15 ..\..\libraries\liblight_server.a(Light_model.o)
                0x00003ee9                LightModelInit
 .text.powerModelServerHandler
                0x00003efe       0x95 ..\..\libraries\libpower_server.a(Power_model.o)
 .text.PowerModelInit
                0x00003f93       0x15 ..\..\libraries\libpower_server.a(Power_model.o)
                0x00003f93                PowerModelInit
 .text.attentionModelServerHandler
                0x00003fa8       0x5a ..\..\libraries\libattention_server.a(Attention_model.o)
 .text.AttentionModelInit
                0x00004002       0x15 ..\..\libraries\libattention_server.a(Attention_model.o)
                0x00004002                AttentionModelInit
 .text.DataModelInit
                0x00004017       0x15 ..\..\libraries\libdata_server.a(Data_model.o)
                0x00004017                DataModelInit
 .text.dataModelServerHandler
                0x0000402c       0x77 ..\..\libraries\libdata_server.a(Data_model.o)
 .text.dataModelClientHandler
                0x000040a3       0x25 ..\..\libraries\libdata_client.a(Data_client.o)
 .text.DataStreamSend
                0x000040c8       0x35 ..\..\libraries\libdata_client.a(Data_client.o)
                0x000040c8                DataStreamSend
 .text.DataStreamFlush
                0x000040fd       0x1a ..\..\libraries\libdata_client.a(Data_client.o)
                0x000040fd                DataStreamFlush
 .text.DataModelClientInit
                0x00004117        0xd ..\..\libraries\libdata_client.a(Data_client.o)
                0x00004117                DataModelClientInit
 .text.BatteryState
                0x00004124       0x1d ..\..\libraries\libbattery_server.a(Battery_model.o)
                0x00004124                BatteryState
 .text.batteryModelServerHandler
                0x00004141       0x49 ..\..\libraries\libbattery_server.a(Battery_model.o)
 .text.BatteryModelInit
                0x0000418a       0x15 ..\..\libraries\libbattery_server.a(Battery_model.o)
                0x0000418a                BatteryModelInit
 .text.OtaReset
                0x0000419f        0x3 C:\CSR_uEnergy_SDK-2.5.1\tools\lib\otau\libotau_eeprom.a(csr_ota.o)
                0x0000419f                OtaReset
 .text.readProtectedValue
                0x000041a2       0x1f C:\CSR_uEnergy_SDK-2.5.1\tools\lib\otau\libotau_eeprom.a(csr_ota.o)
 .text.readOtaVersion
                0x000041c1        0x6 C:\CSR_uEnergy_SDK-2.5.1\tools\lib\otau\libotau_eeprom.a(csr_ota.o)
 .text.readCurrentApp
                0x000041c7        0x4 C:\CSR_uEnergy_SDK-2.5.1\tools\lib\otau\libotau_eeprom.a(csr_ota.o)
 .text.readSharedDataV5
                0x000041cb        0xa C:\CSR_uEnergy_SDK-2.5.1\tools\lib\otau\libotau_eeprom.a(csr_ota.o)
 .text.findSharedData
                0x000041d5       0x51 C:\CSR_uEnergy_SDK-2.5.1\tools\lib\otau\libotau_eeprom.a(csr_ota.o)
 .text.OtaReadCurrentApp
                0x00004226       0x24 C:\CSR_uEnergy_SDK-2.5.1\tools\lib\otau\libotau_eeprom.a(csr_ota.o)
                0x00004226                OtaReadCurrentApp
 .text.writeCurrentAppV5
                0x0000424a       0x60 C:\CSR_uEnergy_SDK-2.5.1\tools\lib\otau\libotau_eeprom.a(csr_ota.o)
 .text.writeCurrentApp
                0x000042aa       0x73 C:\CSR_uEnergy_SDK-2.5.1\tools\lib\otau\libotau_eeprom.a(csr_ota.o)
 .text.OtaWriteCurrentApp
                0x0000431d       0x3b C:\CSR_uEnergy_SDK-2.5.1\tools\lib\otau\libotau_eeprom.a(csr_ota.o)
                0x0000431d                OtaWriteCurrentApp
 .text.crcBlock
                0x00004358       0x2e C:\CSR_uEnergy_SDK-2.5.1\tools\lib\otau\libotau_eeprom.a(crc16.o)
                0x00004358                crcBlock
 .text.StorageDeviceErase
                0x00004386        0x2 C:\CSR_uEnergy_SDK-2.5.1\tools\lib\otau\libotau_eeprom.a(eeprom.o)
                0x00004386                StorageDeviceErase
 .text.writeProtect
                0x00004388       0x15 C:\CSR_uEnergy_SDK-2.5.1\tools\lib\otau\libotau_eeprom.a(eeprom.o)
 .text.StorageDeviceWrite
                0x0000439d       0x14 C:\CSR_uEnergy_SDK-2.5.1\tools\lib\otau\libotau_eeprom.a(eeprom.o)
                0x0000439d                StorageDeviceWrite
 .text.StorageDeviceRead
                0x000043b1        0xd C:\CSR_uEnergy_SDK-2.5.1\tools\lib\otau\libotau_eeprom.a(eeprom.o)
                0x000043b1                StorageDeviceRead
 .text.StorageDeviceInit
                0x000043be       0x4b C:\CSR_uEnergy_SDK-2.5.1\tools\lib\otau\libotau_eeprom.a(eeprom.o)
                0x000043be                StorageDeviceInit
 .text.___libgatt_lib_db_4554
                0x00004409        0x6 C:\CSR_uEnergy_SDK-2.5.1\tools\lib\CSR101x_A05\libgatt_lib_ram.a(patch_ls_app_if.o)
                0x00004409                ___libgatt_lib_db_4554
 .text.patch_process_hci_event
                0x0000440f       0x2f C:\CSR_uEnergy_SDK-2.5.1\tools\lib\CSR101x_A05\libgatt_lib_ram.a(patch_ls_app_if.o)
 .text.LsRadioEventNotification
                0x0000443e        0x9 C:\CSR_uEnergy_SDK-2.5.1\tools\lib\CSR101x_A05\libgatt_lib_ram.a(patch_ls_app_if.o)
                0x0000443e                LsRadioEventNotification
 .text.LsSetTransmitPowerLevel
                0x00004447        0x9 C:\CSR_uEnergy_SDK-2.5.1\tools\lib\CSR101x_A05\libgatt_lib_ram.a(ls_app_if_ram.o)
                0x00004447                LsSetTransmitPowerLevel
 .text.LsReadTransmitPowerLevel
                0x00004450        0x8 C:\CSR_uEnergy_SDK-2.5.1\tools\lib\CSR101x_A05\libgatt_lib_ram.a(ls_app_if_ram.o)
                0x00004450                LsReadTransmitPowerLevel
 .text.___libgatt_lib_db_4563
                0x00004458        0xe C:\CSR_uEnergy_SDK-2.5.1\tools\lib\CSR101x_A05\libgatt_lib_ram.a(patch_ls_advertising_if.o)
                0x00004458                ___libgatt_lib_db_4563
 .text.ls_advscan_set_payload_data
                0x00004466       0x46 C:\CSR_uEnergy_SDK-2.5.1\tools\lib\CSR101x_A05\libgatt_lib_ram.a(patch_ls_advertising_if.o)
 .text.___libgatt_lib_db_4564
                0x000044ac        0xb C:\CSR_uEnergy_SDK-2.5.1\tools\lib\CSR101x_A05\libgatt_lib_ram.a(patch_ls_advertising_if.o)
                0x000044ac                ___libgatt_lib_db_4564
 .text.LsStoreAdvDataNoAdFlags
                0x000044b7       0x2c C:\CSR_uEnergy_SDK-2.5.1\tools\lib\CSR101x_A05\libgatt_lib_ram.a(patch_ls_advertising_if.o)
                0x000044b7                LsStoreAdvDataNoAdFlags
 .text.LsStoreAdvScanData
                0x000044e3        0xf C:\CSR_uEnergy_SDK-2.5.1\tools\lib\CSR101x_A05\libgatt_lib_ram.a(patch_ls_advertising_if.o)
                0x000044e3                LsStoreAdvScanData
 .text.LsStartStopAdvertise
                0x000044f2        0xc C:\CSR_uEnergy_SDK-2.5.1\tools\lib\CSR101x_A05\libgatt_lib_ram.a(patch_ls_advertising_if.o)
                0x000044f2                LsStartStopAdvertise
 .text.___libgatt_lib_db_4573
                0x000044fe       0x1e C:\CSR_uEnergy_SDK-2.5.1\tools\lib\CSR101x_A05\libgatt_lib_ram.a(patch_l2cap.o)
                0x000044fe                ___libgatt_lib_db_4573
 .text.___libgatt_lib_db_4572
                0x0000451c        0xc C:\CSR_uEnergy_SDK-2.5.1\tools\lib\CSR101x_A05\libgatt_lib_ram.a(patch_l2cap.o)
                0x0000451c                ___libgatt_lib_db_4572
 .text.GattInit
                0x00004528       0x1f C:\CSR_uEnergy_SDK-2.5.1\tools\lib\CSR101x_A05\libgatt_lib_ram.a(gatt_ram.o)
                0x00004528                GattInit
 .text.GattCancelConnectReq
                0x00004547        0x6 C:\CSR_uEnergy_SDK-2.5.1\tools\lib\CSR101x_A05\libgatt_lib_ram.a(patch_gatt.o)
                0x00004547                GattCancelConnectReq
 .text.ram_le_connection_timeout_A05
                0x0000454d       0x34 C:\CSR_uEnergy_SDK-2.5.1\tools\lib\CSR101x_A05\libgatt_lib_ram.a(patch_george.o)
 .text.___libgatt_lib_db_4607
                0x00004581        0x8 C:\CSR_uEnergy_SDK-2.5.1\tools\lib\CSR101x_A05\libgatt_lib_ram.a(patch_george.o)
                0x00004581                ___libgatt_lib_db_4607
 .text.___libgatt_lib_db_4614
                0x00004589       0x1b C:\CSR_uEnergy_SDK-2.5.1\tools\lib\CSR101x_A05\libgatt_lib_ram.a(patch_george.o)
                0x00004589                ___libgatt_lib_db_4614
 .text.___libgatt_lib_db_4613
                0x000045a4       0xde C:\CSR_uEnergy_SDK-2.5.1\tools\lib\CSR101x_A05\libgatt_lib_ram.a(patch_george.o)
                0x000045a4                ___libgatt_lib_db_4613
 .text.rx_timing_report
                0x00004682       0xb1 C:\CSR_uEnergy_SDK-2.5.1\tools\lib\CSR101x_A05\libgatt_lib_ram.a(patch_george.o)
 .text.ram_le_handle_event
                0x00004733       0xeb C:\CSR_uEnergy_SDK-2.5.1\tools\lib\CSR101x_A05\libgatt_lib_ram.a(patch_george.o)
 .text.___libgatt_lib_db_4550
                0x0000481e       0x1f C:\CSR_uEnergy_SDK-2.5.1\tools\lib\CSR101x_A05\libgatt_lib_ram.a(patch_george.o)
                0x0000481e                ___libgatt_lib_db_4550
 .text.___libgatt_lib_db_4549
                0x0000483d       0x30 C:\CSR_uEnergy_SDK-2.5.1\tools\lib\CSR101x_A05\libgatt_lib_ram.a(patch_george.o)
                0x0000483d                ___libgatt_lib_db_4549
 .text.___libgatt_lib_db_4608
                0x0000486d      0x17f C:\CSR_uEnergy_SDK-2.5.1\tools\lib\CSR101x_A05\libgatt_lib_ram.a(patch_george.o)
                0x0000486d                ___libgatt_lib_db_4608
 .text.___libgatt_lib_db_4544
                0x000049ec       0x26 C:\CSR_uEnergy_SDK-2.5.1\tools\lib\CSR101x_A05\libgatt_lib_ram.a(patch_george.o)
                0x000049ec                ___libgatt_lib_db_4544
 .text.___libgatt_lib_db_4615
                0x00004a12       0xb4 C:\CSR_uEnergy_SDK-2.5.1\tools\lib\CSR101x_A05\libgatt_lib_ram.a(patch_george.o)
                0x00004a12                ___libgatt_lib_db_4615
 .text.___libgatt_lib_db_4626
                0x00004ac6        0xc C:\CSR_uEnergy_SDK-2.5.1\tools\lib\CSR101x_A05\libgatt_lib_ram.a(patch_george_ll.o)
                0x00004ac6                ___libgatt_lib_db_4626
 .text.___libgatt_lib_db_4625
                0x00004ad2       0x11 C:\CSR_uEnergy_SDK-2.5.1\tools\lib\CSR101x_A05\libgatt_lib_ram.a(patch_george_ll.o)
                0x00004ad2                ___libgatt_lib_db_4625
 .text.___libgatt_lib_db_4627
                0x00004ae3      0x121 C:\CSR_uEnergy_SDK-2.5.1\tools\lib\CSR101x_A05\libgatt_lib_ram.a(patch_george_ll.o)
                0x00004ae3                ___libgatt_lib_db_4627
 .text.___libgatt_lib_db_4642
                0x00004c04       0x27 C:\CSR_uEnergy_SDK-2.5.1\tools\lib\CSR101x_A05\libgatt_lib_ram.a(patch_dbase.o)
                0x00004c04                ___libgatt_lib_db_4642
 .text.___libgatt_lib_db_4636
                0x00004c2b       0x1f C:\CSR_uEnergy_SDK-2.5.1\tools\lib\CSR101x_A05\libgatt_lib_ram.a(patch_dbase.o)
                0x00004c2b                ___libgatt_lib_db_4636
 .text.dbase_safe_access_check_curr
                0x00004c4a        0x3 C:\CSR_uEnergy_SDK-2.5.1\tools\lib\CSR101x_A05\libgatt_lib_ram.a(patch_dbase.o)
 .text.___libgatt_lib_db_4641
                0x00004c4d       0x11 C:\CSR_uEnergy_SDK-2.5.1\tools\lib\CSR101x_A05\libgatt_lib_ram.a(patch_dbase.o)
                0x00004c4d                ___libgatt_lib_db_4641
 .text.___libgatt_lib_db_4639
                0x00004c5e       0x11 C:\CSR_uEnergy_SDK-2.5.1\tools\lib\CSR101x_A05\libgatt_lib_ram.a(patch_dbase.o)
                0x00004c5e                ___libgatt_lib_db_4639
 .text.___libgatt_lib_db_4638
                0x00004c6f        0xf C:\CSR_uEnergy_SDK-2.5.1\tools\lib\CSR101x_A05\libgatt_lib_ram.a(patch_dbase.o)
                0x00004c6f                ___libgatt_lib_db_4638
 .text.___libgatt_lib_db_4637
                0x00004c7e        0x7 C:\CSR_uEnergy_SDK-2.5.1\tools\lib\CSR101x_A05\libgatt_lib_ram.a(patch_dbase.o)
                0x00004c7e                ___libgatt_lib_db_4637
 .text.___libgatt_lib_db_4651
                0x00004c85        0xc C:\CSR_uEnergy_SDK-2.5.1\tools\lib\CSR101x_A05\libgatt_lib_ram.a(hal_debugbus_state.o)
                0x00004c85                ___libgatt_lib_db_4651
 .text.___libgatt_lib_db_4650
                0x00004c91        0xc C:\CSR_uEnergy_SDK-2.5.1\tools\lib\CSR101x_A05\libgatt_lib_ram.a(hal_debugbus_state.o)
                0x00004c91                ___libgatt_lib_db_4650
 .text.___libgatt_lib_db_4656
                0x00004c9d        0x5 C:\CSR_uEnergy_SDK-2.5.1\tools\lib\CSR101x_A05\libgatt_lib_ram.a(patch_halradiotrim.o)
                0x00004c9d                ___libgatt_lib_db_4656
 .text.___libgatt_lib_db_4206
                0x00004ca2       0x1d C:\CSR_uEnergy_SDK-2.5.1\tools\lib\CSR101x_A05\libgatt_lib_ram.a(patch_halradiotrim.o)
                0x00004ca2                ___libgatt_lib_db_4206
 .text.___libgatt_lib_db_4208
                0x00004cbf       0x11 C:\CSR_uEnergy_SDK-2.5.1\tools\lib\CSR101x_A05\libgatt_lib_ram.a(patch_halradiotrim.o)
                0x00004cbf                ___libgatt_lib_db_4208
 .text.___libgatt_lib_db_4209
                0x00004cd0       0x4d C:\CSR_uEnergy_SDK-2.5.1\tools\lib\CSR101x_A05\libgatt_lib_ram.a(patch_halradiotrim.o)
                0x00004cd0                ___libgatt_lib_db_4209
 .text.RAM_set_tx_power_parameters
                0x00004d1d       0x57 C:\CSR_uEnergy_SDK-2.5.1\tools\lib\CSR101x_A05\libgatt_lib_ram.a(patch_halradiotrim.o)
 .text.___libgatt_lib_db_4657
                0x00004d74        0xf C:\CSR_uEnergy_SDK-2.5.1\tools\lib\CSR101x_A05\libgatt_lib_ram.a(patch_halradiotrim.o)
                0x00004d74                ___libgatt_lib_db_4657
 .text.___libgatt_lib_db_4655
                0x00004d83        0xa C:\CSR_uEnergy_SDK-2.5.1\tools\lib\CSR101x_A05\libgatt_lib_ram.a(patch_halradiotrim.o)
                0x00004d83                ___libgatt_lib_db_4655
 .text.___libgatt_lib_db_4205
                0x00004d8d        0x9 C:\CSR_uEnergy_SDK-2.5.1\tools\lib\CSR101x_A05\libgatt_lib_ram.a(patch_halradiotrim.o)
                0x00004d8d                ___libgatt_lib_db_4205
 .text.___libgatt_lib_db_4665
                0x00004d96       0x24 C:\CSR_uEnergy_SDK-2.5.1\tools\lib\CSR101x_A05\libgatt_lib_ram.a(patch_timer.o)
                0x00004d96                ___libgatt_lib_db_4665
 .text.SMEncryptRawAes
                0x00004dba        0x3 C:\CSR_uEnergy_SDK-2.5.1\tools\lib\CSR101x_A05\libgatt_lib_ram.a(patch_crypt.o)
                0x00004dba                SMEncryptRawAes
 .text.ram_app_init
                0x00004dbd       0x31 C:\CSR_uEnergy_SDK-2.5.1\tools\lib\CSR101x_A05\libgatt_lib_ram.a(main_ram.o)
                0x00004dbd                ram_app_init
 .text.___libgatt_lib_db_4364
                0x00004dee        0x8 C:\CSR_uEnergy_SDK-2.5.1\tools\lib\CSR101x_A05\libgatt_lib_ram.a(hw_patch_install.o)
                0x00004dee                ___libgatt_lib_db_4364
 .text.PioCtrlrStart
                0x00004df6        0x4 C:\CSR_uEnergy_SDK-2.5.1\tools\lib\CSR101x_A05\libgatt_lib_ram.a(pio_ctrlr.o)
                0x00004df6                PioCtrlrStart
 .text.PioCtrlrStop
                0x00004dfa        0x4 C:\CSR_uEnergy_SDK-2.5.1\tools\lib\CSR101x_A05\libgatt_lib_ram.a(pio_ctrlr.o)
                0x00004dfa                PioCtrlrStop
 .text.PioCtrlrClock
                0x00004dfe        0xc C:\CSR_uEnergy_SDK-2.5.1\tools\lib\CSR101x_A05\libgatt_lib_ram.a(pio_ctrlr.o)
                0x00004dfe                PioCtrlrClock
 .text.___libgatt_lib_db_4368
                0x00004e0a       0x43 C:\CSR_uEnergy_SDK-2.5.1\tools\lib\CSR101x_A05\libgatt_lib_ram.a(pio_ctrlr.o)
                0x00004e0a                ___libgatt_lib_db_4368
 .text.PioCtrlrInit
                0x00004e4d       0x25 C:\CSR_uEnergy_SDK-2.5.1\tools\lib\CSR101x_A05\libgatt_lib_ram.a(pio_ctrlr.o)
                0x00004e4d                PioCtrlrInit
 .text.NvmConfigureI2cEeprom
                0x00004e72       0x19 C:\CSR_uEnergy_SDK-2.5.1\tools\lib\CSR101x_A05\libgatt_lib_ram.a(patch_i2c_app_mem_mgr.o)
                0x00004e72                NvmConfigureI2cEeprom
 .text.new_write_i2c
                0x00004e8b       0x16 C:\CSR_uEnergy_SDK-2.5.1\tools\lib\CSR101x_A05\libgatt_lib_ram.a(patch_i2c_app_mem_mgr.o)
 .text.new_erase_i2c
                0x00004ea1       0x26 C:\CSR_uEnergy_SDK-2.5.1\tools\lib\CSR101x_A05\libgatt_lib_ram.a(patch_i2c_app_mem_mgr.o)
 .text.new_read_i2c
                0x00004ec7       0x16 C:\CSR_uEnergy_SDK-2.5.1\tools\lib\CSR101x_A05\libgatt_lib_ram.a(patch_i2c_app_mem_mgr.o)
 .text.new_disable_i2c
                0x00004edd        0xb C:\CSR_uEnergy_SDK-2.5.1\tools\lib\CSR101x_A05\libgatt_lib_ram.a(patch_i2c_app_mem_mgr.o)
 .text.PioSetMode
                0x00004ee8        0xb C:\CSR_uEnergy_SDK-2.5.1\tools\lib\CSR101x_A05\libgatt_lib_ram.a(robs_pio_ram.o)
                0x00004ee8                PioSetMode
 .text.BatteryReadLowThreshold
                0x00004ef3        0x3 C:\CSR_uEnergy_SDK-2.5.1\tools\lib\CSR101x_A05\libgatt_lib_ram.a(patch_battery.o)
                0x00004ef3                BatteryReadLowThreshold
 .text.IdGetLlVerBtle
                0x00004ef6        0x3 C:\CSR_uEnergy_SDK-2.5.1\tools\lib\CSR101x_A05\libgatt_lib_ram.a(id_ram.o)
                0x00004ef6                IdGetLlVerBtle
 .text.___libgatt_lib_db_4214
                0x00004ef9      0x15c C:\CSR_uEnergy_SDK-2.5.1\tools\lib\CSR101x_A05\libgatt_lib_ram.a(patch_thermometer.o)
                0x00004ef9                ___libgatt_lib_db_4214
 .text.___libgatt_lib_db_4568
                0x00005055       0x10 C:\CSR_uEnergy_SDK-2.5.1\tools\lib\CSR101x_A05\libgatt_lib_ram.a(patch_ls_l2cap_if.o)
                0x00005055                ___libgatt_lib_db_4568
 .text.___libgatt_lib_db_4569
                0x00005065       0x12 C:\CSR_uEnergy_SDK-2.5.1\tools\lib\CSR101x_A05\libgatt_lib_ram.a(patch_ls_l2cap_if.o)
                0x00005065                ___libgatt_lib_db_4569
 .text.___libgatt_lib_db_4576
                0x00005077        0xe C:\CSR_uEnergy_SDK-2.5.1\tools\lib\CSR101x_A05\libgatt_lib_ram.a(patch_att_install.o)
                0x00005077                ___libgatt_lib_db_4576
 .text.patch_att_handle_execute_write_req
                0x00005085       0xef C:\CSR_uEnergy_SDK-2.5.1\tools\lib\CSR101x_A05\libgatt_lib_ram.a(patch_att_install.o)
 .text.patch_att_handle_read_multi_req
                0x00005174       0xb1 C:\CSR_uEnergy_SDK-2.5.1\tools\lib\CSR101x_A05\libgatt_lib_ram.a(patch_att_install.o)
 .text.___libgatt_lib_db_4632
                0x00005225       0x55 C:\CSR_uEnergy_SDK-2.5.1\tools\lib\CSR101x_A05\libgatt_lib_ram.a(patch_george_adv.o)
                0x00005225                ___libgatt_lib_db_4632
 .text.___libgatt_lib_db_4633
                0x0000527a       0x1a C:\CSR_uEnergy_SDK-2.5.1\tools\lib\CSR101x_A05\libgatt_lib_ram.a(patch_george_adv.o)
                0x0000527a                ___libgatt_lib_db_4633
 .text.___libgatt_lib_db_4663
                0x00005294       0x53 C:\CSR_uEnergy_SDK-2.5.1\tools\lib\CSR101x_A05\libgatt_lib_ram.a(patch_halradio.o)
                0x00005294                ___libgatt_lib_db_4663
 .text.___libgatt_lib_db_4668
                0x000052e7       0x1d C:\CSR_uEnergy_SDK-2.5.1\tools\lib\CSR101x_A05\libgatt_lib_ram.a(patch_sleep.o)
                0x000052e7                ___libgatt_lib_db_4668
 .text.___libgatt_lib_db_4207
                0x00005304        0xd C:\CSR_uEnergy_SDK-2.5.1\tools\lib\CSR101x_A05\libgatt_lib_ram.a(patch_reset.o)
                0x00005304                ___libgatt_lib_db_4207
 .text.___libgatt_lib_db_4670
                0x00005311       0x69 C:\CSR_uEnergy_SDK-2.5.1\tools\lib\CSR101x_A05\libgatt_lib_ram.a(patch_pools.o)
                0x00005311                ___libgatt_lib_db_4670
 .text.___libgatt_lib_db_4673
                0x0000537a        0xe C:\CSR_uEnergy_SDK-2.5.1\tools\lib\CSR101x_A05\libgatt_lib_ram.a(patch_background_loop.o)
                0x0000537a                ___libgatt_lib_db_4673
 .text.___libgatt_lib_db_4675
                0x00005388        0x5 C:\CSR_uEnergy_SDK-2.5.1\tools\lib\CSR101x_A05\libgatt_lib_ram.a(patch_fault.o)
                0x00005388                ___libgatt_lib_db_4675
 .text.___libgatt_lib_db_4694
                0x0000538d       0x3b C:\CSR_uEnergy_SDK-2.5.1\tools\lib\CSR101x_A05\libgatt_lib_ram.a(patch_pmu.o)
                0x0000538d                ___libgatt_lib_db_4694
 .text.___libgatt_lib_db_4693
                0x000053c8       0x19 C:\CSR_uEnergy_SDK-2.5.1\tools\lib\CSR101x_A05\libgatt_lib_ram.a(patch_pmu.o)
                0x000053c8                ___libgatt_lib_db_4693
 .text.___libgatt_lib_db_4691
                0x000053e1       0x1e C:\CSR_uEnergy_SDK-2.5.1\tools\lib\CSR101x_A05\libgatt_lib_ram.a(patch_pmu.o)
                0x000053e1                ___libgatt_lib_db_4691
 .text.___libgatt_lib_db_4692
                0x000053ff       0x2e C:\CSR_uEnergy_SDK-2.5.1\tools\lib\CSR101x_A05\libgatt_lib_ram.a(patch_pmu.o)
                0x000053ff                ___libgatt_lib_db_4692
 .text.___libgatt_lib_db_4706
                0x0000542d       0x86 C:\CSR_uEnergy_SDK-2.5.1\tools\lib\CSR101x_A05\libgatt_lib_ram.a(patch_updates.o)
                0x0000542d                ___libgatt_lib_db_4706
 .text.___libgatt_lib_db_4708
                0x000054b3       0x27 C:\CSR_uEnergy_SDK-2.5.1\tools\lib\CSR101x_A05\libgatt_lib_ram.a(patch_adc.o)
                0x000054b3                ___libgatt_lib_db_4708
 *(.apptext)
 *(.apptext.*)
 *xap2crte.o(.text)
 *xap2crte.o(.text.*)
                0x000054da                PROG_APPCODE_END = .
                0x000074da                DATA_CONST_START = (DATA_RAM_START + .)
                0x000074da                . = DATA_CONST_START

.const
 *(CONST)
 *(CONST.*)
                0x000074da                DATA_CONST_END = .
                0x000074da                DATA_RODATA_START = .
                0x000074db                . = (. + 0x1)

.rodata         0x000074db      0x261
 *(.rodata)
 .rodata        0x000074db        0x2 depend_Release_CSR101x_A05\csr_mesh_light_gatt.o
 *(.rodata.*)
 .rodata.cct_red_lut
                0x000074dd        0xb depend_Release_CSR101x_A05\csr_mesh_light_hw.o
 .rodata.cct_green_lut
                0x000074e8        0xe depend_Release_CSR101x_A05\csr_mesh_light_hw.o
 .rodata.cct_blue_lut
                0x000074f6        0x9 depend_Release_CSR101x_A05\csr_mesh_light_hw.o
 .rodata.C.2..3415.
                0x000074ff        0x3 depend_Release_CSR101x_A05\csr_mesh_light_gatt.o
 .rodata.MeshControlHandleAccessWrite
                0x00007502        0x7 depend_Release_CSR101x_A05\mesh_control_service.o
 .rodata.str2.2
                0x00007509       0x70 depend_Release_CSR101x_A05\app_data_stream.o
 .rodata.getDurationForState
                0x00007579        0x5 depend_Release_CSR101x_A05\app_mesh_event_handler.o
 .rodata.AppLightEventHandler
                0x0000757e        0x8 depend_Release_CSR101x_A05\app_mesh_event_handler.o
 .rodata.str2.2
                0x00007586       0x22 ..\..\libraries\libcsrmesh.a(csr_mesh.o)
 .rodata.keyValuePairTable
                0x000075a8       0x12 ..\..\libraries\libcsrmesh.a(csr_mesh_ps_ifce.o)
 .rodata.MaspProcessMessage
                0x000075ba        0xe ..\..\libraries\libcsrmesh.a(csr_mesh_masp.o)
 .rodata.str2.2
                0x000075c8       0x14 ..\..\libraries\libcsrmesh.a(csr_mesh_masp.o)
 .rodata.g_mtl_enc_key
                0x000075dc       0x1f ..\..\libraries\libcsrmesh.a(csr_mesh_mtl.o)
 .rodata.masp_nw_iv
                0x000075fb        0x8 ..\..\libraries\libcsrmesh.a(csr_mesh_mtl.o)
 .rodata.masp_nw_key
                0x00007603       0x10 ..\..\libraries\libcsrmesh.a(csr_mesh_mtl.o)
 .rodata.sha256_init_table
                0x00007613       0x10 ..\..\libraries\libcsrmesh.a(csr_mesh_sha256_initialise.o)
 .rodata.sm_ad_data
                0x00007623        0x3 ..\..\libraries\libcsrmesh.a(csr1010_scheduler.o)
 .rodata.configModelServerHandler
                0x00007626       0x10 ..\..\libraries\libcsrmesh.a(csr_mesh_config_model.o)
 .rodata.P192_p
                0x00007636        0xd ..\..\libraries\libcsrmesh.a(csr_mesh_ec_math.o)
 .rodata.P192_Gx
                0x00007643        0xc ..\..\libraries\libcsrmesh.a(csr_mesh_ec_math.o)
 .rodata.P192_Gy
                0x0000764f        0xc ..\..\libraries\libcsrmesh.a(csr_mesh_ec_math.o)
 .rodata.P192_q
                0x0000765b        0xc ..\..\libraries\libcsrmesh.a(csr_mesh_ec_math.o)
 .rodata.sha256_consts
                0x00007667       0x80 ..\..\libraries\libcsrmesh.a(csr_mesh_sha256_calc_ith_hash_val.o)
 .rodata.lightModelServerHandler
                0x000076e7        0x8 ..\..\libraries\liblight_server.a(Light_model.o)
 .rodata.powerModelServerHandler
                0x000076ef        0x5 ..\..\libraries\libpower_server.a(Power_model.o)
 .rodata.tx_power_table
                0x000076f4       0x28 C:\CSR_uEnergy_SDK-2.5.1\tools\lib\CSR101x_A05\libgatt_lib_ram.a(patch_halradiotrim.o)
                0x000076f4                ___libgatt_lib_db_4662
 .rodata.ram_build_identifier_integer
                0x0000771c        0x1 C:\CSR_uEnergy_SDK-2.5.1\tools\lib\CSR101x_A05\libgatt_lib_ram.a(id_ram.o)
                0x0000771c                ram_build_identifier_integer
 .rodata.ram_build_identifier_string
                0x0000771d       0x16 C:\CSR_uEnergy_SDK-2.5.1\tools\lib\CSR101x_A05\libgatt_lib_ram.a(id_ram.o)
                0x0000771d                ram_build_identifier_string
 .rodata.slut_extended
                0x00007733        0x9 C:\CSR_uEnergy_SDK-2.5.1\tools\lib\CSR101x_A05\libgatt_lib_ram.a(slut.o)
                0x00007733                ___libgatt_lib_db_4710
                0x0000773c                DATA_RODATA_END = .

.bss            0x0000773c      0x8d1
                0x0000773c                DATA_BSS_APP_START = .
 *(.bss)
 .bss           0x0000773c        0x3 C:\CSR_uEnergy_SDK-2.5.1\tools\lib\CSR101x_A05\libgatt_lib_ram.a(patch_sm.o)
                0x0000773c                sm_security_started
 .bss           0x0000773f        0x1 C:\CSR_uEnergy_SDK-2.5.1\tools\lib\CSR101x_A05\libgatt_lib_ram.a(patch_sm_l2cap.o)
 *(.bss.*)
 .bss.long_keypress_tid
                0x00007740        0x1 depend_Release_CSR101x_A05\csr_mesh_light_hw.o
 .bss.app_timers
                0x00007741       0x54 depend_Release_CSR101x_A05\csr_mesh_light.o
 .bss.data_transfer_data_length
                0x00007795        0x1 depend_Release_CSR101x_A05\csr_ota_service.o
 .bss.data_transfer_memory
                0x00007796       0x14 depend_Release_CSR101x_A05\csr_ota_service.o
 .bss.data_transfer_configuration
                0x000077aa        0x2 depend_Release_CSR101x_A05\csr_ota_service.o
 .bss.ota_serv_data
                0x000077ac        0x1 depend_Release_CSR101x_A05\csr_ota_service.o
 .bss.g_gap_data
                0x000077ad        0x3 depend_Release_CSR101x_A05\gap_service.o
 .bss.g_gatt_data
                0x000077b0        0x1 depend_Release_CSR101x_A05\gatt_service.o
 .bss.tx_stream_offset
                0x000077b1        0x1 depend_Release_CSR101x_A05\app_data_stream.o
 .bss.stream_send_retry_count
                0x000077b2        0x1 depend_Release_CSR101x_A05\app_data_stream.o
 .bss.stream_send_retry_tid
                0x000077b3        0x1 depend_Release_CSR101x_A05\app_data_stream.o
 .bss.rx_stream_offset
                0x000077b4        0x1 depend_Release_CSR101x_A05\app_data_stream.o
 .bss.rx_stream_in_progress
                0x000077b5        0x1 depend_Release_CSR101x_A05\app_data_stream.o
 .bss.device_info
                0x000077b6      0x100 depend_Release_CSR101x_A05\app_data_stream.o
 .bss.device_info_length
                0x000078b6        0x1 depend_Release_CSR101x_A05\app_data_stream.o
 .bss.app_stream_state
                0x000078b7        0x7 depend_Release_CSR101x_A05\app_data_stream.o
 .bss.rx_stream_timeout_tid
                0x000078be        0x1 depend_Release_CSR101x_A05\app_data_stream.o
 .bss.current_stream_code
                0x000078bf        0x1 depend_Release_CSR101x_A05\app_data_stream.o
 .bss.unpackedData
                0x000078c0       0x1f depend_Release_CSR101x_A05\app_fw_event_handler.o
 .bss.rx_ttl    0x000078df        0x1 depend_Release_CSR101x_A05\app_fw_event_handler.o
 .bss.attn_tid  0x000078e0        0x1 depend_Release_CSR101x_A05\app_mesh_event_handler.o
 .bss.g_trans_data
                0x000078e1       0x15 depend_Release_CSR101x_A05\app_mesh_event_handler.o
 .bss.bearerReady
                0x000078f6        0x1 ..\..\libraries\libcsrmesh.a(csr_mesh_bearer_porting.o)
 .bss.rssiOfCurrentMessage
                0x000078f7        0x1 ..\..\libraries\libcsrmesh.a(csr_mesh_bearer_porting.o)
 .bss.tx_mesg_queue
                0x000078f8       0x81 ..\..\libraries\libcsrmesh.a(csr_mesh_bearer_porting_util.o)
 .bss.g_mesh_nvm_data
                0x00007979        0x2 ..\..\libraries\libcsrmesh.a(csr_mesh_nvm.o)
 .bss.g_masp_data
                0x0000797b       0x61 ..\..\libraries\libcsrmesh.a(csr_mesh_masp.o)
 .bss.g_mcp_data
                0x000079dc       0x24 ..\..\libraries\libcsrmesh.a(csr_mesh_mcp.o)
 .bss.g_mtl_data
                0x00007a00      0x22c ..\..\libraries\libcsrmesh.a(csr_mesh_mtl.o)
 .bss.sha256_hmac_priv_context
                0x00007c2c       0x62 ..\..\libraries\libcsrmesh.a(csr_mesh_sha256_hmac.o)
 .bss.unpacked_tx_buffer
                0x00007c8e       0x1f ..\..\libraries\libcsrmesh.a(csr1010_scheduler.o)
 .bss.g_scheduler_data
                0x00007cad       0x6e ..\..\libraries\libcsrmesh.a(csr1010_scheduler.o)
 .bss.g_bearer_model_data
                0x00007d1b        0x6 ..\..\libraries\libcsrmesh.a(csr_mesh_bearer_model.o)
 .bss.g_config_model_data
                0x00007d21       0x27 ..\..\libraries\libcsrmesh.a(csr_mesh_config_model.o)
 .bss.g_ec_stack
                0x00007d48      0x1a1 ..\..\libraries\libcsrmesh.a(csr_mesh_ec_alloc.o)
 .bss.g_group_model_data
                0x00007ee9        0x6 ..\..\libraries\libcsrmesh.a(csr_mesh_group_model.o)
 .bss.g_light_model_data
                0x00007eef        0x7 ..\..\libraries\liblight_server.a(Light_model.o)
 .bss.g_power_model_data
                0x00007ef6        0x7 ..\..\libraries\libpower_server.a(Power_model.o)
 .bss.g_attention_model_data
                0x00007efd        0x7 ..\..\libraries\libattention_server.a(Attention_model.o)
 .bss.g_data_model_data
                0x00007f04        0x7 ..\..\libraries\libdata_server.a(Data_model.o)
 .bss.g_data_client_data
                0x00007f0b        0x3 ..\..\libraries\libdata_client.a(Data_client.o)
 .bss.g_battery_model_data
                0x00007f0e        0x7 ..\..\libraries\libbattery_server.a(Battery_model.o)
 .bss.shared_data_location
                0x00007f15        0x1 C:\CSR_uEnergy_SDK-2.5.1\tools\lib\otau\libotau_eeprom.a(csr_ota.o)
 .bss.conn_min_interval
                0x00007f16        0x1 C:\CSR_uEnergy_SDK-2.5.1\tools\lib\otau\libotau_eeprom.a(csr_ota.o)
 .bss.conn_max_interval
                0x00007f17        0x1 C:\CSR_uEnergy_SDK-2.5.1\tools\lib\otau\libotau_eeprom.a(csr_ota.o)
 .bss.conn_latency
                0x00007f18        0x1 C:\CSR_uEnergy_SDK-2.5.1\tools\lib\otau\libotau_eeprom.a(csr_ota.o)
 .bss.conn_timeout
                0x00007f19        0x1 C:\CSR_uEnergy_SDK-2.5.1\tools\lib\otau\libotau_eeprom.a(csr_ota.o)
 .bss.eepromWp  0x00007f1a        0x1 C:\CSR_uEnergy_SDK-2.5.1\tools\lib\otau\libotau_eeprom.a(eeprom.o)
 .bss.__PATCH__ZERO_
                0x00007f1b        0x1 C:\CSR_uEnergy_SDK-2.5.1\tools\lib\CSR101x_A05\libgatt_lib_ram.a(patch_ls_advertising_if.o)
 .bss.__PATCH__ZERO_
                0x00007f1c        0x1 C:\CSR_uEnergy_SDK-2.5.1\tools\lib\CSR101x_A05\libgatt_lib_ram.a(patch_l2cap.o)
 .bss.patch_pending
                0x00007f1d        0x1 C:\CSR_uEnergy_SDK-2.5.1\tools\lib\CSR101x_A05\libgatt_lib_ram.a(patch_george.o)
                0x00007f1d                patch_pending
 .bss.patch_rx_timing_report
                0x00007f1e        0x1 C:\CSR_uEnergy_SDK-2.5.1\tools\lib\CSR101x_A05\libgatt_lib_ram.a(patch_george.o)
                0x00007f1e                patch_rx_timing_report
 .bss.patch_pending_mode
                0x00007f1f        0x1 C:\CSR_uEnergy_SDK-2.5.1\tools\lib\CSR101x_A05\libgatt_lib_ram.a(patch_george.o)
                0x00007f1f                patch_pending_mode
 .bss.__PATCH__ZERO_
                0x00007f20        0x1 C:\CSR_uEnergy_SDK-2.5.1\tools\lib\CSR101x_A05\libgatt_lib_ram.a(patch_george.o)
 .bss.__PATCH__ZERO_
                0x00007f21        0x1 C:\CSR_uEnergy_SDK-2.5.1\tools\lib\CSR101x_A05\libgatt_lib_ram.a(patch_halradiotrim.o)
 .bss.tx_power_table_entry
                0x00007f22        0x1 C:\CSR_uEnergy_SDK-2.5.1\tools\lib\CSR101x_A05\libgatt_lib_ram.a(patch_halradiotrim.o)
 .bss.__PATCH__ZERO_
                0x00007f23        0x1 C:\CSR_uEnergy_SDK-2.5.1\tools\lib\CSR101x_A05\libgatt_lib_ram.a(patch_timer.o)
 .bss.last_32khz_irq_hi.6054.
                0x00007f24        0x1 C:\CSR_uEnergy_SDK-2.5.1\tools\lib\CSR101x_A05\libgatt_lib_ram.a(pio_ctrlr.o)
 .bss.last_32khz_irq_lo.6053.
                0x00007f25        0x2 C:\CSR_uEnergy_SDK-2.5.1\tools\lib\CSR101x_A05\libgatt_lib_ram.a(pio_ctrlr.o)
 .bss.erase_chunk.5653.
                0x00007f27       0x10 C:\CSR_uEnergy_SDK-2.5.1\tools\lib\CSR101x_A05\libgatt_lib_ram.a(patch_i2c_app_mem_mgr.o)
 .bss.enable_lo_offset_adc_update
                0x00007f37        0x1 C:\CSR_uEnergy_SDK-2.5.1\tools\lib\CSR101x_A05\libgatt_lib_ram.a(patch_thermometer.o)
                0x00007f37                enable_lo_offset_adc_update
 .bss.__PATCH__ZERO_
                0x00007f38        0x1 C:\CSR_uEnergy_SDK-2.5.1\tools\lib\CSR101x_A05\libgatt_lib_ram.a(patch_thermometer.o)
 .bss.__PATCH__ZERO_
                0x00007f39        0x1 C:\CSR_uEnergy_SDK-2.5.1\tools\lib\CSR101x_A05\libgatt_lib_ram.a(patch_ls_l2cap_if.o)
 .bss.__PATCH__ZERO_
                0x00007f3a        0x1 C:\CSR_uEnergy_SDK-2.5.1\tools\lib\CSR101x_A05\libgatt_lib_ram.a(patch_pmu.o)
 .bss.__PATCH__ZERO_
                0x00007f3b        0x1 C:\CSR_uEnergy_SDK-2.5.1\tools\lib\CSR101x_A05\libgatt_lib_ram.a(patch_updates.o)
 COMMON         0x00007f3c       0x50 depend_Release_CSR101x_A05\csr_mesh_light.o
                0x00007f3c                g_lightapp_data
                0x00007f7c                data_model_groups
                0x00007f80                light_model_groups
                0x00007f84                power_model_groups
                0x00007f88                attention_model_groups
 COMMON         0x00007f8c       0x3e depend_Release_CSR101x_A05\csr_mesh_light_gatt.o
                0x00007f8c                ad_data
                0x00007fab                scan_rsp_data
 COMMON         0x00007fca       0x1d depend_Release_CSR101x_A05\mesh_control_service.o
                0x00007fca                g_mesh_svc_data
 COMMON         0x00007fe7        0xa ..\..\libraries\libcsrmesh.a(csr_mesh.o)
                0x00007fe7                g_mesh_data
 COMMON         0x00007ff1        0xe ..\..\libraries\libcsrmesh.a(csr_mesh_bearer_porting.o)
                0x00007ff1                g_le_bearer_data
                0x00007ff8                g_gatt_bearer_data
 COMMON         0x00007fff        0x8 ..\..\libraries\libcsrmesh.a(csr_mesh_masp_mcp_common.o)
                0x00007fff                g_device_hash
 COMMON         0x00008007        0x2 C:\CSR_uEnergy_SDK-2.5.1\tools\lib\CSR101x_A05\libgatt_lib_ram.a(patch_sm.o)
                0x00008007                sm_long_term_key_ind
                0x00008008                sm_pairing_auth_ind
 COMMON         0x00008009        0x1 C:\CSR_uEnergy_SDK-2.5.1\tools\lib\CSR101x_A05\libgatt_lib_ram.a(patch_george.o)
                0x00008009                enable_lowduty_directed_adv
 COMMON         0x0000800a        0x3 C:\CSR_uEnergy_SDK-2.5.1\tools\lib\CSR101x_A05\libgatt_lib_ram.a(patch_george_ll.o)
                0x0000800a                george_earliest_transmit_offset
                0x0000800d                DATA_BSS_APP_END = .
                0x000008d1                BSS_APP_SIZE = (DATA_BSS_APP_END - DATA_BSS_APP_START)

.data           0x0000800d      0x144
                0x0000800d                DATA_DATA_START = .
 *(.data)
 *(.data.*)
 .data.gattDatabase
                0x0000800d       0xcb depend_Release_CSR101x_A05\app_gatt_db.o
                0x0000800d                gattDatabase
 .data.mesh_ad_data
                0x000080d8        0x3 depend_Release_CSR101x_A05\csr_mesh_light_util.o
                0x000080d8                mesh_ad_data
 .data.appearance
                0x000080db        0xd depend_Release_CSR101x_A05\csr_mesh_light_util.o
                0x000080db                appearance
 .data.g_device_name
                0x000080e8       0x17 depend_Release_CSR101x_A05\gap_service.o
                0x000080e8                g_device_name
 .data.vid_pid_info
                0x000080ff        0x4 depend_Release_CSR101x_A05\app_mesh_event_handler.o
                0x000080ff                vid_pid_info
 .data.ad_flags
                0x00008103        0x1 C:\CSR_uEnergy_SDK-2.5.1\tools\lib\CSR101x_A05\libgatt_lib_ram.a(patch_ls_advertising_if.o)
 .data.pending_pdu_acks
                0x00008104        0x1 C:\CSR_uEnergy_SDK-2.5.1\tools\lib\CSR101x_A05\libgatt_lib_ram.a(patch_george_ll.o)
                0x00008104                ___libgatt_lib_db_4628
 .data.tgap_con_param_update
                0x00008105        0x1 C:\CSR_uEnergy_SDK-2.5.1\tools\lib\CSR101x_A05\libgatt_lib_ram.a(patch_timer.o)
                0x00008105                ___libgatt_lib_db_4667
 .data.new_i2c_device_address
                0x00008106        0x1 C:\CSR_uEnergy_SDK-2.5.1\tools\lib\CSR101x_A05\libgatt_lib_ram.a(patch_i2c_app_mem_mgr.o)
 .data.lo_offset_adc_update_temp
                0x00008107        0x1 C:\CSR_uEnergy_SDK-2.5.1\tools\lib\CSR101x_A05\libgatt_lib_ram.a(patch_thermometer.o)
 .data.xtal_trim_temp
                0x00008108        0x1 C:\CSR_uEnergy_SDK-2.5.1\tools\lib\CSR101x_A05\libgatt_lib_ram.a(patch_thermometer.o)
 .data.patch_table_data
                0x00008109       0x48 C:\CSR_uEnergy_SDK-2.5.1\tools\lib\CSR101x_A05\libgatt_lib_ram.a(sw_patch_ram.o)
                0x00008109                ___libgatt_lib_db_4542
                0x00008151                DATA_DATA_END = .
                0x0000ef80                . = DATA_PERSIST_START

PERSIST_MEM
 *(PERSIST_MEM)
 *(PERSIST_MEM.*)
                0x0000ef80                DATA_PERSIST_MEM_END = .
                0x00009f84                . = DATA_CSTORE_START

CONFIG_STORE    0x00009f84       0x4b
 *(CONFIG_STORE)
 CONFIG_STORE   0x00009f84       0x4b C:\CSR_uEnergy_SDK-2.5.1\tools\lib\CSR101x_A05\libgatt_lib_ram.a(CONFIG_STORE.o)
                0x00009f84                ___libgatt_lib_db_4269
 *(CONFIG_STORE.*)
                0x00009fcf                DATA_CSTORE_END = .
                0x0000004b                CS_SIZE = (DATA_CSTORE_END - DATA_CSTORE_START)
                0x00009fdc                . = ((DATA_RAM_END - PRESERVE_SIZE) - SLT_SIZE)

SLT             0x00009fdc        0x4
                0x00009fdc                SLT_START = .
 *(SLT)
 SLT            0x00009fdc        0x4 C:\CSR_uEnergy_SDK-2.5.1\tools\lib\CSR101x_A05\libgatt_lib_ram.a(slut.o)
                0x00009fdc                slut
 *(SLT.*)

.preserved      0x00009fe0        0x0
                0x00009fe0                PRESERVED_START = .
 *(PRES_DATA)
 *(PRES_DATA.*)
                0x00009f84                STACK_END = DATA_CSTORE_START
                0x00009c84                . = ((STACK_END - ISTACK_SIZE) - USTACK_SIZE)

.stack          0x00009c84      0x300
                0x00009c84                STACK_START = .
                0x00009c84                USTACK_START = .
                0x00009e84                USTACK_END = (USTACK_START + USTACK_SIZE)
 *(USTACK)
 *(USTACK.*)
                0x00009e84                . = USTACK_END
 *fill*         0x00009c84      0x400 00
                0x00009e84                ISTACK_START = .
                0x00009f84                ISTACK_END = (ISTACK_START + ISTACK_SIZE)
 *(ISTACK)
 *(ISTACK.*)
                0x00009f84                . = ISTACK_END
 *fill*         0x00009e84      0x200 00
                0x00009c84                ALIGNED_DATA_END = STACK_START
                0x00009950                . = (((ALIGNED_DATA_END - RADIODATA_SIZE) - WHITELIST_SIZE) - RADIOBUFS_SIZE)

.aligned_data   0x00009950      0x334
                0x00009950                ALIGNED_DATA_START = .
                0x00009950                DATA_RADIOBUFS_START = .
 *(RADINITTBL)
                0x00009b00                . = (ALIGNED_DATA_START + RADIOBUFS_SIZE)
 *fill*         0x00009950      0x360 00
                0x00009b00                DATA_WHITELIST_START = .
                0x00009b20                . = (DATA_WHITELIST_START + WHITELIST_SIZE)
 *fill*         0x00009b00       0x40 00
 *(.romradiodata)
 .romradiodata  0x00009b20      0x164 C:\CSR_uEnergy_SDK-2.5.1\tools\lib\CSR101x_A05\libgatt_lib_ram.a(.romradiodata.o)
                0x00009b20                DATA_TIMERSTRUCT_START
                0x00009b80                ___libgatt_lib_db_4171
                0x00009b20                ___libgatt_lib_db_4173
                0x00009b80                DATA_RCLUTS_START
                0x00009c84                ALIGN_END_ACTUAL = .
                0x00000001                ASSERT ((DATA_APPDATA_END > DATA_DATA_END), RAM DATA exceeds limit.)
LOAD c:/csr_uenergy_sdk-2.5.1/tools/bin/../lib/gcc/xap-local-xap/4.3.4\libgcc.a
OUTPUT(depend_Release_CSR101x_A05\CSRmeshLight.elf elf32-xap2)

.debug_abbrev   0x00000000      0xd3e
 .debug_abbrev  0x00000000       0x46 depend_Release_CSR101x_A05\app_gatt_db.o
 .debug_abbrev  0x0000008b      0x11f depend_Release_CSR101x_A05\csr_mesh_light_hw.o
 .debug_abbrev  0x000002c8      0x120 depend_Release_CSR101x_A05\csr_mesh_light.o
 .debug_abbrev  0x00000508      0x153 depend_Release_CSR101x_A05\csr_mesh_light_gatt.o
 .debug_abbrev  0x000007ad      0x10a depend_Release_CSR101x_A05\csr_mesh_light_util.o
 .debug_abbrev  0x000009c0      0x105 depend_Release_CSR101x_A05\csr_ota_service.o
 .debug_abbrev  0x00000bca       0x70 depend_Release_CSR101x_A05\fast_pwm.o
 .debug_abbrev  0x00000ca9       0xdb depend_Release_CSR101x_A05\gap_service.o
 .debug_abbrev  0x00000e5e       0xc7 depend_Release_CSR101x_A05\gatt_service.o
 .debug_abbrev  0x00000fec       0x65 depend_Release_CSR101x_A05\iot_hw.o
 .debug_abbrev  0x000010b5       0xce depend_Release_CSR101x_A05\mesh_control_service.o
 .debug_abbrev  0x00001251       0x64 depend_Release_CSR101x_A05\nvm_access.o
 .debug_abbrev  0x00001319      0x130 depend_Release_CSR101x_A05\app_data_stream.o
 .debug_abbrev  0x00001578       0x6a depend_Release_CSR101x_A05\battery_hw.o
 .debug_abbrev  0x0000164c       0xe8 depend_Release_CSR101x_A05\app_fw_event_handler.o
 .debug_abbrev  0x0000181b      0x131 depend_Release_CSR101x_A05\app_mesh_event_handler.o

.debug_info     0x00000000     0x7668
 .debug_info    0x00000000       0x5f depend_Release_CSR101x_A05\app_gatt_db.o
 .debug_info    0x000000be      0x594 depend_Release_CSR101x_A05\csr_mesh_light_hw.o
 .debug_info    0x00000be5     0x17c4 depend_Release_CSR101x_A05\csr_mesh_light.o
 .debug_info    0x00003b6d      0xd11 depend_Release_CSR101x_A05\csr_mesh_light_gatt.o
 .debug_info    0x0000558f      0x677 depend_Release_CSR101x_A05\csr_mesh_light_util.o
 .debug_info    0x0000627d      0xa3e depend_Release_CSR101x_A05\csr_ota_service.o
 .debug_info    0x000076f8      0x134 depend_Release_CSR101x_A05\fast_pwm.o
 .debug_info    0x00007960      0x6d2 depend_Release_CSR101x_A05\gap_service.o
 .debug_info    0x00008703      0x9ba depend_Release_CSR101x_A05\gatt_service.o
 .debug_info    0x00009a77      0x143 depend_Release_CSR101x_A05\iot_hw.o
 .debug_info    0x00009cfc      0x735 depend_Release_CSR101x_A05\mesh_control_service.o
 .debug_info    0x0000ab65      0x219 depend_Release_CSR101x_A05\nvm_access.o
 .debug_info    0x0000af97      0x523 depend_Release_CSR101x_A05\app_data_stream.o
 .debug_info    0x0000b9dd       0xc1 depend_Release_CSR101x_A05\battery_hw.o
 .debug_info    0x0000bb5e      0xe21 depend_Release_CSR101x_A05\app_fw_event_handler.o
 .debug_info    0x0000d7a0      0xa98 depend_Release_CSR101x_A05\app_mesh_event_handler.o

.debug_line     0x00000000     0x1e9b