Archive member included because of file (symbol)

..\..\libraries\libcsrmesh.a(csr_mesh.o)
                              depend_Release_CSR101x_A05\csr_mesh_light.o (CSRmeshRegisterAppCallback)
..\..\libraries\libcsrmesh.a(csr_mesh_ps_ifce.o)
                              ..\..\libraries\libcsrmesh.a(csr_mesh.o) (___libcsrmesh_479)
..\..\libraries\libcsrmesh.a(csr_mesh_bearer.o)
                              ..\..\libraries\libcsrmesh.a(csr_mesh.o) (___libcsrmesh_497)
..\..\libraries\libcsrmesh.a(csr_mesh_bearer_porting.o)
                              ..\..\libraries\libcsrmesh.a(csr_mesh_bearer.o) (g_le_bearer_data)
..\..\libraries\libcsrmesh.a(csr_mesh_bearer_porting_util.o)
                              ..\..\libraries\libcsrmesh.a(csr_mesh_bearer_porting.o) (___libcsrmesh_274)
..\..\libraries\libcsrmesh.a(csr_mesh_nvm.o)
                              ..\..\libraries\libcsrmesh.a(csr_mesh_ps_ifce.o) (___libcsrmesh_309)
..\..\libraries\libcsrmesh.a(csr_mesh_masp.o)
                              ..\..\libraries\libcsrmesh.a(csr_mesh.o) (___libcsrmesh_53)
..\..\libraries\libcsrmesh.a(csr_mesh_mcp.o)
                              ..\..\libraries\libcsrmesh.a(csr_mesh.o) (___libcsrmesh_112)
..\..\libraries\libcsrmesh.a(csr_mesh_mtl.o)
                              ..\..\libraries\libcsrmesh.a(csr_mesh.o) (___libcsrmesh_582)
..\..\libraries\libcsrmesh.a(csr_mesh_sha256_hmac.o)
                              ..\..\libraries\libcsrmesh.a(csr_mesh_mtl.o) (___libcsrmesh_435)
..\..\libraries\libcsrmesh.a(csr_mesh_sha256_initialise.o)
                              ..\..\libraries\libcsrmesh.a(csr_mesh_sha256_hmac.o) (___libcsrmesh_330)
..\..\libraries\libcsrmesh.a(csr_mesh_sha256_process_data.o)
                              ..\..\libraries\libcsrmesh.a(csr_mesh_sha256_hmac.o) (___libcsrmesh_336)
..\..\libraries\libcsrmesh.a(csr_mesh_masp_mcp_common.o)
                              ..\..\libraries\libcsrmesh.a(csr_mesh_masp.o) (___libcsrmesh_119)
..\..\libraries\libcsrmesh.a(csr_mesh_hal_ifce.o)
                              ..\..\libraries\libcsrmesh.a(csr_mesh.o) (___libcsrmesh_677)
..\..\libraries\libcsrmesh.a(csr1010_scheduler.o)
                              ..\..\libraries\libcsrmesh.a(csr_mesh_bearer_porting_util.o) (IsCSRSchedRunning)
..\..\libraries\libcsrmesh.a(csr_mesh_bearer_model.o)
                              ..\..\libraries\libcsrmesh.a(csr_mesh_mcp.o) (BearerModelInit)
..\..\libraries\libcsrmesh.a(csr_mesh_security_ifce.o)
                              ..\..\libraries\libcsrmesh.a(csr_mesh_mtl.o) (___libcsrmesh_490)
..\..\libraries\libcsrmesh.a(csr_mesh_security_ifce_101x.o)
                              ..\..\libraries\libcsrmesh.a(csr_mesh_security_ifce.o) (___libcsrmesh_543)
..\..\libraries\libcsrmesh.a(csr_mesh_config_model.o)
                              ..\..\libraries\libcsrmesh.a(csr_mesh_mcp.o) (ConfigModelInit)
..\..\libraries\libcsrmesh.a(csr_mesh_ec_alloc.o)
                              ..\..\libraries\libcsrmesh.a(csr_mesh_masp.o) (___libcsrmesh_402)
..\..\libraries\libcsrmesh.a(csr_mesh_ec_math.o)
                              ..\..\libraries\libcsrmesh.a(csr_mesh_masp.o) (___libcsrmesh_359)
..\..\libraries\libcsrmesh.a(csr_mesh_group_model.o)
                              ..\..\libraries\libcsrmesh.a(csr_mesh_mcp.o) (GroupModelInit)
..\..\libraries\libcsrmesh.a(csr_mesh_large_num.o)
                              ..\..\libraries\libcsrmesh.a(csr_mesh_ec_math.o) (___libcsrmesh_391)
..\..\libraries\libcsrmesh.a(csr_mesh_sha_add_to_cache.o)
                              ..\..\libraries\libcsrmesh.a(csr_mesh_sha256_process_data.o) (___libcsrmesh_316)
..\..\libraries\libcsrmesh.a(csr_mesh_sha256_calc_ith_hash_val.o)
                              ..\..\libraries\libcsrmesh.a(csr_mesh_sha256_process_data.o) (___libcsrmesh_322)
..\..\libraries\libcsrmesh.a(csr_mesh_sha256_get_results.o)
                              ..\..\libraries\libcsrmesh.a(csr_mesh_sha256_hmac.o) (___libcsrmesh_327)
..\..\libraries\liblight_server.a(Light_model.o)
                              depend_Release_CSR101x_A05\app_mesh_event_handler.o (LightState)
..\..\libraries\libpower_server.a(Power_model.o)
                              depend_Release_CSR101x_A05\csr_mesh_light.o (PowerModelInit)
..\..\libraries\libattention_server.a(Attention_model.o)
                              depend_Release_CSR101x_A05\csr_mesh_light.o (AttentionModelInit)
..\..\libraries\libdata_server.a(Data_model.o)
                              depend_Release_CSR101x_A05\app_data_stream.o (DataModelInit)
..\..\libraries\libdata_client.a(Data_client.o)
                              depend_Release_CSR101x_A05\app_data_stream.o (DataStreamSend)
..\..\libraries\libbattery_server.a(Battery_model.o)
                              depend_Release_CSR101x_A05\battery_hw.o (BatteryState)
C:\CSR_uEnergy_SDK-2.5.1\tools\lib\otau\libotau_eeprom.a(csr_ota.o)
                              depend_Release_CSR101x_A05\app_fw_event_handler.o (OtaReset)
[...]
Memory Configuration

Name             Origin             Length             Attributes
*default*        0x00000000         0xffffffff

Linker script and memory map

LOAD depend_Release_CSR101x_A05\app_gatt_db.o
LOAD depend_Release_CSR101x_A05\csr_mesh_light_hw.o
LOAD depend_Release_CSR101x_A05\csr_mesh_light.o
LOAD depend_Release_CSR101x_A05\csr_mesh_light_gatt.o
LOAD depend_Release_CSR101x_A05\csr_mesh_light_util.o
LOAD depend_Release_CSR101x_A05\csr_ota_service.o
LOAD depend_Release_CSR101x_A05\fast_pwm.o
LOAD depend_Release_CSR101x_A05\gap_service.o
LOAD depend_Release_CSR101x_A05\gatt_service.o
LOAD depend_Release_CSR101x_A05\iot_hw.o
LOAD depend_Release_CSR101x_A05\mesh_control_service.o
LOAD depend_Release_CSR101x_A05\nvm_access.o
LOAD depend_Release_CSR101x_A05\app_data_stream.o
LOAD depend_Release_CSR101x_A05\battery_hw.o
LOAD depend_Release_CSR101x_A05\app_fw_event_handler.o
LOAD depend_Release_CSR101x_A05\app_mesh_event_handler.o
LOAD depend_Release_CSR101x_A05\pio_ctrlr_code.o
LOAD ..\..\libraries\libcsrmesh.a
LOAD ..\..\libraries\liblight_server.a
LOAD ..\..\libraries\libpower_server.a
LOAD ..\..\libraries\libattention_server.a
LOAD ..\..\libraries\libdata_server.a
LOAD ..\..\libraries\libdata_client.a
LOAD ..\..\libraries\libbattery_server.a
LOAD C:\CSR_uEnergy_SDK-2.5.1\tools\lib\otau\libotau_eeprom.a
LOAD C:\CSR_uEnergy_SDK-2.5.1\tools\lib\CSR101x_A05\libgatt_lib_ram.a
LOAD C:\CSR_uEnergy_SDK-2.5.1\tools\lib\CSR101x_A05\rom_img.elf
                0x00000000                PROG_RAM_START = 0x0
                0x00008000                PROG_RAM_SIZE = 0x8000
                0x00008000                PROG_ROM_START = 0x8000
                0x00008000                PROG_ROM_SIZE = 0x8000
                0x00002000                DATA_RAM_START = 0x2000
                0x00008000                DATA_RAM_SIZE = 0x8000
                0x000001b0                RADIOBUFS_SIZE = 0x1b0
                0x00000020                WHITELIST_SIZE = 0x20
                0x00000164                RADIODATA_SIZE = 0x164
                0x00000200                USTACK_SIZE = 0x200
                0x00000100                ISTACK_SIZE = 0x100
                0x00009f84                DATA_CSTORE_START = 0x9f84
                0x00000058                CSTORE_SIZE = 0x58
                0x00000004                SLT_SIZE = 0x4
                0x00000020                PRESERVE_SIZE = 0x20
                0x0000a000                DATA_RAM_END = 0xa000
                0x0000a000                DATA_ROM_START = 0xa000
                0x00004000                DATA_ROM_SIZE = 0x4000
                0x0000ef80                DATA_PERSIST_START = 0xef80
                0x00000080                DATA_PERSIST_SIZE = 0x80
                0x00009360                DATA_ROMDATA_START = 0x9360
                0x00000000                PROG_APPCODE_START = 0x0
                0x00006c00                PROG_APPCODE_END = 0x6c00
                0x00008c40                DATA_APPDATA_START = 0x8c40
                0x00008f00                DATA_APPDATA_END = 0x8f00
                0x80000000                $CODE$ = 0x80000000
                0x00000000                $DATA$ = 0x0
                0x0000ffe0                PROVIDE ($XAP_AH, 0xffe0)
                0x0000ffe1                PROVIDE ($XAP_AL, 0xffe1)
                0x0000ffe2                PROVIDE ($XAP_UXH, 0xffe2)
                0x0000ffe3                PROVIDE ($XAP_UXL, 0xffe3)
                0x0000ffe4                PROVIDE ($XAP_UY, 0xffe4)
                0x0000ffe5                PROVIDE ($XAP_IXH, 0xffe5)
                0x0000ffe6                PROVIDE ($XAP_IXL, 0xffe6)
                0x0000ffe7                PROVIDE ($XAP_IY, 0xffe7)
                0x00000008                . = 0x8

.app_ram_init   0x00000008        0x1
 *(RAM_APP_INIT)
 RAM_APP_INIT   0x00000008        0x1 C:\CSR_uEnergy_SDK-2.5.1\tools\lib\CSR101x_A05\libgatt_lib_ram.a(main_ram.o)
                0x00000008                main_ram_app_init

.fw_patch_bitmap
                0x00000009        0x6
 *(FW_PATCH_BITMAP)
 FW_PATCH_BITMAP
                0x00000009        0x6 C:\CSR_uEnergy_SDK-2.5.1\tools\lib\CSR101x_A05\libgatt_lib_ram.a(sw_patch_ram.o)
                0x00000009                patch_bitmap

.fw_patch_table
                0x0000000f        0x1
 *(FW_PATCH_TABLE)
 FW_PATCH_TABLE
                0x0000000f        0x1 C:\CSR_uEnergy_SDK-2.5.1\tools\lib\CSR101x_A05\libgatt_lib_ram.a(sw_patch_ram.o)
                0x0000000f                patch_table
                0x00000010                PROG_APPCODE_START = .

.text           0x00000010     0x5561 load address 0x80000010
 *xap2crt0.o(.text)
 *xap2crt0.o(.text.*)
                0x00000010                PROG_PATCH_ADDRESS = .
 *(.hw_patch)
 .hw_patch      0x00000010      0x158 C:\CSR_uEnergy_SDK-2.5.1\tools\lib\CSR101x_A05\libgatt_lib_ram.a(patch_baldrick.o)
                0x00000010                hw_patch
 *(.text)
 .text          0x00000168       0x3c C:\CSR_uEnergy_SDK-2.5.1\tools\lib\CSR101x_A05\libgatt_lib_ram.a(sm_ram.o)
                0x00000196                SMDistributeMasterLtk
                0x00000168                ___libgatt_lib_db_476
                0x00000178                SMFeaturesReq
 .text          0x000001a4      0x1cf C:\CSR_uEnergy_SDK-2.5.1\tools\lib\CSR101x_A05\libgatt_lib_ram.a(patch_sm.o)
                0x000001d9                ___libgatt_lib_db_4591
                0x0000024d                ___libgatt_lib_db_4587
                0x0000023e                ___libgatt_lib_db_4593
                0x00000234                ___libgatt_lib_db_4589
                0x00000312                ___libgatt_lib_db_4592
                0x000002c3                ___libgatt_lib_db_4590
                0x0000026f                ___libgatt_lib_db_4602
                0x000001a4                ___libgatt_lib_db_4588
 .text          0x00000373        0xf C:\CSR_uEnergy_SDK-2.5.1\tools\lib\CSR101x_A05\libgatt_lib_ram.a(patch_sm_l2cap.o)
                0x00000373                ___libgatt_lib_db_4604
 *(.text.*)
 .text.GattGetDatabase
                0x00000382        0x8 depend_Release_CSR101x_A05\app_gatt_db.o
                0x00000382                GattGetDatabase
 .text.LightHardwareSetBlink
                0x0000038a        0xb depend_Release_CSR101x_A05\csr_mesh_light_hw.o
                0x0000038a                LightHardwareSetBlink
 .text.LightHardwareSetLevel
                0x00000395       0x28 depend_Release_CSR101x_A05\csr_mesh_light_hw.o
                0x00000395                LightHardwareSetLevel
 .text.LightHardwareSetColor
                0x000003bd        0x7 depend_Release_CSR101x_A05\csr_mesh_light_hw.o
                0x000003bd                LightHardwareSetColor
 .text.LightHardwarePowerControl
                0x000003c4        0x2 depend_Release_CSR101x_A05\csr_mesh_light_hw.o
                0x000003c4                LightHardwarePowerControl
 .text.LightHardwareInit
                0x000003c6        0x2 depend_Release_CSR101x_A05\csr_mesh_light_hw.o
                0x000003c6                LightHardwareInit
 .text.UartDataRxCallback
                0x000003c8        0x6 depend_Release_CSR101x_A05\csr_mesh_light.o
 .text.AppProcessLmEvent
                0x000003ce       0x61 depend_Release_CSR101x_A05\csr_mesh_light.o
                0x000003ce                AppProcessLmEvent
 .text.AppProcessSystemEvent
                0x0000042f        0x5 depend_Release_CSR101x_A05\csr_mesh_light.o
                0x0000042f                AppProcessSystemEvent
 .text.AppDataInit
                0x00000434       0x27 depend_Release_CSR101x_A05\csr_mesh_light.o
                0x00000434                AppDataInit
 .text.AppSetState
                0x0000045b       0x1f depend_Release_CSR101x_A05\csr_mesh_light.o
                0x0000045b                AppSetState
 .text.AppInit  0x0000047a       0xcd depend_Release_CSR101x_A05\csr_mesh_light.o
                0x0000047a                AppInit
 .text.GattStopAdverts
                0x00000547        0xc depend_Release_CSR101x_A05\csr_mesh_light_gatt.o
                0x00000547                GattStopAdverts
 .text.csrStoreUserAdvData
                0x00000553       0x2e depend_Release_CSR101x_A05\csr_mesh_light_gatt.o
 .text.gattSetAdvertData
                0x00000581       0x67 depend_Release_CSR101x_A05\csr_mesh_light_gatt.o
 .text.GattTriggerConnectableAdverts
                0x000005e8       0x4f depend_Release_CSR101x_A05\csr_mesh_light_gatt.o
                0x000005e8                GattTriggerConnectableAdverts
 .text.gattAdvertTimerHandler
                0x00000637        0x9 depend_Release_CSR101x_A05\csr_mesh_light_gatt.o
 .text.HandleAccessRead
                0x00000640       0x37 depend_Release_CSR101x_A05\csr_mesh_light_gatt.o
                0x00000640                HandleAccessRead
 .text.HandleAccessWrite
                0x00000677       0x37 depend_Release_CSR101x_A05\csr_mesh_light_gatt.o
                0x00000677                HandleAccessWrite
 .text.AppPowerOnReset
                0x000006ae        0x1 depend_Release_CSR101x_A05\csr_mesh_light_util.o
                0x000006ae                AppPowerOnReset
 .text.ReportPanic
                0x000006af        0x3 depend_Release_CSR101x_A05\csr_mesh_light_util.o
                0x000006af                ReportPanic
 .text.HandleGroupSetMsg
                0x000006b2       0x6e depend_Release_CSR101x_A05\csr_mesh_light_util.o
                0x000006b2                HandleGroupSetMsg
 .text.AppUpdateBearerState
                0x00000720        0x8 depend_Release_CSR101x_A05\csr_mesh_light_util.o
                0x00000720                AppUpdateBearerState
 .text.InitiateAssociation
                0x00000728       0x1d depend_Release_CSR101x_A05\csr_mesh_light_util.o
                0x00000728                InitiateAssociation
 .text.RemoveAssociation
                0x00000745       0x6d depend_Release_CSR101x_A05\csr_mesh_light_util.o
                0x00000745                RemoveAssociation
 .text.deviceIdAdvertTimeoutHandler
                0x000007b2       0x31 depend_Release_CSR101x_A05\csr_mesh_light_util.o
 .text.ReadPersistentStore
                0x000007e3      0x128 depend_Release_CSR101x_A05\csr_mesh_light_util.o
                0x000007e3                ReadPersistentStore
 .text.OtaDataInit
                0x0000090b        0x4 depend_Release_CSR101x_A05\csr_ota_service.o
                0x0000090b                OtaDataInit
 .text.OtaCheckHandleRange
                0x0000090f        0x7 depend_Release_CSR101x_A05\csr_ota_service.o
                0x0000090f                OtaCheckHandleRange
 .text.OtaResetRequired
                0x00000916        0x3 depend_Release_CSR101x_A05\csr_ota_service.o
                0x00000916                OtaResetRequired
 .text.OtaHandleAccessWrite
                0x00000919       0x93 depend_Release_CSR101x_A05\csr_ota_service.o
                0x00000919                OtaHandleAccessWrite
 .text.OtaHandleAccessRead
                0x000009ac       0x43 depend_Release_CSR101x_A05\csr_ota_service.o
                0x000009ac                OtaHandleAccessRead
 .text.GapCheckHandleRange
                0x000009ef        0x7 depend_Release_CSR101x_A05\gap_service.o
                0x000009ef                GapCheckHandleRange
 .text.GapGetNameAndLength
                0x000009f6        0xd depend_Release_CSR101x_A05\gap_service.o
                0x000009f6                GapGetNameAndLength
 .text.GapDataInit
                0x00000a03        0xb depend_Release_CSR101x_A05\gap_service.o
                0x00000a03                GapDataInit
 .text.gapWriteDeviceNameToNvm
                0x00000a0e       0x16 depend_Release_CSR101x_A05\gap_service.o
 .text.GapInitWriteDataToNVM
                0x00000a24        0xc depend_Release_CSR101x_A05\gap_service.o
                0x00000a24                GapInitWriteDataToNVM
 .text.updateDeviceName
                0x00000a30       0x15 depend_Release_CSR101x_A05\gap_service.o
 .text.GapReadDataFromNVM
                0x00000a45       0x32 depend_Release_CSR101x_A05\gap_service.o
                0x00000a45                GapReadDataFromNVM
 .text.GapHandleAccessWrite
                0x00000a77       0x1b depend_Release_CSR101x_A05\gap_service.o
                0x00000a77                GapHandleAccessWrite
 .text.GapHandleAccessRead
                0x00000a92       0x2d depend_Release_CSR101x_A05\gap_service.o
                0x00000a92                GapHandleAccessRead
 .text.GattDataInit
                0x00000abf        0x4 depend_Release_CSR101x_A05\gatt_service.o
                0x00000abf                GattDataInit
 .text.GattServiceChangedIndActive
                0x00000ac3        0xe depend_Release_CSR101x_A05\gatt_service.o
                0x00000ac3                GattServiceChangedIndActive
 .text.GattCheckHandleRange
                0x00000ad1        0x7 depend_Release_CSR101x_A05\gatt_service.o
                0x00000ad1                GattCheckHandleRange
 .text.GattHandleAccessWrite
                0x00000ad8       0x29 depend_Release_CSR101x_A05\gatt_service.o
                0x00000ad8                GattHandleAccessWrite
 .text.GattHandleAccessRead
                0x00000b01       0x29 depend_Release_CSR101x_A05\gatt_service.o
                0x00000b01                GattHandleAccessRead
 .text.IOTLightControlDeviceInit
                0x00000b2a       0x11 depend_Release_CSR101x_A05\iot_hw.o
                0x00000b2a                IOTLightControlDeviceInit
 .text.IOTLightControlDeviceSetColor
                0x00000b3b       0x74 depend_Release_CSR101x_A05\iot_hw.o
                0x00000b3b                IOTLightControlDeviceSetColor
 .text.IOTLightControlDevicePower
                0x00000baf       0x3b depend_Release_CSR101x_A05\iot_hw.o
                0x00000baf                IOTLightControlDevicePower
 .text.IOTLightControlDeviceBlink
                0x00000bea       0x41 depend_Release_CSR101x_A05\iot_hw.o
                0x00000bea                IOTLightControlDeviceBlink
 .text.MeshControlServiceDataInit
                0x00000c2b        0x4 depend_Release_CSR101x_A05\mesh_control_service.o
                0x00000c2b                MeshControlServiceDataInit
 .text.MeshControlCheckHandleRange
                0x00000c2f        0x6 depend_Release_CSR101x_A05\mesh_control_service.o
                0x00000c2f                MeshControlCheckHandleRange
 .text.MeshControlHandleAccessWrite
                0x00000c35       0x8e depend_Release_CSR101x_A05\mesh_control_service.o
                0x00000c35                MeshControlHandleAccessWrite
 .text.MeshControlNotifyResponse
                0x00000cc3       0x24 depend_Release_CSR101x_A05\mesh_control_service.o
                0x00000cc3                MeshControlNotifyResponse
 .text.MeshControlHandleAccessRead
                0x00000ce7       0x40 depend_Release_CSR101x_A05\mesh_control_service.o
                0x00000ce7                MeshControlHandleAccessRead
 .text.Nvm_Disable
                0x00000d27        0x9 depend_Release_CSR101x_A05\nvm_access.o
                0x00000d27                Nvm_Disable
 .text.Nvm_Write
                0x00000d30       0x19 depend_Release_CSR101x_A05\nvm_access.o
                0x00000d30                Nvm_Write
 .text.Nvm_Read
                0x00000d49       0x19 depend_Release_CSR101x_A05\nvm_access.o
                0x00000d49                Nvm_Read
 .text.rxStreamTimeoutHandler
                0x00000d62        0xe depend_Release_CSR101x_A05\app_data_stream.o
 .text.endStream
                0x00000d70       0x17 depend_Release_CSR101x_A05\app_data_stream.o
 .text.handleCSRmeshDataStreamSendCfm
                0x00000d87       0x44 depend_Release_CSR101x_A05\app_data_stream.o
 .text.AppDataClientHandler
                0x00000dcb       0x2b depend_Release_CSR101x_A05\app_data_stream.o
                0x00000dcb                AppDataClientHandler
 .text.streamSendRetryTimer
                0x00000df6       0x39 depend_Release_CSR101x_A05\app_data_stream.o
 .text.startStream
                0x00000e2f       0x13 depend_Release_CSR101x_A05\app_data_stream.o
 .text.AppDataServerHandler
                0x00000e42      0x12a depend_Release_CSR101x_A05\app_data_stream.o
                0x00000e42                AppDataServerHandler
 .text.AppDataStreamInit
                0x00000f6c       0x2f depend_Release_CSR101x_A05\app_data_stream.o
                0x00000f6c                AppDataStreamInit
 .text.ReadBatteryLevel
                0x00000f9b       0x28 depend_Release_CSR101x_A05\battery_hw.o
                0x00000f9b                ReadBatteryLevel
 .text.SendLowBatteryIndication
                0x00000fc3        0xf depend_Release_CSR101x_A05\battery_hw.o
                0x00000fc3                SendLowBatteryIndication
 .text.GetBatteryState
                0x00000fd2        0xf depend_Release_CSR101x_A05\battery_hw.o
                0x00000fd2                GetBatteryState
 .text.CheckLowBatteryVoltage
                0x00000fe1        0xf depend_Release_CSR101x_A05\battery_hw.o
                0x00000fe1                CheckLowBatteryVoltage
 .text.HandleSignalLmEvConnectionComplete
                0x00000ff0       0x15 depend_Release_CSR101x_A05\app_fw_event_handler.o
                0x00000ff0                HandleSignalLmEvConnectionComplete
 .text.HandleLEAdvMessage
                0x00001005       0x47 depend_Release_CSR101x_A05\app_fw_event_handler.o
                0x00001005                HandleLEAdvMessage
 .text.HandleSignalSmSimplePairingCompleteInd
                0x0000104c       0x12 depend_Release_CSR101x_A05\app_fw_event_handler.o
                0x0000104c                HandleSignalSmSimplePairingCompleteInd
 .text.HandleSignalLmDisconnectComplete
                0x0000105e       0x2a depend_Release_CSR101x_A05\app_fw_event_handler.o
                0x0000105e                HandleSignalLmDisconnectComplete
 .text.HandleSignalLmConnectionUpdate
                0x00001088       0x23 depend_Release_CSR101x_A05\app_fw_event_handler.o
                0x00001088                HandleSignalLmConnectionUpdate
 .text.HandleSignalGattCancelConnectCfm
                0x000010ab       0x13 depend_Release_CSR101x_A05\app_fw_event_handler.o
                0x000010ab                HandleSignalGattCancelConnectCfm
 .text.HandleSignalLsConnParamUpdateInd
                0x000010be       0x34 depend_Release_CSR101x_A05\app_fw_event_handler.o
                0x000010be                HandleSignalLsConnParamUpdateInd
 .text.HandleSignalLsConnParamUpdateCfm
                0x000010f2       0x2c depend_Release_CSR101x_A05\app_fw_event_handler.o
                0x000010f2                HandleSignalLsConnParamUpdateCfm
 .text.handleGapCppTimerExpiry
                0x0000111e       0x1a depend_Release_CSR101x_A05\app_fw_event_handler.o
 .text.HandleSignalGattAccessInd
                0x00001138       0x52 depend_Release_CSR101x_A05\app_fw_event_handler.o
                0x00001138                HandleSignalGattAccessInd
 .text.requestConnParamUpdate
                0x0000118a       0x2f depend_Release_CSR101x_A05\app_fw_event_handler.o
 .text.HandleSignalGattConnectCfm
                0x000011b9       0x5f depend_Release_CSR101x_A05\app_fw_event_handler.o
                0x000011b9                HandleSignalGattConnectCfm
 .text.HandleSignalGattAddDBCfm
                0x00001218       0x16 depend_Release_CSR101x_A05\app_fw_event_handler.o
                0x00001218                HandleSignalGattAddDBCfm
 .text.getDurationForState
                0x0000122e       0x1b depend_Release_CSR101x_A05\app_mesh_event_handler.o
 .text.AppBatteryEventHandler
                0x00001249       0x1b depend_Release_CSR101x_A05\app_mesh_event_handler.o
                0x00001249                AppBatteryEventHandler
 .text.initialiseTransitionData
                0x00001264       0x2b depend_Release_CSR101x_A05\app_mesh_event_handler.o
 .text.AppAttentionEventHandler
                0x0000128f       0x4e depend_Release_CSR101x_A05\app_mesh_event_handler.o
                0x0000128f                AppAttentionEventHandler
 .text.AppPowerEventHandler
                0x000012dd       0x62 depend_Release_CSR101x_A05\app_mesh_event_handler.o
                0x000012dd                AppPowerEventHandler
 .text.attnTimerHandler
                0x0000133f       0x30 depend_Release_CSR101x_A05\app_mesh_event_handler.o
 .text.lightDataNVMWriteTimerHandler
                0x0000136f       0x39 depend_Release_CSR101x_A05\app_mesh_event_handler.o
 .text.AppLightEventHandler
                0x000013a8      0x170 depend_Release_CSR101x_A05\app_mesh_event_handler.o
                0x000013a8                AppLightEventHandler
 .text.transitionTimerHandler
                0x00001518       0xf0 depend_Release_CSR101x_A05\app_mesh_event_handler.o
 .text.CSRmeshAppProcessMeshEvent
                0x00001608      0x147 depend_Release_CSR101x_A05\app_mesh_event_handler.o
                0x00001608                CSRmeshAppProcessMeshEvent
 .text.CSRMeshUpdateConfigRole
                0x0000174f       0x13 ..\..\libraries\libcsrmesh.a(csr_mesh.o)
 .text.CSRmeshRegisterAppCallback
                0x00001762       0x10 ..\..\libraries\libcsrmesh.a(csr_mesh.o)
                0x00001762                CSRmeshRegisterAppCallback
 .text.___libcsrmesh_463
                0x00001772       0x17 ..\..\libraries\libcsrmesh.a(csr_mesh.o)
                0x00001772                ___libcsrmesh_463
 .text.___libcsrmesh_461
                0x00001789       0x12 ..\..\libraries\libcsrmesh.a(csr_mesh.o)
                0x00001789                ___libcsrmesh_461
 .text.___libcsrmesh_460
                0x0000179b        0xb ..\..\libraries\libcsrmesh.a(csr_mesh.o)
                0x0000179b                ___libcsrmesh_460
 .text.CSRmeshAssociateToANetwork
                0x000017a6       0x1b ..\..\libraries\libcsrmesh.a(csr_mesh.o)
                0x000017a6                CSRmeshAssociateToANetwork
 .text.CSRmeshSetTransmitState
                0x000017c1       0x27 ..\..\libraries\libcsrmesh.a(csr_mesh.o)
                0x000017c1                CSRmeshSetTransmitState
 .text.CSRmeshGetDeviceID
                0x000017e8       0x22 ..\..\libraries\libcsrmesh.a(csr_mesh.o)
                0x000017e8                CSRmeshGetDeviceID
 .text.CSRmeshStart
                0x0000180a       0x20 ..\..\libraries\libcsrmesh.a(csr_mesh.o)
                0x0000180a                CSRmeshStart
 .text.CSRmeshCoreInit
                0x0000182a       0x2f ..\..\libraries\libcsrmesh.a(csr_mesh.o)
 .text.CSRmeshInit
                0x00001859       0x38 ..\..\libraries\libcsrmesh.a(csr_mesh.o)
                0x00001859                CSRmeshInit
 .text.CSRmeshMapKeyToNvmOffest
                0x00001891       0x16 ..\..\libraries\libcsrmesh.a(csr_mesh_ps_ifce.o)
 .text.___libcsrmesh_482
                0x000018a7        0x9 ..\..\libraries\libcsrmesh.a(csr_mesh_ps_ifce.o)
                0x000018a7                ___libcsrmesh_482
 .text.___libcsrmesh_483
                0x000018b0        0x9 ..\..\libraries\libcsrmesh.a(csr_mesh_ps_ifce.o)
                0x000018b0                ___libcsrmesh_483
 .text.___libcsrmesh_481
                0x000018b9        0xb ..\..\libraries\libcsrmesh.a(csr_mesh_ps_ifce.o)
                0x000018b9                ___libcsrmesh_481
 .text.___libcsrmesh_480
                0x000018c4        0xa ..\..\libraries\libcsrmesh.a(csr_mesh_ps_ifce.o)
                0x000018c4                ___libcsrmesh_480
 .text.___libcsrmesh_476
                0x000018ce        0x2 ..\..\libraries\libcsrmesh.a(csr_mesh_ps_ifce.o)
                0x000018ce                ___libcsrmesh_476
 .text.___libcsrmesh_479
                0x000018d0        0x5 ..\..\libraries\libcsrmesh.a(csr_mesh_ps_ifce.o)
                0x000018d0                ___libcsrmesh_479
 .text.___libcsrmesh_484
                0x000018d5       0x13 ..\..\libraries\libcsrmesh.a(csr_mesh_ps_ifce.o)
                0x000018d5                ___libcsrmesh_484
 .text.___libcsrmesh_485
                0x000018e8       0x13 ..\..\libraries\libcsrmesh.a(csr_mesh_ps_ifce.o)
                0x000018e8                ___libcsrmesh_485
 .text.___libcsrmesh_502
                0x000018fb       0x45 ..\..\libraries\libcsrmesh.a(csr_mesh_bearer.o)
                0x000018fb                ___libcsrmesh_502
 .text.___libcsrmesh_498
                0x00001940       0x47 ..\..\libraries\libcsrmesh.a(csr_mesh_bearer.o)
                0x00001940                ___libcsrmesh_498
 .text.___libcsrmesh_500
                0x00001987        0x2 ..\..\libraries\libcsrmesh.a(csr_mesh_bearer.o)
                0x00001987                ___libcsrmesh_500
 .text.___libcsrmesh_501
                0x00001989       0x36 ..\..\libraries\libcsrmesh.a(csr_mesh_bearer.o)
                0x00001989                ___libcsrmesh_501
 .text.___libcsrmesh_499
                0x000019bf        0xc ..\..\libraries\libcsrmesh.a(csr_mesh_bearer.o)
                0x000019bf                ___libcsrmesh_499
 .text.___libcsrmesh_523
                0x000019cb        0xa ..\..\libraries\libcsrmesh.a(csr_mesh_bearer_porting.o)
                0x000019cb                ___libcsrmesh_523
 .text.isLeBearerReady
                0x000019d5        0xf ..\..\libraries\libcsrmesh.a(csr_mesh_bearer_porting.o)
 .text.isGattBearerReady
                0x000019e4        0xf ..\..\libraries\libcsrmesh.a(csr_mesh_bearer_porting.o)
 .text.___libcsrmesh_520
                0x000019f3        0xb ..\..\libraries\libcsrmesh.a(csr_mesh_bearer_porting.o)
                0x000019f3                ___libcsrmesh_520
 .text.___libcsrmesh_516
                0x000019fe       0x1f ..\..\libraries\libcsrmesh.a(csr_mesh_bearer_porting.o)
                0x000019fe                ___libcsrmesh_516
 .text.___libcsrmesh_524
                0x00001a1d       0x12 ..\..\libraries\libcsrmesh.a(csr_mesh_bearer_porting.o)
                0x00001a1d                ___libcsrmesh_524
 .text.___libcsrmesh_528
                0x00001a2f       0x10 ..\..\libraries\libcsrmesh.a(csr_mesh_bearer_porting.o)
                0x00001a2f                ___libcsrmesh_528
 .text.___libcsrmesh_522
                0x00001a3f       0x14 ..\..\libraries\libcsrmesh.a(csr_mesh_bearer_porting.o)
                0x00001a3f                ___libcsrmesh_522
 .text.___libcsrmesh_525
                0x00001a53       0x13 ..\..\libraries\libcsrmesh.a(csr_mesh_bearer_porting.o)
                0x00001a53                ___libcsrmesh_525
 .text.___libcsrmesh_518
                0x00001a66       0x28 ..\..\libraries\libcsrmesh.a(csr_mesh_bearer_porting.o)
                0x00001a66                ___libcsrmesh_518
 .text.___libcsrmesh_274
                0x00001a8e       0x15 ..\..\libraries\libcsrmesh.a(csr_mesh_bearer_porting_util.o)
                0x00001a8e                ___libcsrmesh_274
 .text.___libcsrmesh_538
                0x00001aa3       0x18 ..\..\libraries\libcsrmesh.a(csr_mesh_bearer_porting_util.o)
                0x00001aa3                ___libcsrmesh_538
 .text.___libcsrmesh_540
                0x00001abb       0x18 ..\..\libraries\libcsrmesh.a(csr_mesh_bearer_porting_util.o)
                0x00001abb                ___libcsrmesh_540
 .text.___libcsrmesh_539
                0x00001ad3       0x50 ..\..\libraries\libcsrmesh.a(csr_mesh_bearer_porting_util.o)
                0x00001ad3                ___libcsrmesh_539
 .text.checkMessageInTransmitQueue
                0x00001b23       0x39 ..\..\libraries\libcsrmesh.a(csr_mesh_bearer_porting_util.o)
 .text.___libcsrmesh_537
                0x00001b5c       0x68 ..\..\libraries\libcsrmesh.a(csr_mesh_bearer_porting_util.o)
                0x00001b5c                ___libcsrmesh_537
 .text.___libcsrmesh_309
                0x00001bc4        0x3 ..\..\libraries\libcsrmesh.a(csr_mesh_nvm.o)
                0x00001bc4                ___libcsrmesh_309
 .text.meshNvmDisable
                0x00001bc7        0x9 ..\..\libraries\libcsrmesh.a(csr_mesh_nvm.o)
 .text.___libcsrmesh_311
                0x00001bd0       0x12 ..\..\libraries\libcsrmesh.a(csr_mesh_nvm.o)
                0x00001bd0                ___libcsrmesh_311
 .text.___libcsrmesh_310
                0x00001be2       0x12 ..\..\libraries\libcsrmesh.a(csr_mesh_nvm.o)
                0x00001be2                ___libcsrmesh_310
 .text.___libcsrmesh_308
                0x00001bf4       0x1b ..\..\libraries\libcsrmesh.a(csr_mesh_nvm.o)
                0x00001bf4                ___libcsrmesh_308
 .text.___libcsrmesh_53
                0x00001c0f        0x3 ..\..\libraries\libcsrmesh.a(csr_mesh_masp.o)
                0x00001c0f                ___libcsrmesh_53
 .text.maspFreeSecondaryKeyBuffer
                0x00001c12        0xb ..\..\libraries\libcsrmesh.a(csr_mesh_masp.o)
 .text.maspFreeConfirmationBuffers
                0x00001c1d       0x13 ..\..\libraries\libcsrmesh.a(csr_mesh_masp.o)
 .text.maspFreeClientPublicKeyBuffer
                0x00001c30        0xd ..\..\libraries\libcsrmesh.a(csr_mesh_masp.o)
 .text.maspFreeAlgoBuffer
                0x00001c3d        0xb ..\..\libraries\libcsrmesh.a(csr_mesh_masp.o)
 .text.maspFreeDeviceKeyPairBuffer
                0x00001c48        0xf ..\..\libraries\libcsrmesh.a(csr_mesh_masp.o)
 .text.MaspAllocNmakeKeyPair
                0x00001c57       0x17 ..\..\libraries\libcsrmesh.a(csr_mesh_masp.o)
 .text.MaspSendEventToApp
                0x00001c6e       0x20 ..\..\libraries\libcsrmesh.a(csr_mesh_masp.o)
 .text.maspResetState
                0x00001c8e       0x3a ..\..\libraries\libcsrmesh.a(csr_mesh_masp.o)
 .text.___libcsrmesh_49
                0x00001cc8        0x1 ..\..\libraries\libcsrmesh.a(csr_mesh_masp.o)
                0x00001cc8                ___libcsrmesh_49
 .text.___libcsrmesh_52
                0x00001cc9        0xd ..\..\libraries\libcsrmesh.a(csr_mesh_masp.o)
                0x00001cc9                ___libcsrmesh_52
 .text.___libcsrmesh_46
                0x00001cd6        0x8 ..\..\libraries\libcsrmesh.a(csr_mesh_masp.o)
                0x00001cd6                ___libcsrmesh_46
 .text.maspCalculateConfirmation
                0x00001cde       0x4e ..\..\libraries\libcsrmesh.a(csr_mesh_masp.o)
 .text.maspSendMessage
                0x00001d2c       0x42 ..\..\libraries\libcsrmesh.a(csr_mesh_masp.o)
 .text.___libcsrmesh_48
                0x00001d6e      0x25f ..\..\libraries\libcsrmesh.a(csr_mesh_masp.o)
                0x00001d6e                ___libcsrmesh_48
 .text.___libcsrmesh_42
                0x00001fcd       0x38 ..\..\libraries\libcsrmesh.a(csr_mesh_masp.o)
                0x00001fcd                ___libcsrmesh_42
 .text.maspWatchdogTimeoutHandler
                0x00002005        0xe ..\..\libraries\libcsrmesh.a(csr_mesh_masp.o)
 .text.___libcsrmesh_47
                0x00002013       0x3f ..\..\libraries\libcsrmesh.a(csr_mesh_masp.o)
                0x00002013                ___libcsrmesh_47
 .text.___libcsrmesh_106
                0x00002052       0x14 ..\..\libraries\libcsrmesh.a(csr_mesh_mcp.o)
                0x00002052                ___libcsrmesh_106
 .text.___libcsrmesh_652
                0x00002066       0x18 ..\..\libraries\libcsrmesh.a(csr_mesh_mcp.o)
                0x00002066                ___libcsrmesh_652
 .text.___libcsrmesh_113
                0x0000207e        0x8 ..\..\libraries\libcsrmesh.a(csr_mesh_mcp.o)
                0x0000207e                ___libcsrmesh_113
 .text.___libcsrmesh_112
                0x00002086        0x3 ..\..\libraries\libcsrmesh.a(csr_mesh_mcp.o)
                0x00002086                ___libcsrmesh_112
 .text.___libcsrmesh_105
                0x00002089        0x3 ..\..\libraries\libcsrmesh.a(csr_mesh_mcp.o)
                0x00002089                ___libcsrmesh_105
 .text.___libcsrmesh_101
                0x0000208c       0x3b ..\..\libraries\libcsrmesh.a(csr_mesh_mcp.o)
                0x0000208c                ___libcsrmesh_101
 .text.___libcsrmesh_109
                0x000020c7       0x12 ..\..\libraries\libcsrmesh.a(csr_mesh_mcp.o)
                0x000020c7                ___libcsrmesh_109
 .text.___libcsrmesh_110
                0x000020d9       0x8f ..\..\libraries\libcsrmesh.a(csr_mesh_mcp.o)
                0x000020d9                ___libcsrmesh_110
 .text.___libcsrmesh_108
                0x00002168       0xdf ..\..\libraries\libcsrmesh.a(csr_mesh_mcp.o)
                0x00002168                ___libcsrmesh_108
 .text.___libcsrmesh_103
                0x00002247        0x8 ..\..\libraries\libcsrmesh.a(csr_mesh_mcp.o)
                0x00002247                ___libcsrmesh_103
 .text.___libcsrmesh_107
                0x0000224f       0x4e ..\..\libraries\libcsrmesh.a(csr_mesh_mcp.o)
                0x0000224f                ___libcsrmesh_107
 .text.___libcsrmesh_579
                0x0000229d        0x9 ..\..\libraries\libcsrmesh.a(csr_mesh_mtl.o)
                0x0000229d                ___libcsrmesh_579
 .text.___libcsrmesh_577
                0x000022a6       0x18 ..\..\libraries\libcsrmesh.a(csr_mesh_mtl.o)
                0x000022a6                ___libcsrmesh_577
 .text.___libcsrmesh_576
                0x000022be       0x1c ..\..\libraries\libcsrmesh.a(csr_mesh_mtl.o)
                0x000022be                ___libcsrmesh_576
 .text.MtlUpdateNetworkInfoTableInPS
                0x000022da       0x1e ..\..\libraries\libcsrmesh.a(csr_mesh_mtl.o)
 .text.___libcsrmesh_420
                0x000022f8       0x24 ..\..\libraries\libcsrmesh.a(csr_mesh_mtl.o)
                0x000022f8                ___libcsrmesh_420
 .text.___libcsrmesh_581
                0x0000231c       0x13 ..\..\libraries\libcsrmesh.a(csr_mesh_mtl.o)
                0x0000231c                ___libcsrmesh_581
 .text.___libcsrmesh_85
                0x0000232f       0x2e ..\..\libraries\libcsrmesh.a(csr_mesh_mtl.o)
                0x0000232f                ___libcsrmesh_85
 .text.mtlCryptMessage
                0x0000235d       0x10 ..\..\libraries\libcsrmesh.a(csr_mesh_mtl.o)
 .text.mtlCalculateMAC
                0x0000236d       0x30 ..\..\libraries\libcsrmesh.a(csr_mesh_mtl.o)
 .text.___libcsrmesh_86
                0x0000239d       0x5c ..\..\libraries\libcsrmesh.a(csr_mesh_mtl.o)
                0x0000239d                ___libcsrmesh_86
 .text.___libcsrmesh_578
                0x000023f9       0x27 ..\..\libraries\libcsrmesh.a(csr_mesh_mtl.o)
                0x000023f9                ___libcsrmesh_578
 .text.___libcsrmesh_583
                0x00002420       0x43 ..\..\libraries\libcsrmesh.a(csr_mesh_mtl.o)
                0x00002420                ___libcsrmesh_583
 .text.___libcsrmesh_79
                0x00002463       0x7a ..\..\libraries\libcsrmesh.a(csr_mesh_mtl.o)
                0x00002463                ___libcsrmesh_79
 .text.___libcsrmesh_81
                0x000024dd      0x155 ..\..\libraries\libcsrmesh.a(csr_mesh_mtl.o)
                0x000024dd                ___libcsrmesh_81
 .text.___libcsrmesh_406
                0x00002632       0x24 ..\..\libraries\libcsrmesh.a(csr_mesh_sha256_hmac.o)
                0x00002632                ___libcsrmesh_406
 .text.___libcsrmesh_435
                0x00002656       0x3f ..\..\libraries\libcsrmesh.a(csr_mesh_sha256_hmac.o)
                0x00002656                ___libcsrmesh_435
 .text.___libcsrmesh_436
                0x00002695       0x3c ..\..\libraries\libcsrmesh.a(csr_mesh_sha256_hmac.o)
                0x00002695                ___libcsrmesh_436
 .text.___libcsrmesh_405
                0x000026d1       0x6f ..\..\libraries\libcsrmesh.a(csr_mesh_sha256_hmac.o)
                0x000026d1                ___libcsrmesh_405
 .text.___libcsrmesh_330
                0x00002740       0x19 ..\..\libraries\libcsrmesh.a(csr_mesh_sha256_initialise.o)
                0x00002740                ___libcsrmesh_330
 .text.sha256_process_data
                0x00002759       0x85 ..\..\libraries\libcsrmesh.a(csr_mesh_sha256_process_data.o)
 .text.___libcsrmesh_336
                0x000027de        0xc ..\..\libraries\libcsrmesh.a(csr_mesh_sha256_process_data.o)
                0x000027de                ___libcsrmesh_336
 .text.___libcsrmesh_337
                0x000027ea        0xa ..\..\libraries\libcsrmesh.a(csr_mesh_sha256_process_data.o)
                0x000027ea                ___libcsrmesh_337
 .text.___libcsrmesh_586
                0x000027f4       0x22 ..\..\libraries\libcsrmesh.a(csr_mesh_masp_mcp_common.o)
                0x000027f4                ___libcsrmesh_586
 .text.___libcsrmesh_119
                0x00002816        0x3 ..\..\libraries\libcsrmesh.a(csr_mesh_masp_mcp_common.o)
                0x00002816                ___libcsrmesh_119
 .text.___libcsrmesh_677
                0x00002819        0x1 ..\..\libraries\libcsrmesh.a(csr_mesh_hal_ifce.o)
                0x00002819                ___libcsrmesh_677
 .text.___libcsrmesh_669
                0x0000281a        0x6 ..\..\libraries\libcsrmesh.a(csr_mesh_hal_ifce.o)
                0x0000281a                ___libcsrmesh_669
 .text.___libcsrmesh_684
                0x00002820        0x5 ..\..\libraries\libcsrmesh.a(csr_mesh_hal_ifce.o)
                0x00002820                ___libcsrmesh_684
 .text.___libcsrmesh_667
                0x00002825        0xc ..\..\libraries\libcsrmesh.a(csr_mesh_hal_ifce.o)
                0x00002825                ___libcsrmesh_667
 .text.___libcsrmesh_683
                0x00002831        0xb ..\..\libraries\libcsrmesh.a(csr_mesh_hal_ifce.o)
                0x00002831                ___libcsrmesh_683
 .text.___libcsrmesh_682
                0x0000283c        0xc ..\..\libraries\libcsrmesh.a(csr_mesh_hal_ifce.o)
                0x0000283c                ___libcsrmesh_682
 .text.___libcsrmesh_678
                0x00002848        0x3 ..\..\libraries\libcsrmesh.a(csr_mesh_hal_ifce.o)
                0x00002848                ___libcsrmesh_678
 .text.___libcsrmesh_681
                0x0000284b        0x3 ..\..\libraries\libcsrmesh.a(csr_mesh_hal_ifce.o)
                0x0000284b                ___libcsrmesh_681
 .text.___libcsrmesh_664
                0x0000284e        0x2 ..\..\libraries\libcsrmesh.a(csr_mesh_hal_ifce.o)
                0x0000284e                ___libcsrmesh_664
 .text.___libcsrmesh_666
                0x00002850        0x2 ..\..\libraries\libcsrmesh.a(csr_mesh_hal_ifce.o)
                0x00002850                ___libcsrmesh_666
 .text.___libcsrmesh_661
                0x00002852        0x2 ..\..\libraries\libcsrmesh.a(csr_mesh_hal_ifce.o)
                0x00002852                ___libcsrmesh_661
 .text.___libcsrmesh_663
                0x00002854        0x2 ..\..\libraries\libcsrmesh.a(csr_mesh_hal_ifce.o)
                0x00002854                ___libcsrmesh_663
 .text.___libcsrmesh_673
                0x00002856        0x2 ..\..\libraries\libcsrmesh.a(csr_mesh_hal_ifce.o)
                0x00002856                ___libcsrmesh_673
 .text.___libcsrmesh_672
                0x00002858        0x2 ..\..\libraries\libcsrmesh.a(csr_mesh_hal_ifce.o)
                0x00002858                ___libcsrmesh_672
 .text.___libcsrmesh_674
                0x0000285a        0x8 ..\..\libraries\libcsrmesh.a(csr_mesh_hal_ifce.o)
                0x0000285a                ___libcsrmesh_674
 .text.CsrMemCpy
                0x00002862        0x8 ..\..\libraries\libcsrmesh.a(csr_mesh_hal_ifce.o)
                0x00002862                CsrMemCpy
 .text.___libcsrmesh_671
                0x0000286a        0xb ..\..\libraries\libcsrmesh.a(csr_mesh_hal_ifce.o)
                0x0000286a                ___libcsrmesh_671
 .text.___libcsrmesh_676
                0x00002875        0x2 ..\..\libraries\libcsrmesh.a(csr_mesh_hal_ifce.o)
                0x00002875                ___libcsrmesh_676
 .text.___libcsrmesh_675
                0x00002877        0x2 ..\..\libraries\libcsrmesh.a(csr_mesh_hal_ifce.o)
                0x00002877                ___libcsrmesh_675
 .text.IsCSRSchedRunning
                0x00002879        0x5 ..\..\libraries\libcsrmesh.a(csr1010_scheduler.o)
                0x00002879                IsCSRSchedRunning
 .text.CSRSchedLeAdvScanDisable
                0x0000287e        0xf ..\..\libraries\libcsrmesh.a(csr1010_scheduler.o)
 .text.CSRSchedConnectionIdleTimeoutHandler
                0x0000288d        0xc ..\..\libraries\libcsrmesh.a(csr1010_scheduler.o)
 .text.CSRSchedConnUpdateTimeoutHandler
                0x00002899       0x16 ..\..\libraries\libcsrmesh.a(csr1010_scheduler.o)
 .text.CSRSchedMissingRadioEventTimeoutHandler
                0x000028af       0x4d ..\..\libraries\libcsrmesh.a(csr1010_scheduler.o)
 .text.CSRSchedLeStartScan
                0x000028fc       0x48 ..\..\libraries\libcsrmesh.a(csr1010_scheduler.o)
 .text.CSRSchedHandleIncomingData
                0x00002944       0x39 ..\..\libraries\libcsrmesh.a(csr1010_scheduler.o)
                0x00002944                CSRSchedHandleIncomingData
 .text.CSRSchedLeStartUserAdverts
                0x0000297d       0x73 ..\..\libraries\libcsrmesh.a(csr1010_scheduler.o)
 .text.CSRSchedAdvertTimeoutHandler
                0x000029f0       0x63 ..\..\libraries\libcsrmesh.a(csr1010_scheduler.o)
 .text.CSRSchedMeshLeStartAdverts
                0x00002a53       0x8d ..\..\libraries\libcsrmesh.a(csr1010_scheduler.o)
 .text.CSRSchedStart
                0x00002ae0       0x20 ..\..\libraries\libcsrmesh.a(csr1010_scheduler.o)
                0x00002ae0                CSRSchedStart
 .text.CSRSchedNotifyGattEvent
                0x00002b00       0xec ..\..\libraries\libcsrmesh.a(csr1010_scheduler.o)
                0x00002b00                CSRSchedNotifyGattEvent
 .text.CSRSchedConnectionBusyTimeoutHandler
                0x00002bec        0xb ..\..\libraries\libcsrmesh.a(csr1010_scheduler.o)
 .text.CSRSchedScanTimeoutHandler
                0x00002bf7       0x14 ..\..\libraries\libcsrmesh.a(csr1010_scheduler.o)
 .text.CSRSchedSendUserAdv
                0x00002c0b       0x46 ..\..\libraries\libcsrmesh.a(csr1010_scheduler.o)
                0x00002c0b                CSRSchedSendUserAdv
 .text.CSRSchedUpdateMeshParams
                0x00002c51       0x2f ..\..\libraries\libcsrmesh.a(csr1010_scheduler.o)
 .text.CSRSchedGetConfigParams
                0x00002c80       0x9c ..\..\libraries\libcsrmesh.a(csr1010_scheduler.o)
                0x00002c80                CSRSchedGetConfigParams
 .text.CSRSchedSetConfigParams
                0x00002d1c      0x110 ..\..\libraries\libcsrmesh.a(csr1010_scheduler.o)
                0x00002d1c                CSRSchedSetConfigParams
 .text.BearerModelInit
                0x00002e2c       0x11 ..\..\libraries\libcsrmesh.a(csr_mesh_bearer_model.o)
                0x00002e2c                BearerModelInit
 .text.handleMcpBearerModelMsg
                0x00002e3d       0x94 ..\..\libraries\libcsrmesh.a(csr_mesh_bearer_model.o)
 .text.___libcsrmesh_490
                0x00002ed1       0x18 ..\..\libraries\libcsrmesh.a(csr_mesh_security_ifce.o)
                0x00002ed1                ___libcsrmesh_490
 .text.___libcsrmesh_543
                0x00002ee9       0x6b ..\..\libraries\libcsrmesh.a(csr_mesh_security_ifce_101x.o)
                0x00002ee9                ___libcsrmesh_543
 .text.___libcsrmesh_544
                0x00002f54       0x20 ..\..\libraries\libcsrmesh.a(csr_mesh_security_ifce_101x.o)
                0x00002f54                ___libcsrmesh_544
 .text.___libcsrmesh_129
                0x00002f74       0x14 ..\..\libraries\libcsrmesh.a(csr_mesh_config_model.o)
                0x00002f74                ___libcsrmesh_129
 .text.ConfigModelInit
                0x00002f88       0x1f ..\..\libraries\libcsrmesh.a(csr_mesh_config_model.o)
                0x00002f88                ConfigModelInit
 .text.configModelServerHandler
                0x00002fa7      0x240 ..\..\libraries\libcsrmesh.a(csr_mesh_config_model.o)
 .text.___libcsrmesh_402
                0x000031e7        0xa ..\..\libraries\libcsrmesh.a(csr_mesh_ec_alloc.o)
                0x000031e7                ___libcsrmesh_402
 .text.___libcsrmesh_401
                0x000031f1       0x17 ..\..\libraries\libcsrmesh.a(csr_mesh_ec_alloc.o)
                0x000031f1                ___libcsrmesh_401
 .text.ec_math_alloc_projective_point
                0x00003208        0xc ..\..\libraries\libcsrmesh.a(csr_mesh_ec_math.o)
 .text.ec_math_copy_projective_point
                0x00003214       0x1c ..\..\libraries\libcsrmesh.a(csr_mesh_ec_math.o)
 .text.ec_math_set_projective_point_to_origin
                0x00003230       0x18 ..\..\libraries\libcsrmesh.a(csr_mesh_ec_math.o)
 .text.ec_math_free_projective_point
                0x00003248        0x2 ..\..\libraries\libcsrmesh.a(csr_mesh_ec_math.o)
 .text.ec_math_modP192_add
                0x0000324a        0xc ..\..\libraries\libcsrmesh.a(csr_mesh_ec_math.o)
 .text.ec_math_modP192_mul
                0x00003256       0x92 ..\..\libraries\libcsrmesh.a(csr_mesh_ec_math.o)
 .text.ec_math_modP192_sub
                0x000032e8       0x1c ..\..\libraries\libcsrmesh.a(csr_mesh_ec_math.o)
 .text.ec_math_double
                0x00003304       0xd6 ..\..\libraries\libcsrmesh.a(csr_mesh_ec_math.o)
 .text.ec_math_full_add
                0x000033da      0x17d ..\..\libraries\libcsrmesh.a(csr_mesh_ec_math.o)
 .text.ec_math_affinify
                0x00003557       0xc8 ..\..\libraries\libcsrmesh.a(csr_mesh_ec_math.o)
 .text.ec_math_mul
                0x0000361f       0xf8 ..\..\libraries\libcsrmesh.a(csr_mesh_ec_math.o)
 .text.___libcsrmesh_359
                0x00003717       0x2f ..\..\libraries\libcsrmesh.a(csr_mesh_ec_math.o)
                0x00003717                ___libcsrmesh_359
 .text.___libcsrmesh_360
                0x00003746       0x56 ..\..\libraries\libcsrmesh.a(csr_mesh_ec_math.o)
                0x00003746                ___libcsrmesh_360
 .text.GroupModelInit
                0x0000379c       0x11 ..\..\libraries\libcsrmesh.a(csr_mesh_group_model.o)
                0x0000379c                GroupModelInit
 .text.groupModelServerHandler
                0x000037ad       0xd2 ..\..\libraries\libcsrmesh.a(csr_mesh_group_model.o)
 .text.___libcsrmesh_391
                0x0000387f        0xf ..\..\libraries\libcsrmesh.a(csr_mesh_large_num.o)
                0x0000387f                ___libcsrmesh_391
 .text.___libcsrmesh_390
                0x0000388e       0x12 ..\..\libraries\libcsrmesh.a(csr_mesh_large_num.o)
                0x0000388e                ___libcsrmesh_390
 .text.___libcsrmesh_385
                0x000038a0       0x24 ..\..\libraries\libcsrmesh.a(csr_mesh_large_num.o)
                0x000038a0                ___libcsrmesh_385
 .text.___libcsrmesh_398
                0x000038c4       0x24 ..\..\libraries\libcsrmesh.a(csr_mesh_large_num.o)
                0x000038c4                ___libcsrmesh_398
 .text.___libcsrmesh_387
                0x000038e8       0x28 ..\..\libraries\libcsrmesh.a(csr_mesh_large_num.o)
                0x000038e8                ___libcsrmesh_387
 .text.___libcsrmesh_393
                0x00003910       0x17 ..\..\libraries\libcsrmesh.a(csr_mesh_large_num.o)
                0x00003910                ___libcsrmesh_393
 .text.___libcsrmesh_394
                0x00003927       0x12 ..\..\libraries\libcsrmesh.a(csr_mesh_large_num.o)
                0x00003927                ___libcsrmesh_394
 .text.___libcsrmesh_397
                0x00003939       0x26 ..\..\libraries\libcsrmesh.a(csr_mesh_large_num.o)
                0x00003939                ___libcsrmesh_397
 .text.___libcsrmesh_395
                0x0000395f       0x51 ..\..\libraries\libcsrmesh.a(csr_mesh_large_num.o)
                0x0000395f                ___libcsrmesh_395
 .text.___libcsrmesh_316
                0x000039b0       0x44 ..\..\libraries\libcsrmesh.a(csr_mesh_sha_add_to_cache.o)
                0x000039b0                ___libcsrmesh_316
 .text.sha256_calc_ith_hash_val
                0x000039f4      0x1be ..\..\libraries\libcsrmesh.a(csr_mesh_sha256_calc_ith_hash_val.o)
 .text.___libcsrmesh_322
                0x00003bb2       0x15 ..\..\libraries\libcsrmesh.a(csr_mesh_sha256_calc_ith_hash_val.o)
                0x00003bb2                ___libcsrmesh_322
 .text.___libcsrmesh_323
                0x00003bc7       0x37 ..\..\libraries\libcsrmesh.a(csr_mesh_sha256_calc_ith_hash_val.o)
                0x00003bc7                ___libcsrmesh_323
 .text.___libcsrmesh_324
                0x00003bfe        0xe ..\..\libraries\libcsrmesh.a(csr_mesh_sha256_calc_ith_hash_val.o)
                0x00003bfe                ___libcsrmesh_324
 .text.___libcsrmesh_327
                0x00003c0c       0x95 ..\..\libraries\libcsrmesh.a(csr_mesh_sha256_get_results.o)
                0x00003c0c                ___libcsrmesh_327
 .text.LightState
                0x00003ca1       0x43 ..\..\libraries\liblight_server.a(Light_model.o)
                0x00003ca1                LightState
 .text.lightModelServerHandler
                0x00003ce4      0x195 ..\..\libraries\liblight_server.a(Light_model.o)
 .text.LightModelInit
                0x00003e79       0x15 ..\..\libraries\liblight_server.a(Light_model.o)
                0x00003e79                LightModelInit
 .text.powerModelServerHandler
                0x00003e8e       0x95 ..\..\libraries\libpower_server.a(Power_model.o)
 .text.PowerModelInit
                0x00003f23       0x15 ..\..\libraries\libpower_server.a(Power_model.o)
                0x00003f23                PowerModelInit
 .text.attentionModelServerHandler
                0x00003f38       0x5a ..\..\libraries\libattention_server.a(Attention_model.o)
 .text.AttentionModelInit
                0x00003f92       0x15 ..\..\libraries\libattention_server.a(Attention_model.o)
                0x00003f92                AttentionModelInit
 .text.DataModelInit
                0x00003fa7       0x15 ..\..\libraries\libdata_server.a(Data_model.o)
                0x00003fa7                DataModelInit
 .text.dataModelServerHandler
                0x00003fbc       0x77 ..\..\libraries\libdata_server.a(Data_model.o)
 .text.dataModelClientHandler
                0x00004033       0x25 ..\..\libraries\libdata_client.a(Data_client.o)
 .text.DataStreamSend
                0x00004058       0x35 ..\..\libraries\libdata_client.a(Data_client.o)
                0x00004058                DataStreamSend
 .text.DataStreamFlush
                0x0000408d       0x1a ..\..\libraries\libdata_client.a(Data_client.o)
                0x0000408d                DataStreamFlush
 .text.DataModelClientInit
                0x000040a7        0xd ..\..\libraries\libdata_client.a(Data_client.o)
                0x000040a7                DataModelClientInit
 .text.BatteryState
                0x000040b4       0x1d ..\..\libraries\libbattery_server.a(Battery_model.o)
                0x000040b4                BatteryState
 .text.batteryModelServerHandler
                0x000040d1       0x49 ..\..\libraries\libbattery_server.a(Battery_model.o)
 .text.BatteryModelInit
                0x0000411a       0x15 ..\..\libraries\libbattery_server.a(Battery_model.o)
                0x0000411a                BatteryModelInit
 .text.OtaReset
                0x0000412f        0x3 C:\CSR_uEnergy_SDK-2.5.1\tools\lib\otau\libotau_eeprom.a(csr_ota.o)
                0x0000412f                OtaReset
 .text.readProtectedValue
                0x00004132       0x1f C:\CSR_uEnergy_SDK-2.5.1\tools\lib\otau\libotau_eeprom.a(csr_ota.o)
 .text.readOtaVersion
                0x00004151        0x6 C:\CSR_uEnergy_SDK-2.5.1\tools\lib\otau\libotau_eeprom.a(csr_ota.o)
 .text.readCurrentApp
                0x00004157        0x4 C:\CSR_uEnergy_SDK-2.5.1\tools\lib\otau\libotau_eeprom.a(csr_ota.o)
 .text.readSharedDataV5
                0x0000415b        0xa C:\CSR_uEnergy_SDK-2.5.1\tools\lib\otau\libotau_eeprom.a(csr_ota.o)
 .text.findSharedData
                0x00004165       0x51 C:\CSR_uEnergy_SDK-2.5.1\tools\lib\otau\libotau_eeprom.a(csr_ota.o)
 .text.OtaReadCurrentApp
                0x000041b6       0x24 C:\CSR_uEnergy_SDK-2.5.1\tools\lib\otau\libotau_eeprom.a(csr_ota.o)
                0x000041b6                OtaReadCurrentApp
 .text.writeCurrentAppV5
                0x000041da       0x60 C:\CSR_uEnergy_SDK-2.5.1\tools\lib\otau\libotau_eeprom.a(csr_ota.o)
 .text.writeCurrentApp
                0x0000423a       0x73 C:\CSR_uEnergy_SDK-2.5.1\tools\lib\otau\libotau_eeprom.a(csr_ota.o)
 .text.OtaWriteCurrentApp
                0x000042ad       0x3b C:\CSR_uEnergy_SDK-2.5.1\tools\lib\otau\libotau_eeprom.a(csr_ota.o)
                0x000042ad                OtaWriteCurrentApp
 .text.crcBlock
                0x000042e8       0x2e C:\CSR_uEnergy_SDK-2.5.1\tools\lib\otau\libotau_eeprom.a(crc16.o)
                0x000042e8                crcBlock
 .text.StorageDeviceErase
                0x00004316        0x2 C:\CSR_uEnergy_SDK-2.5.1\tools\lib\otau\libotau_eeprom.a(eeprom.o)
                0x00004316                StorageDeviceErase
 .text.writeProtect
                0x00004318       0x15 C:\CSR_uEnergy_SDK-2.5.1\tools\lib\otau\libotau_eeprom.a(eeprom.o)
 .text.StorageDeviceWrite
                0x0000432d       0x14 C:\CSR_uEnergy_SDK-2.5.1\tools\lib\otau\libotau_eeprom.a(eeprom.o)
                0x0000432d                StorageDeviceWrite
 .text.StorageDeviceRead
                0x00004341        0xd C:\CSR_uEnergy_SDK-2.5.1\tools\lib\otau\libotau_eeprom.a(eeprom.o)
                0x00004341                StorageDeviceRead
 .text.StorageDeviceInit
                0x0000434e       0x4b C:\CSR_uEnergy_SDK-2.5.1\tools\lib\otau\libotau_eeprom.a(eeprom.o)
                0x0000434e                StorageDeviceInit
 .text.___libgatt_lib_db_4554
                0x00004399        0x6 C:\CSR_uEnergy_SDK-2.5.1\tools\lib\CSR101x_A05\libgatt_lib_ram.a(patch_ls_app_if.o)
                0x00004399                ___libgatt_lib_db_4554
 .text.patch_process_hci_event
                0x0000439f       0x2f C:\CSR_uEnergy_SDK-2.5.1\tools\lib\CSR101x_A05\libgatt_lib_ram.a(patch_ls_app_if.o)
 .text.LsRadioEventNotification
                0x000043ce        0x9 C:\CSR_uEnergy_SDK-2.5.1\tools\lib\CSR101x_A05\libgatt_lib_ram.a(patch_ls_app_if.o)
                0x000043ce                LsRadioEventNotification
 .text.LsSetTransmitPowerLevel
                0x000043d7        0x9 C:\CSR_uEnergy_SDK-2.5.1\tools\lib\CSR101x_A05\libgatt_lib_ram.a(ls_app_if_ram.o)
                0x000043d7                LsSetTransmitPowerLevel
 .text.LsReadTransmitPowerLevel
                0x000043e0        0x8 C:\CSR_uEnergy_SDK-2.5.1\tools\lib\CSR101x_A05\libgatt_lib_ram.a(ls_app_if_ram.o)
                0x000043e0                LsReadTransmitPowerLevel
 .text.___libgatt_lib_db_4563
                0x000043e8        0xe C:\CSR_uEnergy_SDK-2.5.1\tools\lib\CSR101x_A05\libgatt_lib_ram.a(patch_ls_advertising_if.o)
                0x000043e8                ___libgatt_lib_db_4563
 .text.ls_advscan_set_payload_data
                0x000043f6       0x46 C:\CSR_uEnergy_SDK-2.5.1\tools\lib\CSR101x_A05\libgatt_lib_ram.a(patch_ls_advertising_if.o)
 .text.___libgatt_lib_db_4564
                0x0000443c        0xb C:\CSR_uEnergy_SDK-2.5.1\tools\lib\CSR101x_A05\libgatt_lib_ram.a(patch_ls_advertising_if.o)
                0x0000443c                ___libgatt_lib_db_4564
 .text.LsStoreAdvDataNoAdFlags
                0x00004447       0x2c C:\CSR_uEnergy_SDK-2.5.1\tools\lib\CSR101x_A05\libgatt_lib_ram.a(patch_ls_advertising_if.o)
                0x00004447                LsStoreAdvDataNoAdFlags
 .text.LsStoreAdvScanData
                0x00004473        0xf C:\CSR_uEnergy_SDK-2.5.1\tools\lib\CSR101x_A05\libgatt_lib_ram.a(patch_ls_advertising_if.o)
                0x00004473                LsStoreAdvScanData
 .text.LsStartStopAdvertise
                0x00004482        0xc C:\CSR_uEnergy_SDK-2.5.1\tools\lib\CSR101x_A05\libgatt_lib_ram.a(patch_ls_advertising_if.o)
                0x00004482                LsStartStopAdvertise
 .text.___libgatt_lib_db_4573
                0x0000448e       0x1e C:\CSR_uEnergy_SDK-2.5.1\tools\lib\CSR101x_A05\libgatt_lib_ram.a(patch_l2cap.o)
                0x0000448e                ___libgatt_lib_db_4573
 .text.___libgatt_lib_db_4572
                0x000044ac        0xc C:\CSR_uEnergy_SDK-2.5.1\tools\lib\CSR101x_A05\libgatt_lib_ram.a(patch_l2cap.o)
                0x000044ac                ___libgatt_lib_db_4572
 .text.GattInit
                0x000044b8       0x1f C:\CSR_uEnergy_SDK-2.5.1\tools\lib\CSR101x_A05\libgatt_lib_ram.a(gatt_ram.o)
                0x000044b8                GattInit
 .text.GattCancelConnectReq
                0x000044d7        0x6 C:\CSR_uEnergy_SDK-2.5.1\tools\lib\CSR101x_A05\libgatt_lib_ram.a(patch_gatt.o)
                0x000044d7                GattCancelConnectReq
 .text.DebugWriteString
                0x000044dd        0x9 C:\CSR_uEnergy_SDK-2.5.1\tools\lib\CSR101x_A05\libgatt_lib_ram.a(debug.o)
                0x000044dd                DebugWriteString
 .text.write_uint_n
                0x000044e6       0x30 C:\CSR_uEnergy_SDK-2.5.1\tools\lib\CSR101x_A05\libgatt_lib_ram.a(debug.o)
 .text.DebugWriteUint16
                0x00004516        0x6 C:\CSR_uEnergy_SDK-2.5.1\tools\lib\CSR101x_A05\libgatt_lib_ram.a(debug.o)
                0x00004516                DebugWriteUint16
 .text.DebugWriteUint8
                0x0000451c        0x6 C:\CSR_uEnergy_SDK-2.5.1\tools\lib\CSR101x_A05\libgatt_lib_ram.a(debug.o)
                0x0000451c                DebugWriteUint8
 .text.DebugInit
                0x00004522       0x20 C:\CSR_uEnergy_SDK-2.5.1\tools\lib\CSR101x_A05\libgatt_lib_ram.a(debug.o)
                0x00004522                DebugInit
 .text.ram_le_connection_timeout_A05
                0x00004542       0x34 C:\CSR_uEnergy_SDK-2.5.1\tools\lib\CSR101x_A05\libgatt_lib_ram.a(patch_george.o)
 .text.___libgatt_lib_db_4607
                0x00004576        0x8 C:\CSR_uEnergy_SDK-2.5.1\tools\lib\CSR101x_A05\libgatt_lib_ram.a(patch_george.o)
                0x00004576                ___libgatt_lib_db_4607
 .text.___libgatt_lib_db_4614
                0x0000457e       0x1b C:\CSR_uEnergy_SDK-2.5.1\tools\lib\CSR101x_A05\libgatt_lib_ram.a(patch_george.o)
                0x0000457e                ___libgatt_lib_db_4614
 .text.___libgatt_lib_db_4613
                0x00004599       0xde C:\CSR_uEnergy_SDK-2.5.1\tools\lib\CSR101x_A05\libgatt_lib_ram.a(patch_george.o)
                0x00004599                ___libgatt_lib_db_4613
 .text.rx_timing_report
                0x00004677       0xb1 C:\CSR_uEnergy_SDK-2.5.1\tools\lib\CSR101x_A05\libgatt_lib_ram.a(patch_george.o)
 .text.ram_le_handle_event
                0x00004728       0xeb C:\CSR_uEnergy_SDK-2.5.1\tools\lib\CSR101x_A05\libgatt_lib_ram.a(patch_george.o)
 .text.___libgatt_lib_db_4550
                0x00004813       0x1f C:\CSR_uEnergy_SDK-2.5.1\tools\lib\CSR101x_A05\libgatt_lib_ram.a(patch_george.o)
                0x00004813                ___libgatt_lib_db_4550
 .text.___libgatt_lib_db_4549
                0x00004832       0x30 C:\CSR_uEnergy_SDK-2.5.1\tools\lib\CSR101x_A05\libgatt_lib_ram.a(patch_george.o)
                0x00004832                ___libgatt_lib_db_4549
 .text.___libgatt_lib_db_4608
                0x00004862      0x17f C:\CSR_uEnergy_SDK-2.5.1\tools\lib\CSR101x_A05\libgatt_lib_ram.a(patch_george.o)
                0x00004862                ___libgatt_lib_db_4608
 .text.___libgatt_lib_db_4544
                0x000049e1       0x26 C:\CSR_uEnergy_SDK-2.5.1\tools\lib\CSR101x_A05\libgatt_lib_ram.a(patch_george.o)
                0x000049e1                ___libgatt_lib_db_4544
 .text.___libgatt_lib_db_4615
                0x00004a07       0xb4 C:\CSR_uEnergy_SDK-2.5.1\tools\lib\CSR101x_A05\libgatt_lib_ram.a(patch_george.o)
                0x00004a07                ___libgatt_lib_db_4615
 .text.___libgatt_lib_db_4626
                0x00004abb        0xc C:\CSR_uEnergy_SDK-2.5.1\tools\lib\CSR101x_A05\libgatt_lib_ram.a(patch_george_ll.o)
                0x00004abb                ___libgatt_lib_db_4626
 .text.___libgatt_lib_db_4625
                0x00004ac7       0x11 C:\CSR_uEnergy_SDK-2.5.1\tools\lib\CSR101x_A05\libgatt_lib_ram.a(patch_george_ll.o)
                0x00004ac7                ___libgatt_lib_db_4625
 .text.___libgatt_lib_db_4627
                0x00004ad8      0x121 C:\CSR_uEnergy_SDK-2.5.1\tools\lib\CSR101x_A05\libgatt_lib_ram.a(patch_george_ll.o)
                0x00004ad8                ___libgatt_lib_db_4627
 .text.___libgatt_lib_db_4642
                0x00004bf9       0x27 C:\CSR_uEnergy_SDK-2.5.1\tools\lib\CSR101x_A05\libgatt_lib_ram.a(patch_dbase.o)
                0x00004bf9                ___libgatt_lib_db_4642
 .text.___libgatt_lib_db_4636
                0x00004c20       0x1f C:\CSR_uEnergy_SDK-2.5.1\tools\lib\CSR101x_A05\libgatt_lib_ram.a(patch_dbase.o)
                0x00004c20                ___libgatt_lib_db_4636
 .text.dbase_safe_access_check_curr
                0x00004c3f        0x3 C:\CSR_uEnergy_SDK-2.5.1\tools\lib\CSR101x_A05\libgatt_lib_ram.a(patch_dbase.o)
 .text.___libgatt_lib_db_4641
                0x00004c42       0x11 C:\CSR_uEnergy_SDK-2.5.1\tools\lib\CSR101x_A05\libgatt_lib_ram.a(patch_dbase.o)
                0x00004c42                ___libgatt_lib_db_4641
 .text.___libgatt_lib_db_4639
                0x00004c53       0x11 C:\CSR_uEnergy_SDK-2.5.1\tools\lib\CSR101x_A05\libgatt_lib_ram.a(patch_dbase.o)
                0x00004c53                ___libgatt_lib_db_4639
 .text.___libgatt_lib_db_4638
                0x00004c64        0xf C:\CSR_uEnergy_SDK-2.5.1\tools\lib\CSR101x_A05\libgatt_lib_ram.a(patch_dbase.o)
                0x00004c64                ___libgatt_lib_db_4638
 .text.___libgatt_lib_db_4637
                0x00004c73        0x7 C:\CSR_uEnergy_SDK-2.5.1\tools\lib\CSR101x_A05\libgatt_lib_ram.a(patch_dbase.o)
                0x00004c73                ___libgatt_lib_db_4637
 .text.___libgatt_lib_db_4651
                0x00004c7a        0xc C:\CSR_uEnergy_SDK-2.5.1\tools\lib\CSR101x_A05\libgatt_lib_ram.a(hal_debugbus_state.o)
                0x00004c7a                ___libgatt_lib_db_4651
 .text.___libgatt_lib_db_4650
                0x00004c86        0xc C:\CSR_uEnergy_SDK-2.5.1\tools\lib\CSR101x_A05\libgatt_lib_ram.a(hal_debugbus_state.o)
                0x00004c86                ___libgatt_lib_db_4650
 .text.___libgatt_lib_db_4656
                0x00004c92        0x5 C:\CSR_uEnergy_SDK-2.5.1\tools\lib\CSR101x_A05\libgatt_lib_ram.a(patch_halradiotrim.o)
                0x00004c92                ___libgatt_lib_db_4656
 .text.___libgatt_lib_db_4206
                0x00004c97       0x1d C:\CSR_uEnergy_SDK-2.5.1\tools\lib\CSR101x_A05\libgatt_lib_ram.a(patch_halradiotrim.o)
                0x00004c97                ___libgatt_lib_db_4206
 .text.___libgatt_lib_db_4208
                0x00004cb4       0x11 C:\CSR_uEnergy_SDK-2.5.1\tools\lib\CSR101x_A05\libgatt_lib_ram.a(patch_halradiotrim.o)
                0x00004cb4                ___libgatt_lib_db_4208
 .text.___libgatt_lib_db_4209
                0x00004cc5       0x4d C:\CSR_uEnergy_SDK-2.5.1\tools\lib\CSR101x_A05\libgatt_lib_ram.a(patch_halradiotrim.o)
                0x00004cc5                ___libgatt_lib_db_4209
 .text.RAM_set_tx_power_parameters
                0x00004d12       0x57 C:\CSR_uEnergy_SDK-2.5.1\tools\lib\CSR101x_A05\libgatt_lib_ram.a(patch_halradiotrim.o)
 .text.___libgatt_lib_db_4657
                0x00004d69        0xf C:\CSR_uEnergy_SDK-2.5.1\tools\lib\CSR101x_A05\libgatt_lib_ram.a(patch_halradiotrim.o)
                0x00004d69                ___libgatt_lib_db_4657
 .text.___libgatt_lib_db_4655
                0x00004d78        0xa C:\CSR_uEnergy_SDK-2.5.1\tools\lib\CSR101x_A05\libgatt_lib_ram.a(patch_halradiotrim.o)
                0x00004d78                ___libgatt_lib_db_4655
 .text.___libgatt_lib_db_4205
                0x00004d82        0x9 C:\CSR_uEnergy_SDK-2.5.1\tools\lib\CSR101x_A05\libgatt_lib_ram.a(patch_halradiotrim.o)
                0x00004d82                ___libgatt_lib_db_4205
 .text.patched_uart_do_tx
                0x00004d8b       0x1d C:\CSR_uEnergy_SDK-2.5.1\tools\lib\CSR101x_A05\libgatt_lib_ram.a(patch_uart.o)
 .text.stop_sb_timer
                0x00004da8        0xd C:\CSR_uEnergy_SDK-2.5.1\tools\lib\CSR101x_A05\libgatt_lib_ram.a(patch_uart.o)
 .text.patched_uart_out_event
                0x00004db5        0x9 C:\CSR_uEnergy_SDK-2.5.1\tools\lib\CSR101x_A05\libgatt_lib_ram.a(patch_uart.o)
 .text.sb_timeout
                0x00004dbe       0x12 C:\CSR_uEnergy_SDK-2.5.1\tools\lib\CSR101x_A05\libgatt_lib_ram.a(patch_uart.o)
 .text.UartWrite
                0x00004dd0       0x4b C:\CSR_uEnergy_SDK-2.5.1\tools\lib\CSR101x_A05\libgatt_lib_ram.a(patch_uart.o)
                0x00004dd0                UartWrite
 .text.UartWriteBlocking
                0x00004e1b       0x18 C:\CSR_uEnergy_SDK-2.5.1\tools\lib\CSR101x_A05\libgatt_lib_ram.a(patch_uart.o)
                0x00004e1b                UartWriteBlocking
 .text.UartConfig
                0x00004e33       0x33 C:\CSR_uEnergy_SDK-2.5.1\tools\lib\CSR101x_A05\libgatt_lib_ram.a(patch_uart.o)
                0x00004e33                UartConfig
 .text.UartInit
                0x00004e66       0x18 C:\CSR_uEnergy_SDK-2.5.1\tools\lib\CSR101x_A05\libgatt_lib_ram.a(patch_uart.o)
                0x00004e66                UartInit
 .text.___libgatt_lib_db_4665
                0x00004e7e       0x24 C:\CSR_uEnergy_SDK-2.5.1\tools\lib\CSR101x_A05\libgatt_lib_ram.a(patch_timer.o)
                0x00004e7e                ___libgatt_lib_db_4665
 .text.SMEncryptRawAes
                0x00004ea2        0x3 C:\CSR_uEnergy_SDK-2.5.1\tools\lib\CSR101x_A05\libgatt_lib_ram.a(patch_crypt.o)
                0x00004ea2                SMEncryptRawAes
 .text.ram_app_init
                0x00004ea5       0x31 C:\CSR_uEnergy_SDK-2.5.1\tools\lib\CSR101x_A05\libgatt_lib_ram.a(main_ram.o)
                0x00004ea5                ram_app_init
 .text.___libgatt_lib_db_4364
                0x00004ed6        0x8 C:\CSR_uEnergy_SDK-2.5.1\tools\lib\CSR101x_A05\libgatt_lib_ram.a(hw_patch_install.o)
                0x00004ed6                ___libgatt_lib_db_4364
 .text.NvmConfigureI2cEeprom
                0x00004ede       0x19 C:\CSR_uEnergy_SDK-2.5.1\tools\lib\CSR101x_A05\libgatt_lib_ram.a(patch_i2c_app_mem_mgr.o)
                0x00004ede                NvmConfigureI2cEeprom
 .text.new_write_i2c
                0x00004ef7       0x16 C:\CSR_uEnergy_SDK-2.5.1\tools\lib\CSR101x_A05\libgatt_lib_ram.a(patch_i2c_app_mem_mgr.o)
 .text.new_erase_i2c
                0x00004f0d       0x26 C:\CSR_uEnergy_SDK-2.5.1\tools\lib\CSR101x_A05\libgatt_lib_ram.a(patch_i2c_app_mem_mgr.o)
 .text.new_read_i2c
                0x00004f33       0x16 C:\CSR_uEnergy_SDK-2.5.1\tools\lib\CSR101x_A05\libgatt_lib_ram.a(patch_i2c_app_mem_mgr.o)
 .text.new_disable_i2c
                0x00004f49        0xb C:\CSR_uEnergy_SDK-2.5.1\tools\lib\CSR101x_A05\libgatt_lib_ram.a(patch_i2c_app_mem_mgr.o)
 .text.PioConfigPWM
                0x00004f54       0x2b C:\CSR_uEnergy_SDK-2.5.1\tools\lib\CSR101x_A05\libgatt_lib_ram.a(robs_pio_ram.o)
                0x00004f54                PioConfigPWM
 .text.PioSetMode
                0x00004f7f        0xb C:\CSR_uEnergy_SDK-2.5.1\tools\lib\CSR101x_A05\libgatt_lib_ram.a(robs_pio_ram.o)
                0x00004f7f                PioSetMode
 .text.BatteryReadLowThreshold
                0x00004f8a        0x3 C:\CSR_uEnergy_SDK-2.5.1\tools\lib\CSR101x_A05\libgatt_lib_ram.a(patch_battery.o)
                0x00004f8a                BatteryReadLowThreshold
 .text.IdGetLlVerBtle
                0x00004f8d        0x3 C:\CSR_uEnergy_SDK-2.5.1\tools\lib\CSR101x_A05\libgatt_lib_ram.a(id_ram.o)
                0x00004f8d                IdGetLlVerBtle
 .text.___libgatt_lib_db_4214
                0x00004f90      0x15c C:\CSR_uEnergy_SDK-2.5.1\tools\lib\CSR101x_A05\libgatt_lib_ram.a(patch_thermometer.o)
                0x00004f90                ___libgatt_lib_db_4214
 .text.___libgatt_lib_db_4568
                0x000050ec       0x10 C:\CSR_uEnergy_SDK-2.5.1\tools\lib\CSR101x_A05\libgatt_lib_ram.a(patch_ls_l2cap_if.o)
                0x000050ec                ___libgatt_lib_db_4568
 .text.___libgatt_lib_db_4569
                0x000050fc       0x12 C:\CSR_uEnergy_SDK-2.5.1\tools\lib\CSR101x_A05\libgatt_lib_ram.a(patch_ls_l2cap_if.o)
                0x000050fc                ___libgatt_lib_db_4569
 .text.___libgatt_lib_db_4576
                0x0000510e        0xe C:\CSR_uEnergy_SDK-2.5.1\tools\lib\CSR101x_A05\libgatt_lib_ram.a(patch_att_install.o)
                0x0000510e                ___libgatt_lib_db_4576
 .text.patch_att_handle_execute_write_req
                0x0000511c       0xef C:\CSR_uEnergy_SDK-2.5.1\tools\lib\CSR101x_A05\libgatt_lib_ram.a(patch_att_install.o)
 .text.patch_att_handle_read_multi_req
                0x0000520b       0xb1 C:\CSR_uEnergy_SDK-2.5.1\tools\lib\CSR101x_A05\libgatt_lib_ram.a(patch_att_install.o)
 .text.___libgatt_lib_db_4632
                0x000052bc       0x55 C:\CSR_uEnergy_SDK-2.5.1\tools\lib\CSR101x_A05\libgatt_lib_ram.a(patch_george_adv.o)
                0x000052bc                ___libgatt_lib_db_4632
 .text.___libgatt_lib_db_4633
                0x00005311       0x1a C:\CSR_uEnergy_SDK-2.5.1\tools\lib\CSR101x_A05\libgatt_lib_ram.a(patch_george_adv.o)
                0x00005311                ___libgatt_lib_db_4633
 .text.___libgatt_lib_db_4663
                0x0000532b       0x53 C:\CSR_uEnergy_SDK-2.5.1\tools\lib\CSR101x_A05\libgatt_lib_ram.a(patch_halradio.o)
                0x0000532b                ___libgatt_lib_db_4663
 .text.___libgatt_lib_db_4668
                0x0000537e       0x1d C:\CSR_uEnergy_SDK-2.5.1\tools\lib\CSR101x_A05\libgatt_lib_ram.a(patch_sleep.o)
                0x0000537e                ___libgatt_lib_db_4668
 .text.___libgatt_lib_db_4207
                0x0000539b        0xd C:\CSR_uEnergy_SDK-2.5.1\tools\lib\CSR101x_A05\libgatt_lib_ram.a(patch_reset.o)
                0x0000539b                ___libgatt_lib_db_4207
 .text.___libgatt_lib_db_4670
                0x000053a8       0x69 C:\CSR_uEnergy_SDK-2.5.1\tools\lib\CSR101x_A05\libgatt_lib_ram.a(patch_pools.o)
                0x000053a8                ___libgatt_lib_db_4670
 .text.___libgatt_lib_db_4673
                0x00005411        0xe C:\CSR_uEnergy_SDK-2.5.1\tools\lib\CSR101x_A05\libgatt_lib_ram.a(patch_background_loop.o)
                0x00005411                ___libgatt_lib_db_4673
 .text.___libgatt_lib_db_4675
                0x0000541f        0x5 C:\CSR_uEnergy_SDK-2.5.1\tools\lib\CSR101x_A05\libgatt_lib_ram.a(patch_fault.o)
                0x0000541f                ___libgatt_lib_db_4675
 .text.___libgatt_lib_db_4694
                0x00005424       0x3b C:\CSR_uEnergy_SDK-2.5.1\tools\lib\CSR101x_A05\libgatt_lib_ram.a(patch_pmu.o)
                0x00005424                ___libgatt_lib_db_4694
 .text.___libgatt_lib_db_4693
                0x0000545f       0x19 C:\CSR_uEnergy_SDK-2.5.1\tools\lib\CSR101x_A05\libgatt_lib_ram.a(patch_pmu.o)
                0x0000545f                ___libgatt_lib_db_4693
 .text.___libgatt_lib_db_4691
                0x00005478       0x1e C:\CSR_uEnergy_SDK-2.5.1\tools\lib\CSR101x_A05\libgatt_lib_ram.a(patch_pmu.o)
                0x00005478                ___libgatt_lib_db_4691
 .text.___libgatt_lib_db_4692
                0x00005496       0x2e C:\CSR_uEnergy_SDK-2.5.1\tools\lib\CSR101x_A05\libgatt_lib_ram.a(patch_pmu.o)
                0x00005496                ___libgatt_lib_db_4692
 .text.___libgatt_lib_db_4706
                0x000054c4       0x86 C:\CSR_uEnergy_SDK-2.5.1\tools\lib\CSR101x_A05\libgatt_lib_ram.a(patch_updates.o)
                0x000054c4                ___libgatt_lib_db_4706
 .text.___libgatt_lib_db_4708
                0x0000554a       0x27 C:\CSR_uEnergy_SDK-2.5.1\tools\lib\CSR101x_A05\libgatt_lib_ram.a(patch_adc.o)
                0x0000554a                ___libgatt_lib_db_4708
 *(.apptext)
 *(.apptext.*)
 *xap2crte.o(.text)
 *xap2crte.o(.text.*)
                0x00005571                PROG_APPCODE_END = .
                0x00007571                DATA_CONST_START = (DATA_RAM_START + .)
                0x00007571                . = DATA_CONST_START

.const
 *(CONST)
 *(CONST.*)
                0x00007571                DATA_CONST_END = .
                0x00007571                DATA_RODATA_START = .
                0x00007572                . = (. + 0x1)

.rodata         0x00007572      0x3c5
 *(.rodata)
 .rodata        0x00007572        0x2 depend_Release_CSR101x_A05\csr_mesh_light_gatt.o
 *(.rodata.*)
 .rodata.C.2..3417.
                0x00007574        0x3 depend_Release_CSR101x_A05\csr_mesh_light_gatt.o
 .rodata.str2.2
                0x00007577       0x31 depend_Release_CSR101x_A05\csr_mesh_light_util.o
 .rodata.MeshControlHandleAccessWrite
                0x000075a8        0x7 depend_Release_CSR101x_A05\mesh_control_service.o
 .rodata.str2.2
                0x000075af       0x70 depend_Release_CSR101x_A05\app_data_stream.o
                                 0x72 (size before relaxing)
 .rodata.str2.2
                0x0000761f       0x4e depend_Release_CSR101x_A05\app_fw_event_handler.o
 .rodata.getDurationForState
                0x0000766d        0x5 depend_Release_CSR101x_A05\app_mesh_event_handler.o
 .rodata.str2.2
                0x00007672      0x107 depend_Release_CSR101x_A05\app_mesh_event_handler.o
 .rodata.AppLightEventHandler
                0x00007779        0x8 depend_Release_CSR101x_A05\app_mesh_event_handler.o
 .rodata.str2.2
                0x00007781       0x22 ..\..\libraries\libcsrmesh.a(csr_mesh.o)
 .rodata.keyValuePairTable
                0x000077a3       0x12 ..\..\libraries\libcsrmesh.a(csr_mesh_ps_ifce.o)
 .rodata.MaspProcessMessage
                0x000077b5        0xe ..\..\libraries\libcsrmesh.a(csr_mesh_masp.o)
 .rodata.str2.2
                0x000077c3       0x14 ..\..\libraries\libcsrmesh.a(csr_mesh_masp.o)
 .rodata.g_mtl_enc_key
                0x000077d7       0x1f ..\..\libraries\libcsrmesh.a(csr_mesh_mtl.o)
 .rodata.masp_nw_iv
                0x000077f6        0x8 ..\..\libraries\libcsrmesh.a(csr_mesh_mtl.o)
 .rodata.masp_nw_key
                0x000077fe       0x10 ..\..\libraries\libcsrmesh.a(csr_mesh_mtl.o)
 .rodata.sha256_init_table
                0x0000780e       0x10 ..\..\libraries\libcsrmesh.a(csr_mesh_sha256_initialise.o)
 .rodata.sm_ad_data
                0x0000781e        0x3 ..\..\libraries\libcsrmesh.a(csr1010_scheduler.o)
 .rodata.configModelServerHandler
                0x00007821       0x10 ..\..\libraries\libcsrmesh.a(csr_mesh_config_model.o)
 .rodata.P192_p
                0x00007831        0xd ..\..\libraries\libcsrmesh.a(csr_mesh_ec_math.o)
 .rodata.P192_Gx
                0x0000783e        0xc ..\..\libraries\libcsrmesh.a(csr_mesh_ec_math.o)
 .rodata.P192_Gy
                0x0000784a        0xc ..\..\libraries\libcsrmesh.a(csr_mesh_ec_math.o)
 .rodata.P192_q
                0x00007856        0xc ..\..\libraries\libcsrmesh.a(csr_mesh_ec_math.o)
 .rodata.sha256_consts
                0x00007862       0x80 ..\..\libraries\libcsrmesh.a(csr_mesh_sha256_calc_ith_hash_val.o)
 .rodata.lightModelServerHandler
                0x000078e2        0x8 ..\..\libraries\liblight_server.a(Light_model.o)
 .rodata.powerModelServerHandler
                0x000078ea        0x5 ..\..\libraries\libpower_server.a(Power_model.o)
 .rodata.tx_power_table
                0x000078ef       0x28 C:\CSR_uEnergy_SDK-2.5.1\tools\lib\CSR101x_A05\libgatt_lib_ram.a(patch_halradiotrim.o)
                0x000078ef                ___libgatt_lib_db_4662
 .rodata.ram_build_identifier_integer
                0x00007917        0x1 C:\CSR_uEnergy_SDK-2.5.1\tools\lib\CSR101x_A05\libgatt_lib_ram.a(id_ram.o)
                0x00007917                ram_build_identifier_integer
 .rodata.ram_build_identifier_string
                0x00007918       0x16 C:\CSR_uEnergy_SDK-2.5.1\tools\lib\CSR101x_A05\libgatt_lib_ram.a(id_ram.o)
                0x00007918                ram_build_identifier_string
 .rodata.slut_extended
                0x0000792e        0x9 C:\CSR_uEnergy_SDK-2.5.1\tools\lib\CSR101x_A05\libgatt_lib_ram.a(slut.o)
                0x0000792e                ___libgatt_lib_db_4710
                0x00007937                DATA_RODATA_END = .

.bss            0x00007938      0x958
                0x00007938                DATA_BSS_APP_START = .
 *(.bss)
 .bss           0x00007938        0x3 C:\CSR_uEnergy_SDK-2.5.1\tools\lib\CSR101x_A05\libgatt_lib_ram.a(patch_sm.o)
                0x00007938                sm_security_started
 .bss           0x0000793b        0x1 C:\CSR_uEnergy_SDK-2.5.1\tools\lib\CSR101x_A05\libgatt_lib_ram.a(patch_sm_l2cap.o)
 *(.bss.*)
 .bss.app_timers
                0x0000793c       0x5a depend_Release_CSR101x_A05\csr_mesh_light.o
 .bss.data_transfer_data_length
                0x00007996        0x1 depend_Release_CSR101x_A05\csr_ota_service.o
 .bss.data_transfer_memory
                0x00007997       0x14 depend_Release_CSR101x_A05\csr_ota_service.o
 .bss.data_transfer_configuration
                0x000079ab        0x2 depend_Release_CSR101x_A05\csr_ota_service.o
 .bss.ota_serv_data
                0x000079ad        0x1 depend_Release_CSR101x_A05\csr_ota_service.o
 .bss.g_gap_data
                0x000079ae        0x3 depend_Release_CSR101x_A05\gap_service.o
 .bss.g_gatt_data
                0x000079b1        0x1 depend_Release_CSR101x_A05\gatt_service.o
 .bss.tx_stream_offset
                0x000079b2        0x1 depend_Release_CSR101x_A05\app_data_stream.o
 .bss.stream_send_retry_count
                0x000079b3        0x1 depend_Release_CSR101x_A05\app_data_stream.o
 .bss.stream_send_retry_tid
                0x000079b4        0x1 depend_Release_CSR101x_A05\app_data_stream.o
 .bss.rx_stream_offset
                0x000079b5        0x1 depend_Release_CSR101x_A05\app_data_stream.o
 .bss.rx_stream_in_progress
                0x000079b6        0x1 depend_Release_CSR101x_A05\app_data_stream.o
 .bss.device_info
                0x000079b7      0x100 depend_Release_CSR101x_A05\app_data_stream.o
 .bss.device_info_length
                0x00007ab7        0x1 depend_Release_CSR101x_A05\app_data_stream.o
 .bss.app_stream_state
                0x00007ab8        0x7 depend_Release_CSR101x_A05\app_data_stream.o
 .bss.rx_stream_timeout_tid
                0x00007abf        0x1 depend_Release_CSR101x_A05\app_data_stream.o
 .bss.current_stream_code
                0x00007ac0        0x1 depend_Release_CSR101x_A05\app_data_stream.o
 .bss.unpackedData
                0x00007ac1       0x1f depend_Release_CSR101x_A05\app_fw_event_handler.o
 .bss.rx_ttl    0x00007ae0        0x1 depend_Release_CSR101x_A05\app_fw_event_handler.o
 .bss.attn_tid  0x00007ae1        0x1 depend_Release_CSR101x_A05\app_mesh_event_handler.o
 .bss.g_trans_data
                0x00007ae2       0x15 depend_Release_CSR101x_A05\app_mesh_event_handler.o
 .bss.bearerReady
                0x00007af7        0x1 ..\..\libraries\libcsrmesh.a(csr_mesh_bearer_porting.o)
 .bss.rssiOfCurrentMessage
                0x00007af8        0x1 ..\..\libraries\libcsrmesh.a(csr_mesh_bearer_porting.o)
 .bss.tx_mesg_queue
                0x00007af9       0x81 ..\..\libraries\libcsrmesh.a(csr_mesh_bearer_porting_util.o)
 .bss.g_mesh_nvm_data
                0x00007b7a        0x2 ..\..\libraries\libcsrmesh.a(csr_mesh_nvm.o)
 .bss.g_masp_data
                0x00007b7c       0x61 ..\..\libraries\libcsrmesh.a(csr_mesh_masp.o)
 .bss.g_mcp_data
                0x00007bdd       0x24 ..\..\libraries\libcsrmesh.a(csr_mesh_mcp.o)
 .bss.g_mtl_data
                0x00007c01      0x22c ..\..\libraries\libcsrmesh.a(csr_mesh_mtl.o)
 .bss.sha256_hmac_priv_context
                0x00007e2d       0x62 ..\..\libraries\libcsrmesh.a(csr_mesh_sha256_hmac.o)
 .bss.unpacked_tx_buffer
                0x00007e8f       0x1f ..\..\libraries\libcsrmesh.a(csr1010_scheduler.o)
 .bss.g_scheduler_data
                0x00007eae       0x6e ..\..\libraries\libcsrmesh.a(csr1010_scheduler.o)
 .bss.g_bearer_model_data
                0x00007f1c        0x6 ..\..\libraries\libcsrmesh.a(csr_mesh_bearer_model.o)
 .bss.g_config_model_data
                0x00007f22       0x27 ..\..\libraries\libcsrmesh.a(csr_mesh_config_model.o)
 .bss.g_ec_stack
                0x00007f49      0x1a1 ..\..\libraries\libcsrmesh.a(csr_mesh_ec_alloc.o)
 .bss.g_group_model_data
                0x000080ea        0x6 ..\..\libraries\libcsrmesh.a(csr_mesh_group_model.o)
 .bss.g_light_model_data
                0x000080f0        0x7 ..\..\libraries\liblight_server.a(Light_model.o)
 .bss.g_power_model_data
                0x000080f7        0x7 ..\..\libraries\libpower_server.a(Power_model.o)
 .bss.g_attention_model_data
                0x000080fe        0x7 ..\..\libraries\libattention_server.a(Attention_model.o)
 .bss.g_data_model_data
                0x00008105        0x7 ..\..\libraries\libdata_server.a(Data_model.o)
 .bss.g_data_client_data
                0x0000810c        0x3 ..\..\libraries\libdata_client.a(Data_client.o)
 .bss.g_battery_model_data
                0x0000810f        0x7 ..\..\libraries\libbattery_server.a(Battery_model.o)
 .bss.shared_data_location
                0x00008116        0x1 C:\CSR_uEnergy_SDK-2.5.1\tools\lib\otau\libotau_eeprom.a(csr_ota.o)
 .bss.conn_min_interval
                0x00008117        0x1 C:\CSR_uEnergy_SDK-2.5.1\tools\lib\otau\libotau_eeprom.a(csr_ota.o)
 .bss.conn_max_interval
                0x00008118        0x1 C:\CSR_uEnergy_SDK-2.5.1\tools\lib\otau\libotau_eeprom.a(csr_ota.o)
 .bss.conn_latency
                0x00008119        0x1 C:\CSR_uEnergy_SDK-2.5.1\tools\lib\otau\libotau_eeprom.a(csr_ota.o)
 .bss.conn_timeout
                0x0000811a        0x1 C:\CSR_uEnergy_SDK-2.5.1\tools\lib\otau\libotau_eeprom.a(csr_ota.o)
 .bss.eepromWp  0x0000811b        0x1 C:\CSR_uEnergy_SDK-2.5.1\tools\lib\otau\libotau_eeprom.a(eeprom.o)
 .bss.__PATCH__ZERO_
                0x0000811c        0x1 C:\CSR_uEnergy_SDK-2.5.1\tools\lib\CSR101x_A05\libgatt_lib_ram.a(patch_ls_advertising_if.o)
 .bss.__PATCH__ZERO_
                0x0000811d        0x1 C:\CSR_uEnergy_SDK-2.5.1\tools\lib\CSR101x_A05\libgatt_lib_ram.a(patch_l2cap.o)
 .bss.uart_rx_buffer
                0x0000811e       0x40 C:\CSR_uEnergy_SDK-2.5.1\tools\lib\CSR101x_A05\libgatt_lib_ram.a(debug.o)
 .bss.uart_tx_buffer
                0x0000815e       0x40 C:\CSR_uEnergy_SDK-2.5.1\tools\lib\CSR101x_A05\libgatt_lib_ram.a(debug.o)
 .bss.patch_pending
                0x0000819e        0x1 C:\CSR_uEnergy_SDK-2.5.1\tools\lib\CSR101x_A05\libgatt_lib_ram.a(patch_george.o)
                0x0000819e                patch_pending
 .bss.patch_rx_timing_report
                0x0000819f        0x1 C:\CSR_uEnergy_SDK-2.5.1\tools\lib\CSR101x_A05\libgatt_lib_ram.a(patch_george.o)
                0x0000819f                patch_rx_timing_report
 .bss.patch_pending_mode
                0x000081a0        0x1 C:\CSR_uEnergy_SDK-2.5.1\tools\lib\CSR101x_A05\libgatt_lib_ram.a(patch_george.o)
                0x000081a0                patch_pending_mode
 .bss.__PATCH__ZERO_
                0x000081a1        0x1 C:\CSR_uEnergy_SDK-2.5.1\tools\lib\CSR101x_A05\libgatt_lib_ram.a(patch_george.o)
 .bss.__PATCH__ZERO_
                0x000081a2        0x1 C:\CSR_uEnergy_SDK-2.5.1\tools\lib\CSR101x_A05\libgatt_lib_ram.a(patch_halradiotrim.o)
 .bss.tx_power_table_entry
                0x000081a3        0x1 C:\CSR_uEnergy_SDK-2.5.1\tools\lib\CSR101x_A05\libgatt_lib_ram.a(patch_halradiotrim.o)
 .bss.__PATCH__ZERO_
                0x000081a4        0x1 C:\CSR_uEnergy_SDK-2.5.1\tools\lib\CSR101x_A05\libgatt_lib_ram.a(patch_uart.o)
 .bss.uart_sb_timer_id
                0x000081a5        0x1 C:\CSR_uEnergy_SDK-2.5.1\tools\lib\CSR101x_A05\libgatt_lib_ram.a(patch_uart.o)
 .bss.uart_sb_timeout
                0x000081a6        0x2 C:\CSR_uEnergy_SDK-2.5.1\tools\lib\CSR101x_A05\libgatt_lib_ram.a(patch_uart.o)
 .bss.__PATCH__ZERO_
                0x000081a8        0x1 C:\CSR_uEnergy_SDK-2.5.1\tools\lib\CSR101x_A05\libgatt_lib_ram.a(patch_timer.o)
 .bss.erase_chunk.5653.
                0x000081a9       0x10 C:\CSR_uEnergy_SDK-2.5.1\tools\lib\CSR101x_A05\libgatt_lib_ram.a(patch_i2c_app_mem_mgr.o)
 .bss.enable_lo_offset_adc_update
                0x000081b9        0x1 C:\CSR_uEnergy_SDK-2.5.1\tools\lib\CSR101x_A05\libgatt_lib_ram.a(patch_thermometer.o)
                0x000081b9                enable_lo_offset_adc_update
 .bss.__PATCH__ZERO_
                0x000081ba        0x1 C:\CSR_uEnergy_SDK-2.5.1\tools\lib\CSR101x_A05\libgatt_lib_ram.a(patch_thermometer.o)
 .bss.__PATCH__ZERO_
                0x000081bb        0x1 C:\CSR_uEnergy_SDK-2.5.1\tools\lib\CSR101x_A05\libgatt_lib_ram.a(patch_ls_l2cap_if.o)
 .bss.__PATCH__ZERO_
                0x000081bc        0x1 C:\CSR_uEnergy_SDK-2.5.1\tools\lib\CSR101x_A05\libgatt_lib_ram.a(patch_pmu.o)
 .bss.__PATCH__ZERO_
                0x000081bd        0x1 C:\CSR_uEnergy_SDK-2.5.1\tools\lib\CSR101x_A05\libgatt_lib_ram.a(patch_updates.o)
 COMMON         0x000081be       0x51 depend_Release_CSR101x_A05\csr_mesh_light.o
                0x000081be                g_lightapp_data
                0x000081ff                data_model_groups
                0x00008203                light_model_groups
                0x00008207                power_model_groups
                0x0000820b                attention_model_groups
 COMMON         0x0000820f       0x3e depend_Release_CSR101x_A05\csr_mesh_light_gatt.o
                0x0000820f                ad_data
                0x0000822e                scan_rsp_data
 COMMON         0x0000824d       0x1d depend_Release_CSR101x_A05\mesh_control_service.o
                0x0000824d                g_mesh_svc_data
 COMMON         0x0000826a        0xa ..\..\libraries\libcsrmesh.a(csr_mesh.o)
                0x0000826a                g_mesh_data
 COMMON         0x00008274        0xe ..\..\libraries\libcsrmesh.a(csr_mesh_bearer_porting.o)
                0x00008274                g_le_bearer_data
                0x0000827b                g_gatt_bearer_data
 COMMON         0x00008282        0x8 ..\..\libraries\libcsrmesh.a(csr_mesh_masp_mcp_common.o)
                0x00008282                g_device_hash
 COMMON         0x0000828a        0x2 C:\CSR_uEnergy_SDK-2.5.1\tools\lib\CSR101x_A05\libgatt_lib_ram.a(patch_sm.o)
                0x0000828a                sm_long_term_key_ind
                0x0000828b                sm_pairing_auth_ind
 COMMON         0x0000828c        0x1 C:\CSR_uEnergy_SDK-2.5.1\tools\lib\CSR101x_A05\libgatt_lib_ram.a(patch_george.o)
                0x0000828c                enable_lowduty_directed_adv
 COMMON         0x0000828d        0x3 C:\CSR_uEnergy_SDK-2.5.1\tools\lib\CSR101x_A05\libgatt_lib_ram.a(patch_george_ll.o)
                0x0000828d                george_earliest_transmit_offset
                0x00008290                DATA_BSS_APP_END = .
                0x00000958                BSS_APP_SIZE = (DATA_BSS_APP_END - DATA_BSS_APP_START)

.data           0x00008290      0x144
                0x00008290                DATA_DATA_START = .
 *(.data)
 *(.data.*)
 .data.gattDatabase
                0x00008290       0xcb depend_Release_CSR101x_A05\app_gatt_db.o
                0x00008290                gattDatabase
 .data.mesh_ad_data
                0x0000835b        0x3 depend_Release_CSR101x_A05\csr_mesh_light_util.o
                0x0000835b                mesh_ad_data
 .data.appearance
                0x0000835e        0xd depend_Release_CSR101x_A05\csr_mesh_light_util.o
                0x0000835e                appearance
 .data.g_device_name
                0x0000836b       0x17 depend_Release_CSR101x_A05\gap_service.o
                0x0000836b                g_device_name
 .data.vid_pid_info
                0x00008382        0x4 depend_Release_CSR101x_A05\app_mesh_event_handler.o
                0x00008382                vid_pid_info
 .data.ad_flags
                0x00008386        0x1 C:\CSR_uEnergy_SDK-2.5.1\tools\lib\CSR101x_A05\libgatt_lib_ram.a(patch_ls_advertising_if.o)
 .data.pending_pdu_acks
                0x00008387        0x1 C:\CSR_uEnergy_SDK-2.5.1\tools\lib\CSR101x_A05\libgatt_lib_ram.a(patch_george_ll.o)
                0x00008387                ___libgatt_lib_db_4628
 .data.tgap_con_param_update
                0x00008388        0x1 C:\CSR_uEnergy_SDK-2.5.1\tools\lib\CSR101x_A05\libgatt_lib_ram.a(patch_timer.o)
                0x00008388                ___libgatt_lib_db_4667
 .data.new_i2c_device_address
                0x00008389        0x1 C:\CSR_uEnergy_SDK-2.5.1\tools\lib\CSR101x_A05\libgatt_lib_ram.a(patch_i2c_app_mem_mgr.o)
 .data.lo_offset_adc_update_temp
                0x0000838a        0x1 C:\CSR_uEnergy_SDK-2.5.1\tools\lib\CSR101x_A05\libgatt_lib_ram.a(patch_thermometer.o)
 .data.xtal_trim_temp
                0x0000838b        0x1 C:\CSR_uEnergy_SDK-2.5.1\tools\lib\CSR101x_A05\libgatt_lib_ram.a(patch_thermometer.o)
 .data.patch_table_data
                0x0000838c       0x48 C:\CSR_uEnergy_SDK-2.5.1\tools\lib\CSR101x_A05\libgatt_lib_ram.a(sw_patch_ram.o)
                0x0000838c                ___libgatt_lib_db_4542
                0x000083d4                DATA_DATA_END = .
                0x0000ef80                . = DATA_PERSIST_START

PERSIST_MEM
 *(PERSIST_MEM)
 *(PERSIST_MEM.*)
                0x0000ef80                DATA_PERSIST_MEM_END = .
                0x00009f84                . = DATA_CSTORE_START

CONFIG_STORE    0x00009f84       0x4b
 *(CONFIG_STORE)
 CONFIG_STORE   0x00009f84       0x4b C:\CSR_uEnergy_SDK-2.5.1\tools\lib\CSR101x_A05\libgatt_lib_ram.a(CONFIG_STORE.o)
                0x00009f84                ___libgatt_lib_db_4269
 *(CONFIG_STORE.*)
                0x00009fcf                DATA_CSTORE_END = .
                0x0000004b                CS_SIZE = (DATA_CSTORE_END - DATA_CSTORE_START)
                0x00009fdc                . = ((DATA_RAM_END - PRESERVE_SIZE) - SLT_SIZE)

SLT             0x00009fdc        0x4
                0x00009fdc                SLT_START = .
 *(SLT)
 SLT            0x00009fdc        0x4 C:\CSR_uEnergy_SDK-2.5.1\tools\lib\CSR101x_A05\libgatt_lib_ram.a(slut.o)
                0x00009fdc                slut
 *(SLT.*)

.preserved      0x00009fe0        0x0
                0x00009fe0                PRESERVED_START = .
 *(PRES_DATA)
 *(PRES_DATA.*)
                0x00009f84                STACK_END = DATA_CSTORE_START
                0x00009c84                . = ((STACK_END - ISTACK_SIZE) - USTACK_SIZE)

.stack          0x00009c84      0x300
                0x00009c84                STACK_START = .
                0x00009c84                USTACK_START = .
                0x00009e84                USTACK_END = (USTACK_START + USTACK_SIZE)
 *(USTACK)
 *(USTACK.*)
                0x00009e84                . = USTACK_END
 *fill*         0x00009c84      0x400 00
                0x00009e84                ISTACK_START = .
                0x00009f84                ISTACK_END = (ISTACK_START + ISTACK_SIZE)
 *(ISTACK)
 *(ISTACK.*)
                0x00009f84                . = ISTACK_END
 *fill*         0x00009e84      0x200 00
                0x00009c84                ALIGNED_DATA_END = STACK_START
                0x00009950                . = (((ALIGNED_DATA_END - RADIODATA_SIZE) - WHITELIST_SIZE) - RADIOBUFS_SIZE)

.aligned_data   0x00009950      0x334
                0x00009950                ALIGNED_DATA_START = .
                0x00009950                DATA_RADIOBUFS_START = .
 *(RADINITTBL)
                0x00009b00                . = (ALIGNED_DATA_START + RADIOBUFS_SIZE)
 *fill*         0x00009950      0x360 00
                0x00009b00                DATA_WHITELIST_START = .
                0x00009b20                . = (DATA_WHITELIST_START + WHITELIST_SIZE)
 *fill*         0x00009b00       0x40 00
 *(.romradiodata)
 .romradiodata  0x00009b20      0x164 C:\CSR_uEnergy_SDK-2.5.1\tools\lib\CSR101x_A05\libgatt_lib_ram.a(.romradiodata.o)
                0x00009b20                DATA_TIMERSTRUCT_START
                0x00009b80                ___libgatt_lib_db_4171
                0x00009b20                ___libgatt_lib_db_4173
                0x00009b80                DATA_RCLUTS_START
                0x00009c84                ALIGN_END_ACTUAL = .
                0x00000001                ASSERT ((DATA_APPDATA_END > DATA_DATA_END), RAM DATA exceeds limit.)
LOAD c:/csr_uenergy_sdk-2.5.1/tools/bin/../lib/gcc/xap-local-xap/4.3.4\libgcc.a
OUTPUT(depend_Release_CSR101x_A05\CSRmeshLight.elf elf32-xap2)

.debug_abbrev   0x00000000      0xc6d
 .debug_abbrev  0x00000000       0x46 depend_Release_CSR101x_A05\app_gatt_db.o
 .debug_abbrev  0x0000008b       0x67 depend_Release_CSR101x_A05\csr_mesh_light_hw.o
 .debug_abbrev  0x00000158      0x13f depend_Release_CSR101x_A05\csr_mesh_light.o
 .debug_abbrev  0x000003d5      0x153 depend_Release_CSR101x_A05\csr_mesh_light_gatt.o
 .debug_abbrev  0x0000067a      0x114 depend_Release_CSR101x_A05\csr_mesh_light_util.o
 .debug_abbrev  0x000008a2      0x105 depend_Release_CSR101x_A05\csr_ota_service.o
 .debug_abbrev  0x00000aac       0x14 depend_Release_CSR101x_A05\fast_pwm.o
 .debug_abbrev  0x00000ad4       0xdb depend_Release_CSR101x_A05\gap_service.o
 .debug_abbrev  0x00000c89       0xc7 depend_Release_CSR101x_A05\gatt_service.o
 .debug_abbrev  0x00000e17       0x6a depend_Release_CSR101x_A05\iot_hw.o
 .debug_abbrev  0x00000eeb       0xce depend_Release_CSR101x_A05\mesh_control_service.o
 .debug_abbrev  0x00001087       0x64 depend_Release_CSR101x_A05\nvm_access.o
 .debug_abbrev  0x0000114f      0x13c depend_Release_CSR101x_A05\app_data_stream.o
 .debug_abbrev  0x000013c7       0x6a depend_Release_CSR101x_A05\battery_hw.o
 .debug_abbrev  0x0000149b       0xe8 depend_Release_CSR101x_A05\app_fw_event_handler.o
 .debug_abbrev  0x0000166a      0x138 depend_Release_CSR101x_A05\app_mesh_event_handler.o

.debug_info     0x00000000     0x7136
 .debug_info    0x00000000       0x5f depend_Release_CSR101x_A05\app_gatt_db.o
 .debug_info    0x000000be       0xf7 depend_Release_CSR101x_A05\csr_mesh_light_hw.o
 .debug_info    0x000002ac     0x17ed depend_Release_CSR101x_A05\csr_mesh_light.o
 .debug_info    0x00003285      0xd18 depend_Release_CSR101x_A05\csr_mesh_light_gatt.o
 .debug_info    0x00004cb5      0x696 depend_Release_CSR101x_A05\csr_mesh_light_util.o